###############################################################################
#
# IAR ELF Linker V9.40.1.364/W64 for ARM                  11/Apr/2026  21:55:15
# Copyright 2007-2023 IAR Systems AB.
#
#    Output file  =
#        C:\Users\xsj20\21smartcar_WheelLeg\project\iar\project_config\Debug_m7_0\Exe\cyt4bb7_cm_7_0.out
#    Map file     =
#        C:\Users\xsj20\21smartcar_WheelLeg\project\iar\Debug_m7_0\List\cyt4bb7_cm_7_0.map
#    Command line =
#        -f
#        C:\Users\xsj20\21smartcar_WheelLeg\project\iar\project_config\Debug_m7_0\Exe\cyt4bb7_cm_7_0.out.rsp
#        (C:\Users\xsj20\21smartcar_WheelLeg\project\iar\Debug_m7_0\Obj\JBD_OLED_17930871203713349585.dir\CH455.o
#        C:\Users\xsj20\21smartcar_WheelLeg\project\iar\Debug_m7_0\Obj\user_8514941877209965082.dir\cm7_0_isr.o
#        C:\Users\xsj20\21smartcar_WheelLeg\project\iar\Debug_m7_0\Obj\code_17896468042025673432.dir\Compute.o
#        C:\Users\xsj20\21smartcar_WheelLeg\project\iar\Debug_m7_0\Obj\code_17896468042025673432.dir\control.o
#        C:\Users\xsj20\21smartcar_WheelLeg\project\iar\Debug_m7_0\Obj\adc_11722776235721520015.dir\cy_adc.o
#        C:\Users\xsj20\21smartcar_WheelLeg\project\iar\Debug_m7_0\Obj\button_4990804375159372270.dir\cy_button.o
#        C:\Users\xsj20\21smartcar_WheelLeg\project\iar\Debug_m7_0\Obj\canfd_1800690984773873875.dir\cy_canfd.o
#        C:\Users\xsj20\21smartcar_WheelLeg\project\iar\Debug_m7_0\Obj\cpu_15938736945165268644.dir\cy_cpu.o
#        C:\Users\xsj20\21smartcar_WheelLeg\project\iar\Debug_m7_0\Obj\crypto_1190170608956581615.dir\cy_crypto_config.o
#        C:\Users\xsj20\21smartcar_WheelLeg\project\iar\Debug_m7_0\Obj\eth_phy_18133017486186456677.dir\cy_dp83867.o
#        C:\Users\xsj20\21smartcar_WheelLeg\project\iar\Debug_m7_0\Obj\ethernet_6029839089178797009.dir\cy_ethif.o
#        C:\Users\xsj20\21smartcar_WheelLeg\project\iar\Debug_m7_0\Obj\evtgen_3404189088603873129.dir\cy_evtgen.o
#        C:\Users\xsj20\21smartcar_WheelLeg\project\iar\Debug_m7_0\Obj\flash_8529866181315662935.dir\cy_flash.o
#        C:\Users\xsj20\21smartcar_WheelLeg\project\iar\Debug_m7_0\Obj\gpio_3999404635324069351.dir\cy_gpio.o
#        C:\Users\xsj20\21smartcar_WheelLeg\project\iar\Debug_m7_0\Obj\audioss_1346650047966882938.dir\cy_i2s.o
#        C:\Users\xsj20\21smartcar_WheelLeg\project\iar\Debug_m7_0\Obj\rev_b_6162237342861132223.dir\cy_interrupt_map.o
#        C:\Users\xsj20\21smartcar_WheelLeg\project\iar\Debug_m7_0\Obj\ipc_10145506163450686023.dir\cy_ipc_drv.o
#        C:\Users\xsj20\21smartcar_WheelLeg\project\iar\Debug_m7_0\Obj\ipc_10145506163450686023.dir\cy_ipc_pipe.o
#        C:\Users\xsj20\21smartcar_WheelLeg\project\iar\Debug_m7_0\Obj\ipc_10145506163450686023.dir\cy_ipc_sema.o
#        C:\Users\xsj20\21smartcar_WheelLeg\project\iar\Debug_m7_0\Obj\lin_18429031207028094880.dir\cy_lin.o
#        C:\Users\xsj20\21smartcar_WheelLeg\project\iar\Debug_m7_0\Obj\lvd_6353935867039560245.dir\cy_lvd.o
#        C:\Users\xsj20\21smartcar_WheelLeg\project\iar\Debug_m7_0\Obj\mcwdt_4052485907822033969.dir\cy_mcwdt.o
#        C:\Users\xsj20\21smartcar_WheelLeg\project\iar\Debug_m7_0\Obj\dma_12106025507578611576.dir\cy_mdma.o
#        C:\Users\xsj20\21smartcar_WheelLeg\project\iar\Debug_m7_0\Obj\mpu_5663187252346826382.dir\cy_mpu.o
#        C:\Users\xsj20\21smartcar_WheelLeg\project\iar\Debug_m7_0\Obj\flash_864493325053435817.dir\cy_mw_flash.o
#        C:\Users\xsj20\21smartcar_WheelLeg\project\iar\Debug_m7_0\Obj\dma_12106025507578611576.dir\cy_pdma.o
#        C:\Users\xsj20\21smartcar_WheelLeg\project\iar\Debug_m7_0\Obj\power_14453085144426420577.dir\cy_power.o
#        C:\Users\xsj20\21smartcar_WheelLeg\project\iar\Debug_m7_0\Obj\prot_10722960861768657883.dir\cy_prot.o
#        C:\Users\xsj20\21smartcar_WheelLeg\project\iar\Debug_m7_0\Obj\scb_15490842639181808494.dir\cy_scb_common.o
#        C:\Users\xsj20\21smartcar_WheelLeg\project\iar\Debug_m7_0\Obj\scb_15490842639181808494.dir\cy_scb_ezi2c.o
#        C:\Users\xsj20\21smartcar_WheelLeg\project\iar\Debug_m7_0\Obj\scb_15490842639181808494.dir\cy_scb_i2c.o
#        C:\Users\xsj20\21smartcar_WheelLeg\project\iar\Debug_m7_0\Obj\scb_15490842639181808494.dir\cy_scb_spi.o
#        C:\Users\xsj20\21smartcar_WheelLeg\project\iar\Debug_m7_0\Obj\scb_15490842639181808494.dir\cy_scb_uart.o
#        C:\Users\xsj20\21smartcar_WheelLeg\project\iar\Debug_m7_0\Obj\sd_host_2982766354293506895.dir\cy_sd_host.o
#        C:\Users\xsj20\21smartcar_WheelLeg\project\iar\Debug_m7_0\Obj\semihosting_143864889731838620.dir\cy_semihosting.o
#        C:\Users\xsj20\21smartcar_WheelLeg\project\iar\Debug_m7_0\Obj\smartio_5451710003740070188.dir\cy_smartio.o
#        C:\Users\xsj20\21smartcar_WheelLeg\project\iar\Debug_m7_0\Obj\smif_427648126384146252.dir\cy_smif.o
#        C:\Users\xsj20\21smartcar_WheelLeg\project\iar\Debug_m7_0\Obj\smif_mem_6470536964353725183.dir\cy_smif_device_common.o
#        C:\Users\xsj20\21smartcar_WheelLeg\project\iar\Debug_m7_0\Obj\smif_mem_6470536964353725183.dir\cy_smif_hb_flash.o
#        C:\Users\xsj20\21smartcar_WheelLeg\project\iar\Debug_m7_0\Obj\smif_427648126384146252.dir\cy_smif_memslot.o
#        C:\Users\xsj20\21smartcar_WheelLeg\project\iar\Debug_m7_0\Obj\smif_mem_6470536964353725183.dir\cy_smif_s25fl.o
#        C:\Users\xsj20\21smartcar_WheelLeg\project\iar\Debug_m7_0\Obj\smif_mem_6470536964353725183.dir\cy_smif_s25fs.o
#        C:\Users\xsj20\21smartcar_WheelLeg\project\iar\Debug_m7_0\Obj\smif_mem_6470536964353725183.dir\cy_smif_semp.o
#        C:\Users\xsj20\21smartcar_WheelLeg\project\iar\Debug_m7_0\Obj\smif_427648126384146252.dir\cy_smif_ver_specific.o
#        C:\Users\xsj20\21smartcar_WheelLeg\project\iar\Debug_m7_0\Obj\srom_13018798572330080582.dir\cy_srom.o
#        C:\Users\xsj20\21smartcar_WheelLeg\project\iar\Debug_m7_0\Obj\sw_timer_4215635015939382130.dir\cy_sw_tmr.o
#        C:\Users\xsj20\21smartcar_WheelLeg\project\iar\Debug_m7_0\Obj\sysclk_16149231235676103872.dir\cy_sysclk.o
#        C:\Users\xsj20\21smartcar_WheelLeg\project\iar\Debug_m7_0\Obj\sysflt_12293435975120599261.dir\cy_sysflt.o
#        C:\Users\xsj20\21smartcar_WheelLeg\project\iar\Debug_m7_0\Obj\sysint_7435970359207984181.dir\cy_sysint.o
#        C:\Users\xsj20\21smartcar_WheelLeg\project\iar\Debug_m7_0\Obj\syslib_16330585751512546975.dir\cy_syslib.o
#        C:\Users\xsj20\21smartcar_WheelLeg\project\iar\Debug_m7_0\Obj\syslib_16330585751512546975.dir\cy_syslib_iar.o
#        C:\Users\xsj20\21smartcar_WheelLeg\project\iar\Debug_m7_0\Obj\syspm_10887939769544754770.dir\cy_syspm.o
#        C:\Users\xsj20\21smartcar_WheelLeg\project\iar\Debug_m7_0\Obj\sysreghc_17676636058511625587.dir\cy_sysreghc.o
#        C:\Users\xsj20\21smartcar_WheelLeg\project\iar\Debug_m7_0\Obj\sysreset_14586141425677365288.dir\cy_sysreset.o
#        C:\Users\xsj20\21smartcar_WheelLeg\project\iar\Debug_m7_0\Obj\sysrtc_10747768817563771611.dir\cy_sysrtc.o
#        C:\Users\xsj20\21smartcar_WheelLeg\project\iar\Debug_m7_0\Obj\systick_16016591671695740695.dir\cy_systick.o
#        C:\Users\xsj20\21smartcar_WheelLeg\project\iar\Debug_m7_0\Obj\syswdt_9118657615806274156.dir\cy_syswdt.o
#        C:\Users\xsj20\21smartcar_WheelLeg\project\iar\Debug_m7_0\Obj\tcpwm_422923530147891246.dir\cy_tcpwm.o
#        C:\Users\xsj20\21smartcar_WheelLeg\project\iar\Debug_m7_0\Obj\tcpwm_422923530147891246.dir\cy_tcpwm_counter.o
#        C:\Users\xsj20\21smartcar_WheelLeg\project\iar\Debug_m7_0\Obj\tcpwm_422923530147891246.dir\cy_tcpwm_pwm.o
#        C:\Users\xsj20\21smartcar_WheelLeg\project\iar\Debug_m7_0\Obj\tcpwm_422923530147891246.dir\cy_tcpwm_quaddec.o
#        C:\Users\xsj20\21smartcar_WheelLeg\project\iar\Debug_m7_0\Obj\tcpwm_422923530147891246.dir\cy_tcpwm_sr.o
#        C:\Users\xsj20\21smartcar_WheelLeg\project\iar\Debug_m7_0\Obj\trigmux_9729677290734583340.dir\cy_trigmux.o
#        C:\Users\xsj20\21smartcar_WheelLeg\project\iar\Debug_m7_0\Obj\ethernet_6029839089178797009.dir\edd.o
#        C:\Users\xsj20\21smartcar_WheelLeg\project\iar\Debug_m7_0\Obj\ethernet_6029839089178797009.dir\edd_rx.o
#        C:\Users\xsj20\21smartcar_WheelLeg\project\iar\Debug_m7_0\Obj\ethernet_6029839089178797009.dir\edd_tx.o
#        C:\Users\xsj20\21smartcar_WheelLeg\project\iar\Debug_m7_0\Obj\Element_10143943319297899650.dir\Element.o
#        C:\Users\xsj20\21smartcar_WheelLeg\project\iar\Debug_m7_0\Obj\code_17896468042025673432.dir\fun.o
#        C:\Users\xsj20\21smartcar_WheelLeg\project\iar\Debug_m7_0\Obj\JBD_OLED_17930871203713349585.dir\IIC.o
#        C:\Users\xsj20\21smartcar_WheelLeg\project\iar\Debug_m7_0\Obj\code_17896468042025673432.dir\init.o
#        C:\Users\xsj20\21smartcar_WheelLeg\project\iar\Debug_m7_0\Obj\JBD_IMU_13254844613604958863.dir\MahonyAHRS.o
#        C:\Users\xsj20\21smartcar_WheelLeg\project\iar\Debug_m7_0\Obj\user_8514941877209965082.dir\main_cm7_0.o
#        C:\Users\xsj20\21smartcar_WheelLeg\project\iar\Debug_m7_0\Obj\JBD_MAP_387659158335041870.dir\Map.o
#        C:\Users\xsj20\21smartcar_WheelLeg\project\iar\Debug_m7_0\Obj\JBD_OLED_17930871203713349585.dir\OLEDFun.o
#        C:\Users\xsj20\21smartcar_WheelLeg\project\iar\Debug_m7_0\Obj\JBD_OLED_17930871203713349585.dir\OLEDKeyboard.o
#        C:\Users\xsj20\21smartcar_WheelLeg\project\iar\Debug_m7_0\Obj\code_17896468042025673432.dir\pid.o
#        C:\Users\xsj20\21smartcar_WheelLeg\project\iar\Debug_m7_0\Obj\zf_components_14936052685886095442.dir\seekfree_assistant.o
#        C:\Users\xsj20\21smartcar_WheelLeg\project\iar\Debug_m7_0\Obj\zf_components_14936052685886095442.dir\seekfree_assistant_interface.o
#        C:\Users\xsj20\21smartcar_WheelLeg\project\iar\Debug_m7_0\Obj\code_17896468042025673432.dir\small_driver_uart_control.o
#        C:\Users\xsj20\21smartcar_WheelLeg\project\iar\Debug_m7_0\Obj\JBD_OLED_17930871203713349585.dir\ssd1306.o
#        C:\Users\xsj20\21smartcar_WheelLeg\project\iar\Debug_m7_0\Obj\startup_479057977785470282.dir\startup.o
#        C:\Users\xsj20\21smartcar_WheelLeg\project\iar\Debug_m7_0\Obj\startup_479057977785470282.dir\startup_cm7.o
#        C:\Users\xsj20\21smartcar_WheelLeg\project\iar\Debug_m7_0\Obj\rev_b_4986922561640112550.dir\system_tviibh4m_cm7.o
#        C:\Users\xsj20\21smartcar_WheelLeg\project\iar\Debug_m7_0\Obj\zf_common_1201165462030747823.dir\zf_common_clock.o
#        C:\Users\xsj20\21smartcar_WheelLeg\project\iar\Debug_m7_0\Obj\zf_common_1201165462030747823.dir\zf_common_debug.o
#        C:\Users\xsj20\21smartcar_WheelLeg\project\iar\Debug_m7_0\Obj\zf_common_1201165462030747823.dir\zf_common_fifo.o
#        C:\Users\xsj20\21smartcar_WheelLeg\project\iar\Debug_m7_0\Obj\zf_common_1201165462030747823.dir\zf_common_font.o
#        C:\Users\xsj20\21smartcar_WheelLeg\project\iar\Debug_m7_0\Obj\zf_common_1201165462030747823.dir\zf_common_function.o
#        C:\Users\xsj20\21smartcar_WheelLeg\project\iar\Debug_m7_0\Obj\zf_common_1201165462030747823.dir\zf_common_interrupt.o
#        C:\Users\xsj20\21smartcar_WheelLeg\project\iar\Debug_m7_0\Obj\zf_device_6570275422786408770.dir\zf_device_ble6a20.o
#        C:\Users\xsj20\21smartcar_WheelLeg\project\iar\Debug_m7_0\Obj\zf_device_6570275422786408770.dir\zf_device_dl1a.o
#        C:\Users\xsj20\21smartcar_WheelLeg\project\iar\Debug_m7_0\Obj\zf_device_6570275422786408770.dir\zf_device_dl1b.o
#        C:\Users\xsj20\21smartcar_WheelLeg\project\iar\Debug_m7_0\Obj\zf_device_6570275422786408770.dir\zf_device_gnss.o
#        C:\Users\xsj20\21smartcar_WheelLeg\project\iar\Debug_m7_0\Obj\zf_device_6570275422786408770.dir\zf_device_icm20602.o
#        C:\Users\xsj20\21smartcar_WheelLeg\project\iar\Debug_m7_0\Obj\zf_device_6570275422786408770.dir\zf_device_imu660ra.o
#        C:\Users\xsj20\21smartcar_WheelLeg\project\iar\Debug_m7_0\Obj\zf_device_6570275422786408770.dir\zf_device_imu963ra.o
#        C:\Users\xsj20\21smartcar_WheelLeg\project\iar\Debug_m7_0\Obj\zf_device_6570275422786408770.dir\zf_device_ips114.o
#        C:\Users\xsj20\21smartcar_WheelLeg\project\iar\Debug_m7_0\Obj\zf_device_6570275422786408770.dir\zf_device_ips200.o
#        C:\Users\xsj20\21smartcar_WheelLeg\project\iar\Debug_m7_0\Obj\zf_device_6570275422786408770.dir\zf_device_ips200pro.o
#        C:\Users\xsj20\21smartcar_WheelLeg\project\iar\Debug_m7_0\Obj\zf_device_6570275422786408770.dir\zf_device_key.o
#        C:\Users\xsj20\21smartcar_WheelLeg\project\iar\Debug_m7_0\Obj\zf_device_6570275422786408770.dir\zf_device_menc15a.o
#        C:\Users\xsj20\21smartcar_WheelLeg\project\iar\Debug_m7_0\Obj\zf_device_6570275422786408770.dir\zf_device_mt9v03x.o
#        C:\Users\xsj20\21smartcar_WheelLeg\project\iar\Debug_m7_0\Obj\zf_device_6570275422786408770.dir\zf_device_oled.o
#        C:\Users\xsj20\21smartcar_WheelLeg\project\iar\Debug_m7_0\Obj\zf_device_6570275422786408770.dir\zf_device_tft180.o
#        C:\Users\xsj20\21smartcar_WheelLeg\project\iar\Debug_m7_0\Obj\zf_device_6570275422786408770.dir\zf_device_tsl1401.o
#        C:\Users\xsj20\21smartcar_WheelLeg\project\iar\Debug_m7_0\Obj\zf_device_6570275422786408770.dir\zf_device_type.o
#        C:\Users\xsj20\21smartcar_WheelLeg\project\iar\Debug_m7_0\Obj\zf_device_6570275422786408770.dir\zf_device_uart_receiver.o
#        C:\Users\xsj20\21smartcar_WheelLeg\project\iar\Debug_m7_0\Obj\zf_device_6570275422786408770.dir\zf_device_wifi_spi.o
#        C:\Users\xsj20\21smartcar_WheelLeg\project\iar\Debug_m7_0\Obj\zf_device_6570275422786408770.dir\zf_device_wifi_uart.o
#        C:\Users\xsj20\21smartcar_WheelLeg\project\iar\Debug_m7_0\Obj\zf_device_6570275422786408770.dir\zf_device_wireless_uart.o
#        C:\Users\xsj20\21smartcar_WheelLeg\project\iar\Debug_m7_0\Obj\zf_driver_11922370083829174090.dir\zf_driver_adc.o
#        C:\Users\xsj20\21smartcar_WheelLeg\project\iar\Debug_m7_0\Obj\zf_driver_11922370083829174090.dir\zf_driver_delay.o
#        C:\Users\xsj20\21smartcar_WheelLeg\project\iar\Debug_m7_0\Obj\zf_driver_11922370083829174090.dir\zf_driver_dma.o
#        C:\Users\xsj20\21smartcar_WheelLeg\project\iar\Debug_m7_0\Obj\zf_driver_11922370083829174090.dir\zf_driver_encoder.o
#        C:\Users\xsj20\21smartcar_WheelLeg\project\iar\Debug_m7_0\Obj\zf_driver_11922370083829174090.dir\zf_driver_exti.o
#        C:\Users\xsj20\21smartcar_WheelLeg\project\iar\Debug_m7_0\Obj\zf_driver_11922370083829174090.dir\zf_driver_flash.o
#        C:\Users\xsj20\21smartcar_WheelLeg\project\iar\Debug_m7_0\Obj\zf_driver_11922370083829174090.dir\zf_driver_gpio.o
#        C:\Users\xsj20\21smartcar_WheelLeg\project\iar\Debug_m7_0\Obj\zf_driver_11922370083829174090.dir\zf_driver_ipc.o
#        C:\Users\xsj20\21smartcar_WheelLeg\project\iar\Debug_m7_0\Obj\zf_driver_11922370083829174090.dir\zf_driver_pit.o
#        C:\Users\xsj20\21smartcar_WheelLeg\project\iar\Debug_m7_0\Obj\zf_driver_11922370083829174090.dir\zf_driver_pwm.o
#        C:\Users\xsj20\21smartcar_WheelLeg\project\iar\Debug_m7_0\Obj\zf_driver_11922370083829174090.dir\zf_driver_soft_iic.o
#        C:\Users\xsj20\21smartcar_WheelLeg\project\iar\Debug_m7_0\Obj\zf_driver_11922370083829174090.dir\zf_driver_soft_spi.o
#        C:\Users\xsj20\21smartcar_WheelLeg\project\iar\Debug_m7_0\Obj\zf_driver_11922370083829174090.dir\zf_driver_spi.o
#        C:\Users\xsj20\21smartcar_WheelLeg\project\iar\Debug_m7_0\Obj\zf_driver_11922370083829174090.dir\zf_driver_timer.o
#        C:\Users\xsj20\21smartcar_WheelLeg\project\iar\Debug_m7_0\Obj\zf_driver_11922370083829174090.dir\zf_driver_uart.o
#        --no_out_extension -o
#        C:\Users\xsj20\21smartcar_WheelLeg\project\iar\project_config\Debug_m7_0\Exe\cyt4bb7_cm_7_0.out
#        --config_def _CORE_cm7_0_=0 --config_def _LINK_flash_=0 --map
#        C:\Users\xsj20\21smartcar_WheelLeg\project\iar\Debug_m7_0\List\cyt4bb7_cm_7_0.map
#        --config
#        C:\Users\xsj20\21smartcar_WheelLeg\project\iar\project_config\..\icf\linker_directives_tviibh.icf
#        --semihosting
#        C:\Users\xsj20\21smartcar_WheelLeg\project\iar\project_config\..\..\..\libraries\sdk\tviibh4m\src\drivers\crypto\libs\libcrypto_server_cm0plus_iar.a
#        C:\Users\xsj20\21smartcar_WheelLeg\project\iar\project_config\..\..\..\libraries\zf_device\zf_device_config.a
#        C:\Users\xsj20\21smartcar_WheelLeg\project\iar\project_config\..\..\..\libraries\sdk\common\hdr\cmsis\dsp\iar_cortexM7lf_math.a
#        --entry __iar_program_start --vfe --text_out locale --cpu=Cortex-M7
#        --fpu=VFPv5_d16) --dependencies=n
#        C:\Users\xsj20\21smartcar_WheelLeg\project\iar\project_config\Debug_m7_0\Exe\cyt4bb7_cm_7_0.out.iar_deps
#
###############################################################################

*******************************************************************************
*** RUNTIME MODEL ATTRIBUTES
***

CppFlavor       = *
__CPP_Runtime   = 1
__Heap_Handler  = Basic
__SystemLibrary = DLib
__dlib_version  = 6


*******************************************************************************
*** HEAP SELECTION
***

The basic heap was selected because --advanced_heap
was not specified and the application did not appear to
be primarily optimized for speed.


*******************************************************************************
*** PLACEMENT SUMMARY
***

"A0":  place at start of [from 0x1008'0000 to 0x1027'ffff] { section .intvec };
"P1":  place in [from 0x1008'0000 to 0x1027'ffff] { ro };
"P2":  place in [from 0x2802'0000 to 0x2807'ffff] { rw };
define block HEAP with size = 1K, alignment = 8 { };
define block CSTACK with size = 8K, alignment = 8 { };
define block HEAP_STACK { block HEAP, last block CSTACK };
"A1":  place at end of [from 0x2802'0000 to 0x2807'ffff] { block HEAP_STACK };
do not initialize { section .intvec_ram };
initialize by copy { rw };

No sections matched the following patterns:

  ro section .sflash_app_prot  in "P6"
  ro section .sflash_nar       in "P4"
  ro section .sflash_pkey      in "P5"
  ro section .sflash_toc2      in "P7"
  ro section .sflash_uf_rows   in "P3"
  ro section .work_flash       in "P8"
  section .global_ram_data     in "P9"


  Section            Kind         Address    Size  Object
  -------            ----         -------    ----  ------
"A0":                                        0x80
  .intvec            ro code  0x1008'0000    0x80  startup_cm7.o [35]
                            - 0x1008'0080    0x80

"P1":                                      0xe94e
  .text              ro code  0x1008'0080  0x17ec  OLEDKeyboard.o [4]
  .text              ro code  0x1008'186c    0x42  CH455.o [4]
  .text              ro code  0x1008'18ae    0x7e  lz77_init_single.o [56]
  .text              ro code  0x1008'192c   0x608  ssd1306.o [4]
  .text              ro code  0x1008'1f34   0x36c  OLEDFun.o [4]
  .text              ro code  0x1008'22a0   0x27c  zf_driver_flash.o [53]
  .text              ro code  0x1008'251c    0x7e  atan2.o [55]
  .text              ro code  0x1008'259a     0xa  xsprout.o [54]
  .text              ro code  0x1008'25a4    0x1e  sqrt.o [55]
  .rodata            const    0x1008'25c2     0x2  OLEDKeyboard.o [4]
  .text              ro code  0x1008'25c4   0x258  IIC.o [4]
  .text              ro code  0x1008'281c   0x17c  zf_driver_gpio.o [53]
  .text              ro code  0x1008'2998    0x66  ABImemset.o [56]
  .rodata            const    0x1008'29fe     0x2  OLEDKeyboard.o [4]
  .text              ro code  0x1008'2a00    0xa6  ABImemcpy.o [56]
  .rodata            const    0x1008'2aa6     0x2  OLEDKeyboard.o [4]
  .text              ro code  0x1008'2aa8    0x46  DblToU64.o [55]
  .rodata            const    0x1008'2aee     0x2  OLEDKeyboard.o [4]
  .text              ro code  0x1008'2af0   0x230  I64DivMod.o [56]
  .text              ro code  0x1008'2d20    0x40  sprintf.o [54]
  .text              ro code  0x1008'2d60   0x444  zf_common_debug.o [50]
  .text              ro code  0x1008'31a4   0x2dc  cy_mw_flash.o [17]
  .text              ro code  0x1008'3480   0x118  xatan.o [55]
  .text              ro code  0x1008'3598   0x194  cy_gpio.o [18]
  .text              ro code  0x1008'372c     0x2  I64DivZer.o [56]
  .rodata            const    0x1008'372e     0x2  OLEDKeyboard.o [4]
  .text              ro code  0x1008'3730   0xeae  xprintffull_nomb.o [54]
  .rodata            const    0x1008'45de     0x2  OLEDKeyboard.o [4]
  .text              ro code  0x1008'45e0   0x9e8  zf_driver_uart.o [53]
  .text              ro code  0x1008'4fc8    0x36  strlen.o [56]
  .rodata            const    0x1008'4ffe     0x2  OLEDKeyboard.o [4]
  .text              ro code  0x1008'5000   0x448  zf_common_fifo.o [50]
  .text              ro code  0x1008'5448    0xe2  zf_common_interrupt.o [50]
  .rodata            const    0x1008'552a     0x2  OLEDKeyboard.o [4]
  .text              ro code  0x1008'552c   0x2ec  cy_srom.o [34]
  .text              ro code  0x1008'5818    0x70  strncpy.o [56]
  .text              ro code  0x1008'5888    0xf8  cy_syslib.o [40]
  .text              ro code  0x1008'5980   0x4ac  cy_flash.o [16]
  .text              ro code  0x1008'5e2c     0x6  ABImemclr4.o [56]
  .text              ro code  0x1008'5e34    0x16  strchr.o [56]
  .text              ro code  0x1008'5e4c    0x40  xfail_s.o [54]
  .text              ro code  0x1008'5e8c    0x58  memchr.o [56]
  .text              ro code  0x1008'5ee4    0x70  frexp.o [55]
  .text              ro code  0x1008'5f54    0x34  DblCmpLe.o [55]
  .text              ro code  0x1008'5f88    0x34  DblCmpGe.o [55]
  .text              ro code  0x1008'5fbc   0x104  ldexp.o [55]
  .text              ro code  0x1008'60c0     0xe  DblToS32.o [55]
  .text              ro code  0x1008'60ce     0xe  S32ToDbl.o [55]
  .text              ro code  0x1008'60dc    0x12  DblSub.o [55]
  .text              ro code  0x1008'60ee    0x12  DblDiv.o [55]
  .text              ro code  0x1008'6100     0xe  DblToU32.o [55]
  .text              ro code  0x1008'610e     0xe  U32ToDbl.o [55]
  .text              ro code  0x1008'611c    0x12  DblMul.o [55]
  .text              ro code  0x1008'6130   0x314  cy_scb_uart.o [28]
  .text              ro code  0x1008'6444    0xac  cy_sysint.o [39]
  .text              ro code  0x1008'64f0   0xe18  zf_driver_pwm.o [53]
  .text              ro code  0x1008'7308    0x60  cy_ipc_drv.o [19]
  .text              ro code  0x1008'7368     0x2  cy_syslib.o [40]
  .text              ro code  0x1008'736c    0x32  ABImemset48.o [56]
  .text              ro code  0x1008'739e     0x6  abort.o [54]
  .text              ro code  0x1008'73a4   0x20a  cy_tcpwm_pwm.o [47]
  .text              ro code  0x1008'75ae     0xc  cy_tcpwm.o [47]
  .text              ro code  0x1008'75bc    0x14  exit.o [57]
  .text              ro code  0x1008'75d0   0xa6c  zf_device_gnss.o [52]
  .text              ro code  0x1008'803c   0x1b8  zf_common_function.o [50]
  .text              ro code  0x1008'81f4   0x2f8  cos_sin64.o [55]
  .rodata            const    0x1008'84ec    0x5c  cy_sysclk.o [37]
  .text              ro code  0x1008'8548    0x88  asin.o [55]
  .text              ro code  0x1008'85d0    0x2a  strncmp.o [54]
  .text              ro code  0x1008'85fc   0x284  zf_driver_delay.o [53]
  .text              ro code  0x1008'8880   0x1b8  cy_tcpwm_counter.o [47]
  .text              ro code  0x1008'8a38   0xa44  zf_driver_spi.o [53]
  .text              ro code  0x1008'947c   0x1f0  cy_scb_spi.o [28]
  .text              ro code  0x1008'966c   0x8e8  cy_sysclk.o [37]
  .text              ro code  0x1008'9f54   0x6e0  control.o [9]
  .text              ro code  0x1008'a634   0x366  pid.o [9]
  .text              ro code  0x1008'a99c   0x498  zf_device_imu963ra.o [52]
  .text              ro code  0x1008'ae34   0x398  MahonyAHRS.o [2]
  .text              ro code  0x1008'b1cc   0x1b8  fun.o [9]
  .text              ro code  0x1008'b384    0x5c  asinf.o [55]
  .text              ro code  0x1008'b3e0    0x6a  atan2f.o [55]
  .text              ro code  0x1008'b44c    0xa4  xatanf.o [55]
  .rodata            const    0x1008'b4f0   0x5f0  ssd1306.o [4]
  .text              ro code  0x1008'bae0   0x564  zf_driver_adc.o [53]
  .text              ro code  0x1008'c044   0x2d0  cy_adc.o [5]
  .text              ro code  0x1008'c314   0x46c  Element.o [1]
  .text              ro code  0x1008'c780    0x1e  sqrtf.o [55]
  .text              ro code  0x1008'c7a0   0x398  zf_driver_pit.o [53]
  .text              ro code  0x1008'cb38   0x334  cm7_0_isr.o [49]
  .text              ro code  0x1008'ce6c   0x134  Map.o [3]
  .text              ro code  0x1008'cfa0    0x7c  zf_device_tsl1401.o [52]
  .text              ro code  0x1008'd01c    0xe0  small_driver_uart_control.o [9]
  .text              ro code  0x1008'd0fc   0x2a8  zf_driver_timer.o [53]
  .rodata            const    0x1008'd3a4   0x228  ssd1306.o [4]
  .text              ro code  0x1008'd5cc   0x204  startup.o [35]
  .text              ro code  0x1008'd7d0   0x150  system_tviibh4m_cm7.o [26]
  .text              ro code  0x1008'd920     0x8  startup_cm7.o [35]
  .text              ro code  0x1008'd928     0x6  startup_cm7.o [35]
  .text              ro code  0x1008'd930   0x198  cy_interrupt_map.o [27]
  .text              ro code  0x1008'dac8   0x16c  zf_device_uart_receiver.o [52]
  .text              ro code  0x1008'dc34    0x44  zf_device_type.o [52]
  .text              ro code  0x1008'dc78    0xc8  init.o [9]
  .text              ro code  0x1008'dd40    0xb0  startup_cm7.o [35]
  .rodata            const    0x1008'ddf0    0x5c  cy_sysclk.o [37]
  .rodata            const    0x1008'de4c    0x5c  system_tviibh4m_cm7.o [26]
  .rodata            const    0x1008'dea8    0x58  cy_srom.o [34]
  .text              ro code  0x1008'df00    0x58  main_cm7_0.o [49]
  .text              ro code  0x1008'df58    0x1c  zf_common_clock.o [50]
  .rodata            const    0x1008'df74    0x54  cy_mw_flash.o [17]
  .rodata            const    0x1008'dfc8    0x4c  zf_common_function.o [50]
  .rodata            const    0x1008'e014    0x4c  zf_device_imu963ra.o [52]
  .rodata            const    0x1008'e060    0x4c  zf_driver_flash.o [53]
  .rodata            const    0x1008'e0ac    0x48  zf_common_fifo.o [50]
  .rodata            const    0x1008'e0f4    0x48  zf_driver_pwm.o [53]
  .rodata            const    0x1008'e13c    0x48  zf_driver_spi.o [53]
  .rodata            const    0x1008'e184    0x48  zf_driver_uart.o [53]
  .text              ro code  0x1008'e1cc    0x38  zero_init3.o [56]
  .rodata            const    0x1008'e204    0x28  zf_device_imu963ra.o [52]
  .text              ro code  0x1008'e22c    0x28  data_init.o [56]
  .text              ro code  0x1008'e254    0x22  fpinit_M.o [55]
  .iar.init_table    const    0x1008'e278    0x20  - Linker created -
  .text              ro code  0x1008'e298    0x20  startup_cm7.o [35]
  .text              ro code  0x1008'e2c0    0x1e  cy_syslib_iar.o [40]
  .text              ro code  0x1008'e2e0    0x1e  cmain.o [56]
  .text              ro code  0x1008'e300     0x4  startup_cm7.o [35]
  .text              ro code  0x1008'e304     0x4  exit.o [54]
  .text              ro code  0x1008'e308     0xa  cexit.o [56]
  .rodata            const    0x1008'e314    0x1c  zf_common_debug.o [50]
  .rodata            const    0x1008'e330    0x1c  zf_device_gnss.o [52]
  .text              ro code  0x1008'e34c    0x1c  startup_cm7.o [35]
  .text              ro code  0x1008'e368    0x1c  cstartup_M.o [56]
  .rodata            const    0x1008'e384    0x18  startup.o [35]
  .rodata            const    0x1008'e39c    0x18  system_tviibh4m_cm7.o [26]
  .rodata            const    0x1008'e3b4    0x18  zf_common_debug.o [50]
  .rodata            const    0x1008'e3cc    0x14  cy_flash.o [16]
  .rodata            const    0x1008'e3e0    0x14  OLEDKeyboard.o [4]
  .rodata            const    0x1008'e3f4    0x10  ssd1306.o [4]
  .rodata            const    0x1008'e404    0x10  zf_common_debug.o [50]
  .rodata            const    0x1008'e414    0x10  zf_common_debug.o [50]
  .rodata            const    0x1008'e424     0xc  OLEDKeyboard.o [4]
  .rodata            const    0x1008'e430     0xc  OLEDKeyboard.o [4]
  .rodata            const    0x1008'e43c     0xc  OLEDKeyboard.o [4]
  .rodata            const    0x1008'e448     0xc  OLEDKeyboard.o [4]
  .rodata            const    0x1008'e454     0xc  zf_common_debug.o [50]
  .rodata            const    0x1008'e460     0xc  zf_common_debug.o [50]
  .rodata            const    0x1008'e46c     0xc  zf_common_debug.o [50]
  .rodata            const    0x1008'e478     0xc  zf_device_gnss.o [52]
  .rodata            const    0x1008'e484     0xc  zf_device_gnss.o [52]
  .rodata            const    0x1008'e490     0xc  zf_device_gnss.o [52]
  .rodata            const    0x1008'e49c     0xc  zf_device_gnss.o [52]
  .rodata            const    0x1008'e4a8     0xc  zf_device_gnss.o [52]
  .rodata            const    0x1008'e4b4     0xc  zf_device_gnss.o [52]
  .rodata            const    0x1008'e4c0     0xc  zf_device_gnss.o [52]
  .rodata            const    0x1008'e4cc     0xc  zf_device_gnss.o [52]
  .rodata            const    0x1008'e4d8     0xc  zf_device_gnss.o [52]
  .rodata            const    0x1008'e4e4     0xc  zf_device_gnss.o [52]
  .rodata            const    0x1008'e4f0     0xc  zf_device_gnss.o [52]
  .text              ro code  0x1008'e4fc     0xc  cy_syslib.o [40]
  .rodata            const    0x1008'e508     0x8  cy_mw_flash.o [17]
  .rodata            const    0x1008'e510     0x8  cy_srom.o [34]
  .rodata            const    0x1008'e518     0x8  cy_sysclk.o [37]
  .rodata            const    0x1008'e520     0x8  OLEDKeyboard.o [4]
  .rodata            const    0x1008'e528     0x8  OLEDKeyboard.o [4]
  .rodata            const    0x1008'e530     0x8  OLEDKeyboard.o [4]
  .rodata            const    0x1008'e538     0x8  OLEDKeyboard.o [4]
  .rodata            const    0x1008'e540     0x8  OLEDKeyboard.o [4]
  .rodata            const    0x1008'e548     0x8  OLEDKeyboard.o [4]
  .rodata            const    0x1008'e550     0x8  OLEDKeyboard.o [4]
  .rodata            const    0x1008'e558     0x8  OLEDKeyboard.o [4]
  .rodata            const    0x1008'e560     0x8  OLEDKeyboard.o [4]
  .rodata            const    0x1008'e568     0x8  OLEDKeyboard.o [4]
  .rodata            const    0x1008'e570     0x8  OLEDKeyboard.o [4]
  .rodata            const    0x1008'e578     0x8  OLEDKeyboard.o [4]
  .rodata            const    0x1008'e580     0x8  OLEDKeyboard.o [4]
  .rodata            const    0x1008'e588     0x8  OLEDKeyboard.o [4]
  .rodata            const    0x1008'e590     0x8  OLEDKeyboard.o [4]
  .rodata            const    0x1008'e598     0x8  OLEDKeyboard.o [4]
  .rodata            const    0x1008'e5a0     0x8  OLEDKeyboard.o [4]
  .rodata            const    0x1008'e5a8     0x8  OLEDKeyboard.o [4]
  .rodata            const    0x1008'e5b0     0x8  OLEDKeyboard.o [4]
  .rodata            const    0x1008'e5b8     0x8  OLEDKeyboard.o [4]
  .rodata            const    0x1008'e5c0     0x8  OLEDKeyboard.o [4]
  .rodata            const    0x1008'e5c8     0x8  OLEDKeyboard.o [4]
  .rodata            const    0x1008'e5d0     0x8  OLEDKeyboard.o [4]
  .rodata            const    0x1008'e5d8     0x8  OLEDKeyboard.o [4]
  .rodata            const    0x1008'e5e0     0x8  OLEDKeyboard.o [4]
  .rodata            const    0x1008'e5e8     0x8  OLEDKeyboard.o [4]
  .rodata            const    0x1008'e5f0     0x8  OLEDKeyboard.o [4]
  .rodata            const    0x1008'e5f8     0x8  OLEDKeyboard.o [4]
  .rodata            const    0x1008'e600     0x8  OLEDKeyboard.o [4]
  .rodata            const    0x1008'e608     0x8  OLEDKeyboard.o [4]
  .rodata            const    0x1008'e610     0x8  OLEDKeyboard.o [4]
  .rodata            const    0x1008'e618     0x8  OLEDKeyboard.o [4]
  .rodata            const    0x1008'e620     0x8  OLEDKeyboard.o [4]
  .rodata            const    0x1008'e628     0x8  OLEDKeyboard.o [4]
  .rodata            const    0x1008'e630     0x8  OLEDKeyboard.o [4]
  .rodata            const    0x1008'e638     0x8  OLEDKeyboard.o [4]
  .rodata            const    0x1008'e640     0x8  OLEDKeyboard.o [4]
  .rodata            const    0x1008'e648     0x8  zf_device_gnss.o [52]
  .rodata            const    0x1008'e650     0x4  cy_adc.o [5]
  .rodata            const    0x1008'e654     0x4  cy_adc.o [5]
  .rodata            const    0x1008'e658     0x4  cy_adc.o [5]
  .rodata            const    0x1008'e65c     0x4  cy_adc.o [5]
  .rodata            const    0x1008'e660     0x4  cy_adc.o [5]
  .rodata            const    0x1008'e664     0x4  cy_adc.o [5]
  .rodata            const    0x1008'e668     0x4  cy_adc.o [5]
  .rodata            const    0x1008'e66c     0x4  cy_adc.o [5]
  .rodata            const    0x1008'e670     0x4  cy_interrupt_map.o [27]
  .rodata            const    0x1008'e674     0x4  cy_interrupt_map.o [27]
  .rodata            const    0x1008'e678     0x4  cy_interrupt_map.o [27]
  .rodata            const    0x1008'e67c     0x4  cy_interrupt_map.o [27]
  .rodata            const    0x1008'e680     0x4  cy_interrupt_map.o [27]
  .rodata            const    0x1008'e684     0x4  cy_interrupt_map.o [27]
  .rodata            const    0x1008'e688     0x4  cy_interrupt_map.o [27]
  .rodata            const    0x1008'e68c     0x4  cy_interrupt_map.o [27]
  .rodata            const    0x1008'e690     0x4  cy_ipc_drv.o [19]
  .rodata            const    0x1008'e694     0x4  cy_scb_spi.o [28]
  .rodata            const    0x1008'e698     0x4  cy_scb_spi.o [28]
  .rodata            const    0x1008'e69c     0x4  cy_scb_spi.o [28]
  .rodata            const    0x1008'e6a0     0x4  cy_scb_spi.o [28]
  .rodata            const    0x1008'e6a4     0x4  cy_scb_uart.o [28]
  .rodata            const    0x1008'e6a8     0x4  cy_scb_uart.o [28]
  .rodata            const    0x1008'e6ac     0x4  cy_scb_uart.o [28]
  .rodata            const    0x1008'e6b0     0x4  cy_scb_uart.o [28]
  .rodata            const    0x1008'e6b4     0x4  cy_scb_uart.o [28]
  .rodata            const    0x1008'e6b8     0x4  cy_scb_uart.o [28]
  .rodata            const    0x1008'e6bc     0x4  cy_scb_uart.o [28]
  .rodata            const    0x1008'e6c0     0x4  cy_scb_uart.o [28]
  .rodata            const    0x1008'e6c4     0x4  cy_scb_uart.o [28]
  .rodata            const    0x1008'e6c8     0x4  cy_scb_uart.o [28]
  .rodata            const    0x1008'e6cc     0x4  cy_srom.o [34]
  .rodata            const    0x1008'e6d0     0x4  cy_srom.o [34]
  .rodata            const    0x1008'e6d4     0x4  cy_sysint.o [39]
  .rodata            const    0x1008'e6d8     0x4  cy_sysint.o [39]
  .rodata            const    0x1008'e6dc     0x4  cy_tcpwm_counter.o [47]
  .rodata            const    0x1008'e6e0     0x4  cy_tcpwm_counter.o [47]
  .rodata            const    0x1008'e6e4     0x4  cy_tcpwm_counter.o [47]
  .rodata            const    0x1008'e6e8     0x4  cy_tcpwm_counter.o [47]
  .rodata            const    0x1008'e6ec     0x4  cy_tcpwm_counter.o [47]
  .rodata            const    0x1008'e6f0     0x4  cy_tcpwm_pwm.o [47]
  .rodata            const    0x1008'e6f4     0x4  cy_tcpwm_pwm.o [47]
  .rodata            const    0x1008'e6f8     0x4  cy_tcpwm_pwm.o [47]
  .rodata            const    0x1008'e6fc     0x4  cy_tcpwm_pwm.o [47]
  .rodata            const    0x1008'e700     0x4  cy_tcpwm_pwm.o [47]
  .rodata            const    0x1008'e704     0x4  cy_tcpwm_pwm.o [47]
  .rodata            const    0x1008'e708     0x4  cy_tcpwm_pwm.o [47]
  .rodata            const    0x1008'e70c     0x4  fun.o [9]
  .text              ro code  0x1008'e710     0x4  startup_cm7.o [35]
  .text              ro code  0x1008'e714     0x4  startup_cm7.o [35]
  .text              ro code  0x1008'e718     0x4  startup_cm7.o [35]
  .text              ro code  0x1008'e71c     0x4  startup_cm7.o [35]
  .text              ro code  0x1008'e720     0x4  startup_cm7.o [35]
  .text              ro code  0x1008'e724     0x4  startup_cm7.o [35]
  .text              ro code  0x1008'e728     0x4  startup_cm7.o [35]
  .text              ro code  0x1008'e72c     0x4  startup_cm7.o [35]
  .text              ro code  0x1008'e730     0x4  startup_cm7.o [35]
  .text              ro code  0x1008'e734     0x4  startup_cm7.o [35]
  .text              ro code  0x1008'e738     0x4  startup_cm7.o [35]
  .text              ro code  0x1008'e73c     0x4  startup_cm7.o [35]
  .text              ro code  0x1008'e740     0x4  startup_cm7.o [35]
  .text              ro code  0x1008'e744     0x4  startup_cm7.o [35]
  .text              ro code  0x1008'e748     0x4  startup_cm7.o [35]
  .rodata            const    0x1008'e74c     0x0  zero_init3.o [56]
  .rodata            const    0x1008'e74c     0x0  lz77_init_single.o [56]
  Initializer bytes  const    0x1008'e74c   0x1e6  <for P2-1>
                            - 0x1008'e932  0xe8b2

"P2", part 1 of 3:                          0xbd4
  P2-1                        0x2802'0000   0xbd4  <Init block>
    .data            inited   0x2802'0000    0x3c  control.o [9]
    .data            inited   0x2802'003c    0x3c  control.o [9]
    .data            inited   0x2802'0078    0x3c  control.o [9]
    .data            inited   0x2802'00b4    0x3c  control.o [9]
    .data            inited   0x2802'00f0    0x3c  control.o [9]
    .data            inited   0x2802'012c    0x3c  control.o [9]
    .data            inited   0x2802'0168    0x3c  control.o [9]
    .data            inited   0x2802'01a4   0x6ec  cy_interrupt_map.o [27]
    .data            inited   0x2802'0890     0x4  cy_interrupt_map.o [27]
    .data            inited   0x2802'0894     0x4  MahonyAHRS.o [2]
    .data            inited   0x2802'0898   0x230  Map.o [3]
    .data            inited   0x2802'0ac8    0x20  OLEDKeyboard.o [4]
    .data            inited   0x2802'0ae8    0x10  OLEDKeyboard.o [4]
    .data            inited   0x2802'0af8    0x20  OLEDKeyboard.o [4]
    .data            inited   0x2802'0b18    0x20  OLEDKeyboard.o [4]
    .data            inited   0x2802'0b38     0xc  zf_device_imu963ra.o [52]
    .data            inited   0x2802'0b44     0x4  zf_device_type.o [52]
    .data            inited   0x2802'0b48     0x4  zf_device_type.o [52]
    .data            inited   0x2802'0b4c     0xc  zf_driver_adc.o [53]
    .data            inited   0x2802'0b58    0x3c  zf_driver_pit.o [53]
    .data            inited   0x2802'0b94    0x10  zf_driver_spi.o [53]
    .data            inited   0x2802'0ba4    0x14  zf_driver_uart.o [53]
    .data            inited   0x2802'0bb8    0x14  zf_driver_uart.o [53]
    .data            inited   0x2802'0bcc     0x2  OLEDKeyboard.o [4]
    .data            inited   0x2802'0bce     0x2  zf_driver_delay.o [53]
    .data            inited   0x2802'0bd0     0x1  Element.o [1]
    .data            inited   0x2802'0bd1     0x1  Element.o [1]
    .data            inited   0x2802'0bd2     0x1  zf_common_debug.o [50]
    .data            inited   0x2802'0bd3     0x1  zf_driver_delay.o [53]
                            - 0x2802'0bd4   0xbd4

"P2", part 2 of 3:                         0x3bd0
  .bss               zero     0x2802'0bd8  0x1cb8  Compute.o [9]
  .bss               zero     0x2802'2890   0x800  zf_driver_flash.o [53]
  .bss               zero     0x2802'3090   0x560  Map.o [3]
  .bss               zero     0x2802'35f0   0x320  OLEDKeyboard.o [4]
  .bss               zero     0x2802'3910   0x200  zf_device_tsl1401.o [52]
  .bss               zero     0x2802'3b10   0x118  zf_driver_uart.o [53]
  .bss               zero     0x2802'3c28    0xfc  control.o [9]
  .bss               zero     0x2802'3d24    0x1c  cm7_0_isr.o [49]
  .bss               zero     0x2802'3d40    0xb0  cm7_0_isr.o [49]
  .bss               zero     0x2802'3df0    0xa0  OLEDKeyboard.o [4]
  .bss               zero     0x2802'3e90    0xa0  OLEDKeyboard.o [4]
  .bss               zero     0x2802'3f30    0x9c  MahonyAHRS.o [2]
  .bss               zero     0x2802'3fcc    0x80  zf_device_gnss.o [52]
  .bss               zero     0x2802'404c    0x80  zf_device_gnss.o [52]
  .bss               zero     0x2802'40cc    0x80  zf_device_gnss.o [52]
  .bss               zero     0x2802'414c    0x80  zf_device_gnss.o [52]
  .bss               zero     0x2802'41cc    0x70  cy_syslib.o [40]
  .bss               zero     0x2802'423c    0x1c  cm7_0_isr.o [49]
  .bss               zero     0x2802'4258    0x48  zf_device_gnss.o [52]
  .bss               zero     0x2802'42a0    0x48  zf_driver_adc.o [53]
  .bss               zero     0x2802'42e8    0x40  control.o [9]
  .bss               zero     0x2802'4328    0x40  control.o [9]
  .bss               zero     0x2802'4368    0x40  control.o [9]
  .bss               zero     0x2802'43a8    0x40  control.o [9]
  .bss               zero     0x2802'43e8    0x40  control.o [9]
  .bss               zero     0x2802'4428    0x40  control.o [9]
  .bss               zero     0x2802'4468    0x40  control.o [9]
  .bss               zero     0x2802'44a8    0x40  zf_common_debug.o [50]
  .bss               zero     0x2802'44e8    0x28  ssd1306.o [4]
  .bss               zero     0x2802'4510    0x20  OLEDKeyboard.o [4]
  .bss               zero     0x2802'4530    0x20  OLEDKeyboard.o [4]
  .bss               zero     0x2802'4550    0x20  OLEDKeyboard.o [4]
  .bss               zero     0x2802'4570    0x20  OLEDKeyboard.o [4]
  .bss               zero     0x2802'4590    0x20  OLEDKeyboard.o [4]
  .bss               zero     0x2802'45b0    0x20  OLEDKeyboard.o [4]
  .bss               zero     0x2802'45d0    0x20  OLEDKeyboard.o [4]
  .bss               zero     0x2802'45f0    0x1c  zf_device_uart_receiver.o [52]
  .bss               zero     0x2802'460c    0x18  cy_sysclk.o [37]
  .bss               zero     0x2802'4624    0x18  cy_syslib.o [40]
  .bss               zero     0x2802'463c    0x18  zf_common_debug.o [50]
  .bss               zero     0x2802'4654    0x18  zf_device_gnss.o [52]
  .bss               zero     0x2802'466c    0x14  small_driver_uart_control.o [9]
  .bss               zero     0x2802'4680    0x14  zf_common_debug.o [50]
  .bss               zero     0x2802'46a0    0x10  cy_srom.o [34]
  .bss               zero     0x2802'46b0    0x10  zf_device_uart_receiver.o [52]
  .bss               zero     0x2802'46c0     0x8  cm7_0_isr.o [49]
  .bss               zero     0x2802'46c8     0x8  cm7_0_isr.o [49]
  .bss               zero     0x2802'46d0     0x8  cm7_0_isr.o [49]
  .bss               zero     0x2802'46d8     0x8  cm7_0_isr.o [49]
  .bss               zero     0x2802'46e0     0x4  cm7_0_isr.o [49]
  .bss               zero     0x2802'46e4     0x4  cm7_0_isr.o [49]
  .bss               zero     0x2802'46e8     0x4  cm7_0_isr.o [49]
  .bss               zero     0x2802'46ec     0x4  control.o [9]
  .bss               zero     0x2802'46f0     0x4  control.o [9]
  .bss               zero     0x2802'46f4     0x4  control.o [9]
  .bss               zero     0x2802'46f8     0x4  control.o [9]
  .bss               zero     0x2802'46fc     0x4  control.o [9]
  .bss               zero     0x2802'4700     0x4  control.o [9]
  .bss               zero     0x2802'4704     0x4  control.o [9]
  .bss               zero     0x2802'4708     0x4  control.o [9]
  .bss               zero     0x2802'470c     0x4  cy_srom.o [34]
  .bss               zero     0x2802'4710     0x4  cy_srom.o [34]
  .bss               zero     0x2802'4714     0x4  cy_syslib.o [40]
  .bss               zero     0x2802'4718     0x4  Element.o [1]
  .bss               zero     0x2802'471c     0x4  Element.o [1]
  .bss               zero     0x2802'4720     0x4  Element.o [1]
  .bss               zero     0x2802'4724     0x4  MahonyAHRS.o [2]
  .bss               zero     0x2802'4728     0x4  MahonyAHRS.o [2]
  .bss               zero     0x2802'472c     0x4  MahonyAHRS.o [2]
  .bss               zero     0x2802'4730     0x4  MahonyAHRS.o [2]
  .bss               zero     0x2802'4734     0x4  MahonyAHRS.o [2]
  .bss               zero     0x2802'4738     0x4  MahonyAHRS.o [2]
  .bss               zero     0x2802'473c     0x4  MahonyAHRS.o [2]
  .bss               zero     0x2802'4740     0x4  OLEDFun.o [4]
  .bss               zero     0x2802'4744     0x4  OLEDKeyboard.o [4]
  .bss               zero     0x2802'4748     0x4  pid.o [9]
  .bss               zero     0x2802'474c     0x4  pid.o [9]
  .bss               zero     0x2802'4750     0x4  system_tviibh4m_cm7.o [26]
  .bss               zero     0x2802'4754     0x4  system_tviibh4m_cm7.o [26]
  .bss               zero     0x2802'4758     0x4  system_tviibh4m_cm7.o [26]
  .bss               zero     0x2802'475c     0x4  system_tviibh4m_cm7.o [26]
  .bss               zero     0x2802'4760     0x4  system_tviibh4m_cm7.o [26]
  .bss               zero     0x2802'4764     0x4  zf_common_clock.o [50]
  .bss               zero     0x2802'4768     0x4  zf_common_interrupt.o [50]
  .bss               zero     0x2802'476c     0x4  zf_driver_spi.o [53]
  .bss               zero     0x2802'4770     0x4  zf_driver_timer.o [53]
  .bss               zero     0x2802'4774     0x4  xfail_s.o [54]
  .bss               zero     0x2802'4778     0x2  zf_device_imu963ra.o [52]
  .bss               zero     0x2802'477a     0x2  zf_device_imu963ra.o [52]
  .bss               zero     0x2802'477c     0x2  zf_device_imu963ra.o [52]
  .bss               zero     0x2802'477e     0x2  zf_device_imu963ra.o [52]
  .bss               zero     0x2802'4780     0x2  zf_device_imu963ra.o [52]
  .bss               zero     0x2802'4782     0x2  zf_device_imu963ra.o [52]
  .bss               zero     0x2802'4784     0x1  cm7_0_isr.o [49]
  .bss               zero     0x2802'4785     0x1  cm7_0_isr.o [49]
  .bss               zero     0x2802'4786     0x1  cm7_0_isr.o [49]
  .bss               zero     0x2802'4787     0x1  cm7_0_isr.o [49]
  .bss               zero     0x2802'4788     0x1  cy_mw_flash.o [17]
  .bss               zero     0x2802'4789     0x1  cy_mw_flash.o [17]
  .bss               zero     0x2802'478a     0x1  cy_sysclk.o [37]
  .bss               zero     0x2802'478b     0x1  Element.o [1]
  .bss               zero     0x2802'478c     0x1  Element.o [1]
  .bss               zero     0x2802'478d     0x1  Element.o [1]
  .bss               zero     0x2802'478e     0x1  Element.o [1]
  .bss               zero     0x2802'478f     0x1  Element.o [1]
  .bss               zero     0x2802'4790     0x1  Element.o [1]
  .bss               zero     0x2802'4791     0x1  Element.o [1]
  .bss               zero     0x2802'4792     0x1  Map.o [3]
  .bss               zero     0x2802'4793     0x1  OLEDKeyboard.o [4]
  .bss               zero     0x2802'4794     0x1  zf_common_debug.o [50]
  .bss               zero     0x2802'4795     0x1  zf_common_debug.o [50]
  .bss               zero     0x2802'4796     0x1  zf_common_debug.o [50]
  .bss               zero     0x2802'4797     0x1  zf_device_gnss.o [52]
  .bss               zero     0x2802'4798     0x1  zf_device_gnss.o [52]
  .bss               zero     0x2802'4799     0x1  zf_device_gnss.o [52]
  .bss               zero     0x2802'479a     0x1  zf_device_gnss.o [52]
  .bss               zero     0x2802'479b     0x1  zf_device_gnss.o [52]
  .bss               zero     0x2802'479c     0x1  zf_device_tsl1401.o [52]
  .bss               zero     0x2802'479d     0x1  zf_device_tsl1401.o [52]
  .bss               zero     0x2802'479e     0x1  zf_device_type.o [52]
  .bss               zero     0x2802'479f     0x1  zf_device_uart_receiver.o [52]
  .bss               zero     0x2802'47a0     0x1  zf_driver_flash.o [53]
                            - 0x2802'47a1  0x3bcd

"P2", part 3 of 3:                           0x80
  .intvec_ram        uninit   0x2802'4800    0x80  startup_cm7.o [35]
                            - 0x2802'4880    0x80

"A1":                                      0x2000
  HEAP_STACK                  0x2807'e000  0x2000  <Block>
    CSTACK                    0x2807'e000  0x2000  <Block>
      CSTACK         uninit   0x2807'e000  0x2000  <Block tail>
                            - 0x2808'0000  0x2000

Unused ranges:

         From           To       Size
         ----           --       ----
  0x1008'e9ce  0x1027'ffff  0x1f'1632
  0x2802'47a4  0x2802'47ff       0x5c
  0x2802'4880  0x2807'dfff   0x5'9780


*******************************************************************************
*** INIT TABLE
***

          Address      Size
          -------      ----
Zero (__iar_zero_init3)
    1 destination range, total size 0x3bc9:
          0x2802'0bd8  0x3bc9

Copy/lz77 (__iar_lz77_init_single3)
    1 source range, total size 0x1e6 (16% of destination):
          0x1008'e74c   0x1e6
    1 destination range, total size 0xbd4:
          0x2802'0000   0xbd4



*******************************************************************************
*** MODULE SUMMARY
***

    Module                       ro code  ro data  rw data
    ------                       -------  -------  -------
command line/config:
    ------------------------------------------------------
    Total:

C:\Users\xsj20\21smartcar_WheelLeg\project\iar\Debug_m7_0\Obj\Element_10143943319297899650.dir: [1]
    Element.o                      1'132                21
    ------------------------------------------------------
    Total:                         1'132                21

C:\Users\xsj20\21smartcar_WheelLeg\project\iar\Debug_m7_0\Obj\JBD_IMU_13254844613604958863.dir: [2]
    MahonyAHRS.o                     920        1      188
    ------------------------------------------------------
    Total:                           920        1      188

C:\Users\xsj20\21smartcar_WheelLeg\project\iar\Debug_m7_0\Obj\JBD_MAP_387659158335041870.dir: [3]
    Map.o                            308       89    1'937
    ------------------------------------------------------
    Total:                           308       89    1'937

C:\Users\xsj20\21smartcar_WheelLeg\project\iar\Debug_m7_0\Obj\JBD_OLED_17930871203713349585.dir: [4]
    CH455.o                           66
    IIC.o                            600
    OLEDFun.o                        876                 4
    OLEDKeyboard.o                 6'124      399    1'463
    ssd1306.o                      1'544    2'088       40
    ------------------------------------------------------
    Total:                         9'210    2'487    1'507

C:\Users\xsj20\21smartcar_WheelLeg\project\iar\Debug_m7_0\Obj\adc_11722776235721520015.dir: [5]
    cy_adc.o                         720       32
    ------------------------------------------------------
    Total:                           720       32

C:\Users\xsj20\21smartcar_WheelLeg\project\iar\Debug_m7_0\Obj\audioss_1346650047966882938.dir: [6]
    ------------------------------------------------------
    Total:

C:\Users\xsj20\21smartcar_WheelLeg\project\iar\Debug_m7_0\Obj\button_4990804375159372270.dir: [7]
    ------------------------------------------------------
    Total:

C:\Users\xsj20\21smartcar_WheelLeg\project\iar\Debug_m7_0\Obj\canfd_1800690984773873875.dir: [8]
    ------------------------------------------------------
    Total:

C:\Users\xsj20\21smartcar_WheelLeg\project\iar\Debug_m7_0\Obj\code_17896468042025673432.dir: [9]
    Compute.o                                        7'352
    control.o                      1'760       67    1'152
    fun.o                            440        4
    init.o                           200
    pid.o                            870                 8
    small_driver_uart_control.o      224                20
    ------------------------------------------------------
    Total:                         3'494       71    8'532

C:\Users\xsj20\21smartcar_WheelLeg\project\iar\Debug_m7_0\Obj\cpu_15938736945165268644.dir: [10]
    ------------------------------------------------------
    Total:

C:\Users\xsj20\21smartcar_WheelLeg\project\iar\Debug_m7_0\Obj\crypto_1190170608956581615.dir: [11]
    ------------------------------------------------------
    Total:

C:\Users\xsj20\21smartcar_WheelLeg\project\iar\Debug_m7_0\Obj\dma_12106025507578611576.dir: [12]
    ------------------------------------------------------
    Total:

C:\Users\xsj20\21smartcar_WheelLeg\project\iar\Debug_m7_0\Obj\eth_phy_18133017486186456677.dir: [13]
    ------------------------------------------------------
    Total:

C:\Users\xsj20\21smartcar_WheelLeg\project\iar\Debug_m7_0\Obj\ethernet_6029839089178797009.dir: [14]
    ------------------------------------------------------
    Total:

C:\Users\xsj20\21smartcar_WheelLeg\project\iar\Debug_m7_0\Obj\evtgen_3404189088603873129.dir: [15]
    ------------------------------------------------------
    Total:

C:\Users\xsj20\21smartcar_WheelLeg\project\iar\Debug_m7_0\Obj\flash_8529866181315662935.dir: [16]
    cy_flash.o                     1'196       20
    ------------------------------------------------------
    Total:                         1'196       20

C:\Users\xsj20\21smartcar_WheelLeg\project\iar\Debug_m7_0\Obj\flash_864493325053435817.dir: [17]
    cy_mw_flash.o                    732       92        2
    ------------------------------------------------------
    Total:                           732       92        2

C:\Users\xsj20\21smartcar_WheelLeg\project\iar\Debug_m7_0\Obj\gpio_3999404635324069351.dir: [18]
    cy_gpio.o                        404
    ------------------------------------------------------
    Total:                           404

C:\Users\xsj20\21smartcar_WheelLeg\project\iar\Debug_m7_0\Obj\ipc_10145506163450686023.dir: [19]
    cy_ipc_drv.o                      96        4
    ------------------------------------------------------
    Total:                            96        4

C:\Users\xsj20\21smartcar_WheelLeg\project\iar\Debug_m7_0\Obj\lin_18429031207028094880.dir: [20]
    ------------------------------------------------------
    Total:

C:\Users\xsj20\21smartcar_WheelLeg\project\iar\Debug_m7_0\Obj\lvd_6353935867039560245.dir: [21]
    ------------------------------------------------------
    Total:

C:\Users\xsj20\21smartcar_WheelLeg\project\iar\Debug_m7_0\Obj\mcwdt_4052485907822033969.dir: [22]
    ------------------------------------------------------
    Total:

C:\Users\xsj20\21smartcar_WheelLeg\project\iar\Debug_m7_0\Obj\mpu_5663187252346826382.dir: [23]
    ------------------------------------------------------
    Total:

C:\Users\xsj20\21smartcar_WheelLeg\project\iar\Debug_m7_0\Obj\power_14453085144426420577.dir: [24]
    ------------------------------------------------------
    Total:

C:\Users\xsj20\21smartcar_WheelLeg\project\iar\Debug_m7_0\Obj\prot_10722960861768657883.dir: [25]
    ------------------------------------------------------
    Total:

C:\Users\xsj20\21smartcar_WheelLeg\project\iar\Debug_m7_0\Obj\rev_b_4986922561640112550.dir: [26]
    system_tviibh4m_cm7.o            336      116       20
    ------------------------------------------------------
    Total:                           336      116       20

C:\Users\xsj20\21smartcar_WheelLeg\project\iar\Debug_m7_0\Obj\rev_b_6162237342861132223.dir: [27]
    cy_interrupt_map.o               408      317    1'776
    ------------------------------------------------------
    Total:                           408      317    1'776

C:\Users\xsj20\21smartcar_WheelLeg\project\iar\Debug_m7_0\Obj\scb_15490842639181808494.dir: [28]
    cy_scb_spi.o                     496       16
    cy_scb_uart.o                    788       40
    ------------------------------------------------------
    Total:                         1'284       56

C:\Users\xsj20\21smartcar_WheelLeg\project\iar\Debug_m7_0\Obj\sd_host_2982766354293506895.dir: [29]
    ------------------------------------------------------
    Total:

C:\Users\xsj20\21smartcar_WheelLeg\project\iar\Debug_m7_0\Obj\semihosting_143864889731838620.dir: [30]
    ------------------------------------------------------
    Total:

C:\Users\xsj20\21smartcar_WheelLeg\project\iar\Debug_m7_0\Obj\smartio_5451710003740070188.dir: [31]
    ------------------------------------------------------
    Total:

C:\Users\xsj20\21smartcar_WheelLeg\project\iar\Debug_m7_0\Obj\smif_427648126384146252.dir: [32]
    ------------------------------------------------------
    Total:

C:\Users\xsj20\21smartcar_WheelLeg\project\iar\Debug_m7_0\Obj\smif_mem_6470536964353725183.dir: [33]
    ------------------------------------------------------
    Total:

C:\Users\xsj20\21smartcar_WheelLeg\project\iar\Debug_m7_0\Obj\srom_13018798572330080582.dir: [34]
    cy_srom.o                        748      104       24
    ------------------------------------------------------
    Total:                           748      104       24

C:\Users\xsj20\21smartcar_WheelLeg\project\iar\Debug_m7_0\Obj\startup_479057977785470282.dir: [35]
    startup.o                        516       24
    startup_cm7.o                    442               128
    ------------------------------------------------------
    Total:                           958       24      128

C:\Users\xsj20\21smartcar_WheelLeg\project\iar\Debug_m7_0\Obj\sw_timer_4215635015939382130.dir: [36]
    ------------------------------------------------------
    Total:

C:\Users\xsj20\21smartcar_WheelLeg\project\iar\Debug_m7_0\Obj\sysclk_16149231235676103872.dir: [37]
    cy_sysclk.o                    2'280      192       25
    ------------------------------------------------------
    Total:                         2'280      192       25

C:\Users\xsj20\21smartcar_WheelLeg\project\iar\Debug_m7_0\Obj\sysflt_12293435975120599261.dir: [38]
    ------------------------------------------------------
    Total:

C:\Users\xsj20\21smartcar_WheelLeg\project\iar\Debug_m7_0\Obj\sysint_7435970359207984181.dir: [39]
    cy_sysint.o                      172        8
    ------------------------------------------------------
    Total:                           172        8

C:\Users\xsj20\21smartcar_WheelLeg\project\iar\Debug_m7_0\Obj\syslib_16330585751512546975.dir: [40]
    cy_syslib.o                      262               140
    cy_syslib_iar.o                   30
    ------------------------------------------------------
    Total:                           292               140

C:\Users\xsj20\21smartcar_WheelLeg\project\iar\Debug_m7_0\Obj\syspm_10887939769544754770.dir: [41]
    ------------------------------------------------------
    Total:

C:\Users\xsj20\21smartcar_WheelLeg\project\iar\Debug_m7_0\Obj\sysreghc_17676636058511625587.dir: [42]
    ------------------------------------------------------
    Total:

C:\Users\xsj20\21smartcar_WheelLeg\project\iar\Debug_m7_0\Obj\sysreset_14586141425677365288.dir: [43]
    ------------------------------------------------------
    Total:

C:\Users\xsj20\21smartcar_WheelLeg\project\iar\Debug_m7_0\Obj\sysrtc_10747768817563771611.dir: [44]
    ------------------------------------------------------
    Total:

C:\Users\xsj20\21smartcar_WheelLeg\project\iar\Debug_m7_0\Obj\systick_16016591671695740695.dir: [45]
    ------------------------------------------------------
    Total:

C:\Users\xsj20\21smartcar_WheelLeg\project\iar\Debug_m7_0\Obj\syswdt_9118657615806274156.dir: [46]
    ------------------------------------------------------
    Total:

C:\Users\xsj20\21smartcar_WheelLeg\project\iar\Debug_m7_0\Obj\tcpwm_422923530147891246.dir: [47]
    cy_tcpwm.o                        12
    cy_tcpwm_counter.o               440       20
    cy_tcpwm_pwm.o                   522       28
    ------------------------------------------------------
    Total:                           974       48

C:\Users\xsj20\21smartcar_WheelLeg\project\iar\Debug_m7_0\Obj\trigmux_9729677290734583340.dir: [48]
    ------------------------------------------------------
    Total:

C:\Users\xsj20\21smartcar_WheelLeg\project\iar\Debug_m7_0\Obj\user_8514941877209965082.dir: [49]
    cm7_0_isr.o                      820               280
    main_cm7_0.o                      88
    ------------------------------------------------------
    Total:                           908               280

C:\Users\xsj20\21smartcar_WheelLeg\project\iar\Debug_m7_0\Obj\zf_common_1201165462030747823.dir: [50]
    zf_common_clock.o                 28                 4
    zf_common_debug.o              1'092      120      112
    zf_common_fifo.o               1'096       72
    zf_common_function.o             440       76
    zf_common_interrupt.o            226                 4
    ------------------------------------------------------
    Total:                         2'882      268      120

C:\Users\xsj20\21smartcar_WheelLeg\project\iar\Debug_m7_0\Obj\zf_components_14936052685886095442.dir: [51]
    ------------------------------------------------------
    Total:

C:\Users\xsj20\21smartcar_WheelLeg\project\iar\Debug_m7_0\Obj\zf_device_6570275422786408770.dir: [52]
    zf_device_gnss.o               2'668      168      613
    zf_device_imu963ra.o           1'176      118       24
    zf_device_tsl1401.o              124               514
    zf_device_type.o                  68        2        9
    zf_device_uart_receiver.o        364                45
    ------------------------------------------------------
    Total:                         4'400      288    1'205

C:\Users\xsj20\21smartcar_WheelLeg\project\iar\Debug_m7_0\Obj\zf_driver_11922370083829174090.dir: [53]
    zf_driver_adc.o                1'380        2       84
    zf_driver_delay.o                644        1        3
    zf_driver_flash.o                636       76    2'049
    zf_driver_gpio.o                 380
    zf_driver_pit.o                  920        9       60
    zf_driver_pwm.o                3'608       72
    zf_driver_spi.o                2'628       75       20
    zf_driver_timer.o                680                 4
    zf_driver_uart.o               2'536       78      320
    ------------------------------------------------------
    Total:                        13'412      313    2'540

dl7M_tln.a: [54]
    abort.o                            6
    exit.o                             4
    sprintf.o                         64
    strncmp.o                         42
    xfail_s.o                         64                 4
    xprintffull_nomb.o             3'758
    xsprout.o                         10
    ------------------------------------------------------
    Total:                         3'948                 4

m7M_tlv.a: [55]
    DblCmpGe.o                        52
    DblCmpLe.o                        52
    DblDiv.o                          18
    DblMul.o                          18
    DblSub.o                          18
    DblToS32.o                        14
    DblToU32.o                        14
    DblToU64.o                        70
    S32ToDbl.o                        14
    U32ToDbl.o                        14
    asin.o                           136
    asinf.o                           92
    atan2.o                          126
    atan2f.o                         106
    cos_sin64.o                      760
    fpinit_M.o                        34
    frexp.o                          112
    ldexp.o                          260
    sqrt.o                            30
    sqrtf.o                           30
    xatan.o                          280
    xatanf.o                         164
    ------------------------------------------------------
    Total:                         2'414

rt7M_tl.a: [56]
    ABImemclr4.o                       6
    ABImemcpy.o                      166
    ABImemset.o                      102
    ABImemset48.o                     50
    I64DivMod.o                      560
    I64DivZer.o                        2
    cexit.o                           10
    cmain.o                           30
    cstartup_M.o                      28
    data_init.o                       40
    lz77_init_single.o               126
    memchr.o                          88
    strchr.o                          22
    strlen.o                          54
    strncpy.o                        112
    zero_init3.o                      56
    ------------------------------------------------------
    Total:                         1'452

shb_l.a: [57]
    exit.o                            20
    ------------------------------------------------------
    Total:                            20

    Gaps                              32        4       16
    Linker created                             32    8'192
----------------------------------------------------------
    Grand Total:                  55'132    4'566   26'657


*******************************************************************************
*** ENTRY LIST
***

Entry                       Address    Size  Type      Object
-----                       -------    ----  ----      ------
.iar.init_table$$Base   0x1008'e278           --   Gb  - Linker created -
.iar.init_table$$Limit  0x1008'e298           --   Gb  - Linker created -
?main                   0x1008'e2e1          Code  Gb  cmain.o [56]
All_Dot                 0x2802'0bd0     0x1  Data  Gb  Element.o [1]
Angle_Set               0x1008'c461   0x12c  Code  Gb  Element.o [1]
Angle_cal               0x1008'9fb9   0x26c  Code  Gb  control.o [9]
Azimuth                 0x2802'46e4     0x4  Data  Gb  cm7_0_isr.o [49]
Balance                 0x2802'0af8    0x20  Data  Gb  OLEDKeyboard.o [4]
Balance_PID             0x2802'4510    0x20  Data  Gb  OLEDKeyboard.o [4]
Balance_flash_read      0x1008'13fd   0x15e  Code  Gb  OLEDKeyboard.o [4]
BusFault_Handler        0x1008'e719          Code  Wk  startup_cm7.o [35]
CH455_Read              0x1008'188d    0x22  Code  Gb  CH455.o [4]
CH455_Write             0x1008'186d    0x20  Code  Gb  CH455.o [4]
CSTACK$$Base            0x2807'e000           --   Gb  - Linker created -
CSTACK$$Limit           0x2808'0000           --   Gb  - Linker created -
CarDirection            0x2802'46e8     0x4  Data  Gb  cm7_0_isr.o [49]
Clear_Flash             0x2802'4740     0x4  Data  Gb  OLEDFun.o [4]
CoCtrl                  0x2802'0bd8  0x1cb8  Data  Gb  Compute.o [9]
CoSub_OKb               0x2802'35f0   0x320  Data  Gb  OLEDKeyboard.o [4]
Control                 0x2802'0b18    0x20  Data  Gb  OLEDKeyboard.o [4]
Control_SET             0x2802'4550    0x20  Data  Gb  OLEDKeyboard.o [4]
Control_flash_read      0x1008'156d   0x146  Code  Gb  OLEDKeyboard.o [4]
CopyVectorTable         0x1008'd76d    0x34  Code  Lc  startup.o [35]
CpuUserInt0_Handler     0x1008'd94f    0x26  Code  Gb  cy_interrupt_map.o [27]
CpuUserInt10_Handler    0x1008'e735          Code  Wk  startup_cm7.o [35]
CpuUserInt11_Handler    0x1008'e739          Code  Wk  startup_cm7.o [35]
CpuUserInt12_Handler    0x1008'e73d          Code  Wk  startup_cm7.o [35]
CpuUserInt13_Handler    0x1008'e741          Code  Wk  startup_cm7.o [35]
CpuUserInt14_Handler    0x1008'e745          Code  Wk  startup_cm7.o [35]
CpuUserInt15_Handler    0x1008'e749          Code  Wk  startup_cm7.o [35]
CpuUserInt1_Handler     0x1008'd975    0x26  Code  Gb  cy_interrupt_map.o [27]
CpuUserInt2_Handler     0x1008'd99b    0x26  Code  Gb  cy_interrupt_map.o [27]
CpuUserInt3_Handler     0x1008'd9c1    0x26  Code  Gb  cy_interrupt_map.o [27]
CpuUserInt4_Handler     0x1008'd9e7    0x26  Code  Gb  cy_interrupt_map.o [27]
CpuUserInt5_Handler     0x1008'da0d    0x26  Code  Gb  cy_interrupt_map.o [27]
CpuUserInt6_Handler     0x1008'da33    0x26  Code  Gb  cy_interrupt_map.o [27]
CpuUserInt7_Handler     0x1008'da59    0x26  Code  Gb  cy_interrupt_map.o [27]
CpuUserInt8_Handler     0x1008'e72d          Code  Wk  startup_cm7.o [35]
CpuUserInt9_Handler     0x1008'e731          Code  Wk  startup_cm7.o [35]
Cy_Adc_Channel_DeInit   0x1008'c225    0x2c  Code  Gb  cy_adc.o [5]
Cy_Adc_Channel_Disable  0x1008'c25d     0xc  Code  Gb  cy_adc.o [5]
Cy_Adc_Channel_Enable   0x1008'c251     0xc  Code  Gb  cy_adc.o [5]
Cy_Adc_Channel_Init     0x1008'c0d1   0x154  Code  Gb  cy_adc.o [5]
Cy_Adc_Channel_SetInterruptMask
                        0x1008'c275    0x7c  Code  Gb  cy_adc.o [5]
Cy_Adc_Channel_SoftwareTrigger
                        0x1008'c269     0xc  Code  Gb  cy_adc.o [5]
Cy_Adc_Init             0x1008'c045    0x8c  Code  Gb  cy_adc.o [5]
Cy_DefaultUserHandler   0x1008'd94d     0x2  Code  Gb  cy_interrupt_map.o [27]
Cy_FlashHandler         0x1008'3217    0x34  Code  Lc  cy_mw_flash.o [17]
Cy_FlashInit            0x1008'324b    0x3c  Code  Gb  cy_mw_flash.o [17]
Cy_FlashSectorErase     0x1008'3287    0x7e  Code  Gb  cy_mw_flash.o [17]
Cy_FlashWriteWork       0x1008'3391    0xbc  Code  Gb  cy_mw_flash.o [17]
Cy_Flash_BlankCheck     0x1008'5d0b    0xb4  Code  Gb  cy_flash.o [16]
Cy_Flash_BoundsCheck    0x1008'5bc1    0x24  Code  Gb  cy_flash.o [16]
Cy_Flash_CallSromApiForFlashWrite
                        0x1008'59b1    0x6a  Code  Lc  cy_flash.o [16]
Cy_Flash_EraseSector    0x1008'5ca3    0x68  Code  Gb  cy_flash.o [16]
Cy_Flash_IsWorkSmallSector
                        0x1008'5b17    0x40  Code  Gb  cy_flash.o [16]
Cy_Flash_MainBoundsCheck
                        0x1008'5b57    0x6a  Code  Gb  cy_flash.o [16]
Cy_Flash_ProcessOpcode  0x1008'5be5    0xbe  Code  Gb  cy_flash.o [16]
Cy_Flash_ProgramRow     0x1008'5a1b    0x92  Code  Gb  cy_flash.o [16]
Cy_Flash_WorkBoundsCheck
                        0x1008'5aad    0x6a  Code  Gb  cy_flash.o [16]
Cy_Flashc_GetMainBankMode
                        0x1008'598f     0xe  Code  Lc  cy_flash.o [16]
Cy_Flashc_GetWorkBankMode
                        0x1008'5981     0xe  Code  Lc  cy_flash.o [16]
Cy_Flashc_InvalidateFlashCacheBuffer
                        0x1008'599d    0x14  Code  Lc  cy_flash.o [16]
Cy_Flashc_InvalidateFlashCacheBuffer
                        0x1008'31eb    0x14  Code  Lc  cy_mw_flash.o [17]
Cy_Flashc_MainWriteEnable
                        0x1008'31ff     0xc  Code  Lc  cy_mw_flash.o [17]
Cy_Flashc_WorkWriteEnable
                        0x1008'320b     0xc  Code  Lc  cy_mw_flash.o [17]
Cy_GPIO_ClearInterrupt  0x1008'366b     0xe  Code  Lc  cy_gpio.o [18]
Cy_GPIO_Clr             0x1008'2831     0xa  Code  Lc  zf_driver_gpio.o [53]
Cy_GPIO_Pin_Init        0x1008'36af    0x72  Code  Gb  cy_gpio.o [18]
Cy_GPIO_Read            0x1008'281d     0xa  Code  Lc  zf_driver_gpio.o [53]
Cy_GPIO_Set             0x1008'2827     0xa  Code  Lc  zf_driver_gpio.o [53]
Cy_GPIO_SetDriveSel     0x1008'364d    0x1e  Code  Lc  cy_gpio.o [18]
Cy_GPIO_SetDrivemode    0x1008'35fd    0x1c  Code  Lc  cy_gpio.o [18]
Cy_GPIO_SetDrivemode    0x1008'283b    0x1c  Code  Lc  zf_driver_gpio.o [53]
Cy_GPIO_SetHSIOM        0x1008'3599    0x4c  Code  Lc  cy_gpio.o [18]
Cy_GPIO_SetInterruptEdge
                        0x1008'3693    0x1c  Code  Lc  cy_gpio.o [18]
Cy_GPIO_SetInterruptMask
                        0x1008'3679    0x1a  Code  Lc  cy_gpio.o [18]
Cy_GPIO_SetSlewRate     0x1008'3633    0x1a  Code  Lc  cy_gpio.o [18]
Cy_GPIO_SetVtrip        0x1008'3619    0x1a  Code  Lc  cy_gpio.o [18]
Cy_GPIO_Write           0x1008'35e5    0x18  Code  Lc  cy_gpio.o [18]
Cy_IPC_Drv_AcquireNotify
                        0x1008'7309     0xc  Code  Lc  cy_ipc_drv.o [19]
Cy_IPC_Drv_ClearInterrupt
                        0x1008'5577    0x14  Code  Lc  cy_srom.o [34]
Cy_IPC_Drv_GetInterruptStatusMasked
                        0x1008'5573     0x4  Code  Lc  cy_srom.o [34]
Cy_IPC_Drv_GetIntrBaseAddr
                        0x1008'552d    0x34  Code  Lc  cy_srom.o [34]
Cy_IPC_Drv_IsLockAcquired
                        0x1008'558b     0x8  Code  Lc  cy_srom.o [34]
Cy_IPC_Drv_LockAcquire  0x1008'731d    0x10  Code  Gb  cy_ipc_drv.o [19]
Cy_IPC_Drv_SendMsgWord_2
                        0x1008'732d    0x34  Code  Gb  cy_ipc_drv.o [19]
Cy_IPC_Drv_SetInterruptMask
                        0x1008'5561    0x12  Code  Lc  cy_srom.o [34]
Cy_IPC_Drv_WriteData1Value
                        0x1008'7319     0x4  Code  Lc  cy_ipc_drv.o [19]
Cy_IPC_Drv_WriteDataValue
                        0x1008'7315     0x4  Code  Lc  cy_ipc_drv.o [19]
Cy_RestoreIRQ           0x1008'd929          Code  Gb  startup_cm7.o [35]
Cy_SCB_ClearRxFifo      0x1008'8a43    0x1e  Code  Lc  zf_driver_spi.o [53]
Cy_SCB_ClearRxInterrupt
                        0x1008'cb3f     0xa  Code  Lc  cm7_0_isr.o [49]
Cy_SCB_ClearTxInterrupt
                        0x1008'cb4f     0xa  Code  Lc  cm7_0_isr.o [49]
Cy_SCB_GetFifoSize      0x1008'8a9d    0x12  Code  Lc  zf_driver_spi.o [53]
Cy_SCB_GetNumInRxFifo   0x1008'8a39     0xa  Code  Lc  zf_driver_spi.o [53]
Cy_SCB_GetNumInRxFifo   0x1008'47a9     0xa  Code  Lc  zf_driver_uart.o [53]
Cy_SCB_GetNumInTxFifo   0x1008'8a67     0xa  Code  Lc  zf_driver_spi.o [53]
Cy_SCB_GetNumInTxFifo   0x1008'47b9     0xa  Code  Lc  zf_driver_uart.o [53]
Cy_SCB_GetRxInterruptMask
                        0x1008'cb39     0x6  Code  Lc  cm7_0_isr.o [49]
Cy_SCB_GetRxInterruptMask
                        0x1008'47f5     0x6  Code  Lc  zf_driver_uart.o [53]
Cy_SCB_GetTxInterruptMask
                        0x1008'cb49     0x6  Code  Lc  cm7_0_isr.o [49]
Cy_SCB_GetTxInterruptMask
                        0x1008'4801     0x6  Code  Lc  zf_driver_uart.o [53]
Cy_SCB_GetTxSrValid     0x1008'8a71     0xa  Code  Lc  zf_driver_spi.o [53]
Cy_SCB_GetTxSrValid     0x1008'47c3     0xa  Code  Lc  zf_driver_uart.o [53]
Cy_SCB_IsTxComplete     0x1008'8a7b    0x22  Code  Lc  zf_driver_spi.o [53]
Cy_SCB_IsTxComplete     0x1008'47cd    0x22  Code  Lc  zf_driver_uart.o [53]
Cy_SCB_ReadRxFifo       0x1008'47a3     0x6  Code  Lc  zf_driver_uart.o [53]
Cy_SCB_SPI_ClearRxFifo  0x1008'8acd     0x8  Code  Lc  zf_driver_spi.o [53]
Cy_SCB_SPI_Enable       0x1008'8aaf     0xa  Code  Lc  zf_driver_spi.o [53]
Cy_SCB_SPI_GetNumInRxFifo
                        0x1008'8ac5     0x8  Code  Lc  zf_driver_spi.o [53]
Cy_SCB_SPI_Init         0x1008'947d   0x1d8  Code  Gb  cy_scb_spi.o [28]
Cy_SCB_SPI_SetActiveSlaveSelect
                        0x1008'8ab9     0xc  Code  Lc  zf_driver_spi.o [53]
Cy_SCB_SetRxInterruptMask
                        0x1008'47ef     0x6  Code  Lc  zf_driver_uart.o [53]
Cy_SCB_SetTxInterruptMask
                        0x1008'47fb     0x6  Code  Lc  zf_driver_uart.o [53]
Cy_SCB_UART_DeInit      0x1008'63b5    0x5c  Code  Gb  cy_scb_uart.o [28]
Cy_SCB_UART_Enable      0x1008'4807     0xa  Code  Lc  zf_driver_uart.o [53]
Cy_SCB_UART_Init        0x1008'6131   0x284  Code  Gb  cy_scb_uart.o [28]
Cy_SCB_WriteTxFifo      0x1008'8a61     0x6  Code  Lc  zf_driver_spi.o [53]
Cy_SCB_WriteTxFifo      0x1008'47b3     0x6  Code  Lc  zf_driver_uart.o [53]
Cy_SaveIRQ              0x1008'd921          Code  Gb  startup_cm7.o [35]
Cy_Srom_CallApi         0x1008'5593    0xb8  Code  Gb  cy_srom.o [34]
Cy_Srom_CallApi_NonBlock
                        0x1008'564b    0x66  Code  Gb  cy_srom.o [34]
Cy_Srom_ConvertRespToStatus
                        0x1008'5717    0x1e  Code  Gb  cy_srom.o [34]
Cy_Srom_GetApiResponse  0x1008'56e1    0x36  Code  Gb  cy_srom.o [34]
Cy_Srom_GetResponseType
                        0x1008'56b1    0x30  Code  Gb  cy_srom.o [34]
Cy_Srom_ISR_ResponseIPC
                        0x1008'5791    0x58  Code  Lc  cy_srom.o [34]
Cy_Srom_SetResponseHandler
                        0x1008'5735    0x5a  Code  Gb  cy_srom.o [34]
Cy_SysClk_CheckDividerExisting
                        0x1008'bae1    0x2c  Code  Lc  zf_driver_adc.o [53]
Cy_SysClk_CheckDividerExisting
                        0x1008'85fd    0x2a  Code  Lc  zf_driver_delay.o [53]
Cy_SysClk_CheckDividerExisting
                        0x1008'c7a1    0x2c  Code  Lc  zf_driver_pit.o [53]
Cy_SysClk_CheckDividerExisting
                        0x1008'64f1    0x2c  Code  Lc  zf_driver_pwm.o [53]
Cy_SysClk_CheckDividerExisting
                        0x1008'8ad5    0x2c  Code  Lc  zf_driver_spi.o [53]
Cy_SysClk_CheckDividerExisting
                        0x1008'd0fd    0x2a  Code  Lc  zf_driver_timer.o [53]
Cy_SysClk_CheckDividerExisting
                        0x1008'45ff    0x2c  Code  Lc  zf_driver_uart.o [53]
Cy_SysClk_ClkPathGetSource
                        0x1008'97e1    0x54  Code  Gb  cy_sysclk.o [37]
Cy_SysClk_EcoGetStatus  0x1008'966d    0x1a  Code  Lc  cy_sysclk.o [37]
Cy_SysClk_Fast0ClkGetDivider
                        0x1008'97b5    0x16  Code  Lc  cy_sysclk.o [37]
Cy_SysClk_Fast1ClkGetDivider
                        0x1008'97cb    0x16  Code  Lc  cy_sysclk.o [37]
Cy_SysClk_FllGetConfiguration
                        0x1008'983d    0x7e  Code  Gb  cy_sysclk.o [37]
Cy_SysClk_FllGetLockStatus
                        0x1008'9687     0xc  Code  Lc  cy_sysclk.o [37]
Cy_SysClk_GetClockGroup
                        0x1008'bb8f     0x8  Code  Lc  zf_driver_adc.o [53]
Cy_SysClk_GetClockGroup
                        0x1008'86a5     0x8  Code  Lc  zf_driver_delay.o [53]
Cy_SysClk_GetClockGroup
                        0x1008'c84f     0x8  Code  Lc  zf_driver_pit.o [53]
Cy_SysClk_GetClockGroup
                        0x1008'659f     0x8  Code  Lc  zf_driver_pwm.o [53]
Cy_SysClk_GetClockGroup
                        0x1008'8bb9     0x8  Code  Lc  zf_driver_spi.o [53]
Cy_SysClk_GetClockGroup
                        0x1008'd1a5     0x8  Code  Lc  zf_driver_timer.o [53]
Cy_SysClk_GetClockGroup
                        0x1008'46e3     0x8  Code  Lc  zf_driver_uart.o [53]
Cy_SysClk_GetCoreFrequency
                        0x1008'9f01    0x2a  Code  Gb  cy_sysclk.o [37]
Cy_SysClk_GetEcoFrequency
                        0x1008'9a09    0x32  Code  Gb  cy_sysclk.o [37]
Cy_SysClk_GetExtFrequency
                        0x1008'9a3d    0x1e  Code  Gb  cy_sysclk.o [37]
Cy_SysClk_GetFast0Frequency
                        0x1008'9e55    0x56  Code  Gb  cy_sysclk.o [37]
Cy_SysClk_GetFast1Frequency
                        0x1008'9eab    0x56  Code  Gb  cy_sysclk.o [37]
Cy_SysClk_GetFllInputFrequency
                        0x1008'9b5d     0xc  Code  Gb  cy_sysclk.o [37]
Cy_SysClk_GetFllOutputFrequency
                        0x1008'9b85    0x78  Code  Gb  cy_sysclk.o [37]
Cy_SysClk_GetHfClkFrequency
                        0x1008'9dd7    0x7a  Code  Gb  cy_sysclk.o [37]
Cy_SysClk_GetIlo0Frequency
                        0x1008'9a5b    0x32  Code  Gb  cy_sysclk.o [37]
Cy_SysClk_GetIlo1Frequency
                        0x1008'9a8d    0x32  Code  Gb  cy_sysclk.o [37]
Cy_SysClk_GetImoFrequency
                        0x1008'99d7    0x32  Code  Gb  cy_sysclk.o [37]
Cy_SysClk_GetPathFrequency
                        0x1008'9da5    0x32  Code  Gb  cy_sysclk.o [37]
Cy_SysClk_GetPathSourceFrequency
                        0x1008'9af9    0x64  Code  Gb  cy_sysclk.o [37]
Cy_SysClk_GetPll400MNo  0x1008'96d1    0x14  Code  Lc  cy_sysclk.o [37]
Cy_SysClk_GetPllInputFrequency
                        0x1008'9b69    0x1c  Code  Gb  cy_sysclk.o [37]
Cy_SysClk_GetPllNo      0x1008'9695    0x12  Code  Lc  cy_sysclk.o [37]
Cy_SysClk_GetPllOutputFrequency
                        0x1008'9c01   0x1a0  Code  Gb  cy_sysclk.o [37]
Cy_SysClk_GetWcoFrequency
                        0x1008'9abf    0x32  Code  Gb  cy_sysclk.o [37]
Cy_SysClk_HfClockGetDivider
                        0x1008'9773    0x42  Code  Lc  cy_sysclk.o [37]
Cy_SysClk_HfClockGetSource
                        0x1008'971f    0x54  Code  Lc  cy_sysclk.o [37]
Cy_SysClk_InitGetFreqParams
                        0x1008'99bd    0x1a  Code  Gb  cy_sysclk.o [37]
Cy_SysClk_PeriphAssignDivider
                        0x1008'bb97    0x6a  Code  Lc  zf_driver_adc.o [53]
Cy_SysClk_PeriphAssignDivider
                        0x1008'86ad    0x68  Code  Lc  zf_driver_delay.o [53]
Cy_SysClk_PeriphAssignDivider
                        0x1008'c857    0x68  Code  Lc  zf_driver_pit.o [53]
Cy_SysClk_PeriphAssignDivider
                        0x1008'65a7    0x6a  Code  Lc  zf_driver_pwm.o [53]
Cy_SysClk_PeriphAssignDivider
                        0x1008'8bc1    0x6a  Code  Lc  zf_driver_spi.o [53]
Cy_SysClk_PeriphAssignDivider
                        0x1008'd1ad    0x68  Code  Lc  zf_driver_timer.o [53]
[...]
g_completeFlag          0x2802'4788     0x1  Data  Lc  cy_mw_flash.o [17]
g_dummy                 0x2802'4710     0x4  Data  Lc  cy_srom.o [34]
g_scratch               0x2802'46a0    0x10  Data  Lc  cy_srom.o [34]
get_adc_pin             0x1008'bc4f   0x1a2  Code  Lc  zf_driver_adc.o [53]
get_angle               0x1008'ae35    0xe0  Code  Gb  MahonyAHRS.o [2]
get_double_number       0x1008'768d    0x34  Code  Lc  zf_device_gnss.o [52]
get_float_number        0x1008'7655    0x38  Code  Lc  zf_device_gnss.o [52]
get_int_number          0x1008'7625    0x2e  Code  Lc  zf_device_gnss.o [52]
get_parameter_index     0x1008'75d1    0x54  Code  Lc  zf_device_gnss.o [52]
get_pwm_ch              0x1008'6d39   0x368  Code  Lc  zf_driver_pwm.o [53]
get_pwm_pin             0x1008'665f   0x368  Code  Lc  zf_driver_pwm.o [53]
get_pwm_pin_hsiom       0x1008'69c7   0x36a  Code  Lc  zf_driver_pwm.o [53]
get_scb_module          0x1008'495d    0x44  Code  Gb  zf_driver_uart.o [53]
get_two_points_azimuth  0x1008'7b09    0xc6  Code  Gb  zf_device_gnss.o [52]
get_two_points_distance
                        0x1008'7a3d    0xc4  Code  Gb  zf_device_gnss.o [52]
get_uart_config         0x1008'4811   0x14c  Code  Lc  zf_driver_uart.o [53]
gnss                    0x2802'4258    0x48  Data  Gb  zf_device_gnss.o [52]
gnss_data_parse         0x1008'7bdd   0x11e  Code  Gb  zf_device_gnss.o [52]
gnss_dot                0x2802'3d40    0xb0  Data  Gb  cm7_0_isr.o [49]
gnss_flag               0x2802'4797     0x1  Data  Gb  zf_device_gnss.o [52]
gnss_gga_state          0x2802'4799     0x1  Data  Lc  zf_device_gnss.o [52]
gnss_init               0x1008'7e09   0x1c8  Code  Gb  zf_device_gnss.o [52]
gnss_receiver_buffer    0x2802'3fcc    0x80  Data  Lc  zf_device_gnss.o [52]
gnss_receiver_fifo      0x2802'4654    0x18  Data  Lc  zf_device_gnss.o [52]
gnss_rmc_state          0x2802'479a     0x1  Data  Lc  zf_device_gnss.o [52]
gnss_state              0x2802'4798     0x1  Data  Lc  zf_device_gnss.o [52]
gnss_ths_state          0x2802'479b     0x1  Data  Lc  zf_device_gnss.o [52]
gnss_uart_callback      0x1008'7d1d    0xe2  Code  Gb  zf_device_gnss.o [52]
gp_srom_resp_handler    0x2802'470c     0x4  Data  Lc  cy_srom.o [34]
gpio_get_level          0x1008'289b    0x22  Code  Gb  zf_driver_gpio.o [53]
gpio_init               0x1008'290b    0x88  Code  Gb  zf_driver_gpio.o [53]
gpio_set_dir            0x1008'28bd    0x4e  Code  Gb  zf_driver_gpio.o [53]
gpio_set_level          0x1008'2857    0x44  Code  Gb  zf_driver_gpio.o [53]
gps_gga_buffer          0x2802'404c    0x80  Data  Lc  zf_device_gnss.o [52]
gps_gngga_parse         0x1008'7989    0x6c  Code  Lc  zf_device_gnss.o [52]
gps_gnrmc_parse         0x1008'7759   0x222  Code  Lc  zf_device_gnss.o [52]
gps_gnths_parse         0x1008'79f5    0x46  Code  Lc  zf_device_gnss.o [52]
gps_rmc_buffer          0x2802'40cc    0x80  Data  Lc  zf_device_gnss.o [52]
gps_state               0x2802'4784     0x1  Data  Gb  cm7_0_isr.o [49]
gps_ths_buffer          0x2802'414c    0x80  Data  Lc  zf_device_gnss.o [52]
gx_last                 0x2802'46ec     0x4  Data  Gb  control.o [9]
gy_last                 0x2802'46f0     0x4  Data  Gb  control.o [9]
gz_last                 0x2802'46f4     0x4  Data  Gb  control.o [9]
hCtrl                   0x2802'3c28    0xfc  Data  Gb  control.o [9]
icm963_offset           0x1008'acb9   0x12e  Code  Gb  zf_device_imu963ra.o [52]
iic_delay               0x1008'2809    0x14  Code  Gb  IIC.o [4]
imu963_data_trans       0x1008'ab95   0x122  Code  Gb  zf_device_imu963ra.o [52]
imu963ra_acc_gyro_self_check
                        0x1008'aa0b    0x32  Code  Lc  zf_device_imu963ra.o [52]
imu963ra_acc_x          0x2802'477e     0x2  Data  Gb  zf_device_imu963ra.o [52]
imu963ra_acc_y          0x2802'4780     0x2  Data  Gb  zf_device_imu963ra.o [52]
imu963ra_acc_z          0x2802'4782     0x2  Data  Gb  zf_device_imu963ra.o [52]
imu963ra_get_acc        0x1008'aa3d    0x44  Code  Gb  zf_device_imu963ra.o [52]
imu963ra_get_gyro       0x1008'aa81    0x44  Code  Gb  zf_device_imu963ra.o [52]
imu963ra_gyro_x         0x2802'4778     0x2  Data  Gb  zf_device_imu963ra.o [52]
imu963ra_gyro_y         0x2802'477a     0x2  Data  Gb  zf_device_imu963ra.o [52]
imu963ra_gyro_z         0x2802'477c     0x2  Data  Gb  zf_device_imu963ra.o [52]
imu963ra_init           0x1008'aac5    0xce  Code  Gb  zf_device_imu963ra.o [52]
imu963ra_read_acc_gyro_register
                        0x1008'a9bf    0x26  Code  Lc  zf_device_imu963ra.o [52]
imu963ra_read_acc_gyro_registers
                        0x1008'a9e5    0x26  Code  Lc  zf_device_imu963ra.o [52]
imu963ra_transition_factor
                        0x2802'0b38     0xc  Data  Gb  zf_device_imu963ra.o [52]
imu963ra_write_acc_gyro_register
                        0x1008'a99d    0x22  Code  Lc  zf_device_imu963ra.o [52]
intFreqInitialized      0x2802'478a     0x1  Data  Gb  cy_sysclk.o [37]
integralFBx             0x2802'4728     0x4  Data  Gb  MahonyAHRS.o [2]
integralFBx_yaw         0x2802'4734     0x4  Data  Gb  MahonyAHRS.o [2]
integralFBy             0x2802'472c     0x4  Data  Gb  MahonyAHRS.o [2]
integralFBy_yaw         0x2802'4738     0x4  Data  Gb  MahonyAHRS.o [2]
integralFBz             0x2802'4730     0x4  Data  Gb  MahonyAHRS.o [2]
integralFBz_yaw         0x2802'473c     0x4  Data  Gb  MahonyAHRS.o [2]
internalBaseFreqInfo    0x2802'460c    0x18  Data  Gb  cy_sysclk.o [37]
interrupt_global_disable
                        0x1008'54b5    0x14  Code  Gb  zf_common_interrupt.o [50]
interrupt_global_enable
                        0x1008'54a5    0x10  Code  Gb  zf_common_interrupt.o [50]
interrupt_global_flag   0x2802'4768     0x4  Data  Lc  zf_common_interrupt.o [50]
interrupt_init          0x1008'54f5    0x36  Code  Gb  zf_common_interrupt.o [50]
interrupt_set_priority  0x1008'54e9     0xc  Code  Gb  zf_common_interrupt.o [50]
invSqrt                 0x1008'b179    0x30  Code  Gb  MahonyAHRS.o [2]
ldexp                   0x1008'5fd1          Code  Gb  ldexp.o [55]
ldexpl                  0x1008'5fd1          Code  Gb  ldexp.o [55]
main                    0x1008'df01    0x58  Code  Gb  main_cm7_0.o [49]
memchr                  0x1008'5e8d          Code  Gb  memchr.o [56]
motor_value             0x2802'466c    0x14  Data  Gb  small_driver_uart_control.o [9]
pid_out                 0x2802'474c     0x4  Data  Gb  pid.o [9]
pit0_ch0_isr            0x1008'cb59    0x8e  Code  Gb  cm7_0_isr.o [49]
pit0_ch0_isr::ms20      0x2802'4787     0x1  Data  Lc  cm7_0_isr.o [49]
pit0_ch0_isr::ms4       0x2802'4785     0x1  Data  Lc  cm7_0_isr.o [49]
pit0_ch0_isr::ms8       0x2802'4786     0x1  Data  Lc  cm7_0_isr.o [49]
pit0_ch10_isr           0x1008'cbfb     0xa  Code  Gb  cm7_0_isr.o [49]
pit0_ch11_isr           0x1008'cc05     0xa  Code  Gb  cm7_0_isr.o [49]
pit0_ch12_isr           0x1008'cc0f     0xa  Code  Gb  cm7_0_isr.o [49]
pit0_ch13_isr           0x1008'cc19     0xa  Code  Gb  cm7_0_isr.o [49]
pit0_ch14_isr           0x1008'cc23     0xa  Code  Gb  cm7_0_isr.o [49]
pit0_ch15_isr           0x1008'cc2d     0xa  Code  Gb  cm7_0_isr.o [49]
pit0_ch16_isr           0x1008'cc37     0xa  Code  Gb  cm7_0_isr.o [49]
pit0_ch17_isr           0x1008'cc41     0xa  Code  Gb  cm7_0_isr.o [49]
pit0_ch18_isr           0x1008'cc4b     0xa  Code  Gb  cm7_0_isr.o [49]
pit0_ch19_isr           0x1008'cc55     0xa  Code  Gb  cm7_0_isr.o [49]
pit0_ch1_isr            0x1008'cbe7     0xa  Code  Gb  cm7_0_isr.o [49]
pit0_ch20_isr           0x1008'cc5f     0xa  Code  Gb  cm7_0_isr.o [49]
pit0_ch21_isr           0x1008'cc69     0xe  Code  Gb  cm7_0_isr.o [49]
pit0_ch2_isr            0x1008'cbf1     0xa  Code  Gb  cm7_0_isr.o [49]
pit_init                0x1008'c935   0x1ee  Code  Gb  zf_driver_pit.o [53]
pit_isr_flag_clear      0x1008'c90b    0x2a  Code  Gb  zf_driver_pit.o [53]
pit_isr_func            0x2802'0b58    0x3c  Data  Gb  zf_driver_pit.o [53]
programSizeBytesLut     0x1008'e3cc    0x14  Data  Lc  cy_flash.o [16]
pwm_all_channel_close   0x1008'70a1    0x1a  Code  Gb  zf_driver_pwm.o [53]
pwm_init                0x1008'7115   0x1e4  Code  Gb  zf_driver_pwm.o [53]
pwm_set_duty            0x1008'70bb    0x5a  Code  Gb  zf_driver_pwm.o [53]
run                     0x2802'0ae8    0x10  Data  Gb  OLEDKeyboard.o [4]
sar_adc                 0x2802'0b4c     0xc  Data  Lc  zf_driver_adc.o [53]
scalbln                 0x1008'5fd1          Code  Gb  ldexp.o [55]
scalblnl                0x1008'5fd1          Code  Gb  ldexp.o [55]
scalbn                  0x1008'5fd1          Code  Gb  ldexp.o [55]
scalbnl                 0x1008'5fd1          Code  Gb  ldexp.o [55]
scale                   0x1008'4511    0x46  Code  Lc  xprintffull_nomb.o [54]
scb_module              0x2802'0bb8    0x14  Data  Gb  zf_driver_uart.o [53]
sec_hand                0x2802'4774     0x4  Data  Lc  xfail_s.o [54]
set_wireless_type       0x1008'dc37    0x32  Code  Gb  zf_device_type.o [52]
sin                     0x1008'84e9     0x4  Code  Gb  cos_sin64.o [55]
sinl                    0x1008'84e9     0x4  Code  Gb  cos_sin64.o [55]
small_driver_get_speed  0x1008'd0cf    0x2a  Code  Gb  small_driver_uart_control.o [9]
spi_get_clk_hsiom       0x1008'8d35    0x28  Code  Lc  zf_driver_spi.o [53]
spi_get_clk_pin         0x1008'8c79    0x28  Code  Lc  zf_driver_spi.o [53]
spi_get_cs_hsiom        0x1008'8dad    0x44  Code  Lc  zf_driver_spi.o [53]
spi_get_cs_pin          0x1008'8cf1    0x44  Code  Lc  zf_driver_spi.o [53]
spi_get_miso_hsiom      0x1008'8d85    0x28  Code  Lc  zf_driver_spi.o [53]
spi_get_miso_pin        0x1008'8cc9    0x28  Code  Lc  zf_driver_spi.o [53]
spi_get_mosi_hsiom      0x1008'8d5d    0x28  Code  Lc  zf_driver_spi.o [53]
spi_get_mosi_pin        0x1008'8ca1    0x28  Code  Lc  zf_driver_spi.o [53]
spi_init                0x1008'91d9   0x28e  Code  Gb  zf_driver_spi.o [53]
spi_module              0x2802'0b94    0x10  Data  Gb  zf_driver_spi.o [53]
spi_read_8bit_register  0x1008'9015    0xd0  Code  Gb  zf_driver_spi.o [53]
spi_read_8bit_registers
                        0x1008'90e5    0xe2  Code  Gb  zf_driver_spi.o [53]
spi_write_8bit_register
                        0x1008'8f2d    0xde  Code  Gb  zf_driver_spi.o [53]
sprintf                 0x1008'2d21    0x40  Code  Gb  sprintf.o [54]
sqrt                    0x1008'25a5          Code  Gb  sqrt.o [55]
sqrtf                   0x1008'c781          Code  Gb  sqrtf.o [55]
sqrtl                   0x1008'25a5          Code  Gb  sqrt.o [55]
strchr                  0x1008'5e35          Code  Gb  strchr.o [56]
strlen                  0x1008'4fc9          Code  Gb  strlen.o [56]
strncmp                 0x1008'85d1    0x2a  Code  Gb  strncmp.o [54]
strncpy                 0x1008'5819          Code  Gb  strncpy.o [56]
switch_transition_length
                        0x1008'8df1   0x13c  Code  Lc  zf_driver_spi.o [53]
system_clock            0x2802'4764     0x4  Data  Gb  zf_common_clock.o [50]
system_delay_init       0x1008'87bf    0xa6  Code  Gb  zf_driver_delay.o [53]
system_delay_ms         0x1008'8761    0x5e  Code  Gb  zf_driver_delay.o [53]
timer_ch                0x2802'0bd3     0x1  Data  Lc  zf_driver_delay.o [53]
timer_clear             0x1008'd2b7    0x16  Code  Gb  zf_driver_timer.o [53]
timer_get               0x1008'd289    0x2e  Code  Gb  zf_driver_timer.o [53]
timer_init              0x1008'd2cd    0xc8  Code  Gb  zf_driver_timer.o [53]
timer_start             0x1008'd261    0x28  Code  Gb  zf_driver_timer.o [53]
tsl1401_collect_pit_handler
                        0x1008'cfa1    0x68  Code  Gb  zf_device_tsl1401.o [52]
tsl1401_data            0x2802'3910   0x200  Data  Gb  zf_device_tsl1401.o [52]
tsl1401_finish_flag     0x2802'479d     0x1  Data  Gb  zf_device_tsl1401.o [52]
tsl1401_init_state      0x2802'479c     0x1  Data  Lc  zf_device_tsl1401.o [52]
twoKi                   0x2802'4724     0x4  Data  Gb  MahonyAHRS.o [2]
twoKp                   0x2802'0894     0x4  Data  Gb  MahonyAHRS.o [2]
type_default_callback   0x1008'dc35     0x2  Code  Lc  zf_device_type.o [52]
uart0_isr               0x1008'cc77    0x40  Code  Gb  cm7_0_isr.o [49]
uart1_isr               0x1008'ccb7    0x40  Code  Gb  cm7_0_isr.o [49]
uart2_isr               0x1008'ccf7    0xae  Code  Gb  cm7_0_isr.o [49]
uart3_isr               0x1008'cda5    0x42  Code  Gb  cm7_0_isr.o [49]
uart4_isr               0x1008'ce31    0x3c  Code  Gb  cm7_0_isr.o [49]
uart_context            0x2802'3b10   0x118  Data  Gb  zf_driver_uart.o [53]
uart_control_callback   0x1008'd01d    0xb2  Code  Gb  small_driver_uart_control.o [9]
uart_init               0x1008'4ded   0x190  Code  Gb  zf_driver_uart.o [53]
uart_isr_func           0x2802'0ba4    0x14  Data  Gb  zf_driver_uart.o [53]
uart_query_byte         0x1008'4a03    0x32  Code  Gb  zf_driver_uart.o [53]
uart_receiver           0x2802'46b0    0x10  Data  Gb  zf_device_uart_receiver.o [52]
uart_receiver_analysis  0x1008'dadd    0xca  Code  Lc  zf_device_uart_receiver.o [52]
uart_receiver_callback  0x1008'dba7    0x4a  Code  Gb  zf_device_uart_receiver.o [52]
uart_receiver_callback::length
                        0x2802'479f     0x1  Data  Lc  zf_device_uart_receiver.o [52]
uart_receiver_data      0x2802'45f0    0x1c  Data  Gb  zf_device_uart_receiver.o [52]
uart_receiver_handler   0x2802'0b48     0x4  Data  Gb  zf_device_type.o [52]
uart_receiver_init      0x1008'dbf1    0x2e  Code  Gb  zf_device_uart_receiver.o [52]
uart_receiver_interval_time
                        0x1008'dac9    0x14  Code  Lc  zf_device_uart_receiver.o [52]
uart_rx_interrupt       0x1008'4b51    0xfe  Code  Gb  zf_driver_uart.o [53]
uart_sbus_init          0x1008'4c4f   0x19e  Code  Gb  zf_driver_uart.o [53]
uart_tx_interrupt       0x1008'4a35   0x11c  Code  Gb  zf_driver_uart.o [53]
uart_write_buffer       0x1008'49c9    0x1e  Code  Gb  zf_driver_uart.o [53]
uart_write_byte         0x1008'49a1    0x28  Code  Gb  zf_driver_uart.o [53]
uart_write_string       0x1008'49e7    0x1c  Code  Gb  zf_driver_uart.o [53]
utc_to_btc              0x1008'76c1    0x96  Code  Lc  zf_device_gnss.o [52]
wireless_module_uart_handler
                        0x2802'0b44     0x4  Data  Gb  zf_device_type.o [52]
wireless_type           0x2802'479e     0x1  Data  Gb  zf_device_type.o [52]
zf_debug_assert_enable  0x2802'0bd2     0x1  Data  Lc  zf_common_debug.o [50]
zf_debug_init_flag      0x2802'4794     0x1  Data  Lc  zf_common_debug.o [50]


[1] = C:\Users\xsj20\21smartcar_WheelLeg\project\iar\Debug_m7_0\Obj\Element_10143943319297899650.dir
[2] = C:\Users\xsj20\21smartcar_WheelLeg\project\iar\Debug_m7_0\Obj\JBD_IMU_13254844613604958863.dir
[3] = C:\Users\xsj20\21smartcar_WheelLeg\project\iar\Debug_m7_0\Obj\JBD_MAP_387659158335041870.dir
[4] = C:\Users\xsj20\21smartcar_WheelLeg\project\iar\Debug_m7_0\Obj\JBD_OLED_17930871203713349585.dir
[5] = C:\Users\xsj20\21smartcar_WheelLeg\project\iar\Debug_m7_0\Obj\adc_11722776235721520015.dir
[6] = C:\Users\xsj20\21smartcar_WheelLeg\project\iar\Debug_m7_0\Obj\audioss_1346650047966882938.dir
[7] = C:\Users\xsj20\21smartcar_WheelLeg\project\iar\Debug_m7_0\Obj\button_4990804375159372270.dir
[8] = C:\Users\xsj20\21smartcar_WheelLeg\project\iar\Debug_m7_0\Obj\canfd_1800690984773873875.dir
[9] = C:\Users\xsj20\21smartcar_WheelLeg\project\iar\Debug_m7_0\Obj\code_17896468042025673432.dir
[10] = C:\Users\xsj20\21smartcar_WheelLeg\project\iar\Debug_m7_0\Obj\cpu_15938736945165268644.dir
[11] = C:\Users\xsj20\21smartcar_WheelLeg\project\iar\Debug_m7_0\Obj\crypto_1190170608956581615.dir
[12] = C:\Users\xsj20\21smartcar_WheelLeg\project\iar\Debug_m7_0\Obj\dma_12106025507578611576.dir
[13] = C:\Users\xsj20\21smartcar_WheelLeg\project\iar\Debug_m7_0\Obj\eth_phy_18133017486186456677.dir
[14] = C:\Users\xsj20\21smartcar_WheelLeg\project\iar\Debug_m7_0\Obj\ethernet_6029839089178797009.dir
[15] = C:\Users\xsj20\21smartcar_WheelLeg\project\iar\Debug_m7_0\Obj\evtgen_3404189088603873129.dir
[16] = C:\Users\xsj20\21smartcar_WheelLeg\project\iar\Debug_m7_0\Obj\flash_8529866181315662935.dir
[17] = C:\Users\xsj20\21smartcar_WheelLeg\project\iar\Debug_m7_0\Obj\flash_864493325053435817.dir
[18] = C:\Users\xsj20\21smartcar_WheelLeg\project\iar\Debug_m7_0\Obj\gpio_3999404635324069351.dir
[19] = C:\Users\xsj20\21smartcar_WheelLeg\project\iar\Debug_m7_0\Obj\ipc_10145506163450686023.dir
[20] = C:\Users\xsj20\21smartcar_WheelLeg\project\iar\Debug_m7_0\Obj\lin_18429031207028094880.dir
[21] = C:\Users\xsj20\21smartcar_WheelLeg\project\iar\Debug_m7_0\Obj\lvd_6353935867039560245.dir
[22] = C:\Users\xsj20\21smartcar_WheelLeg\project\iar\Debug_m7_0\Obj\mcwdt_4052485907822033969.dir
[23] = C:\Users\xsj20\21smartcar_WheelLeg\project\iar\Debug_m7_0\Obj\mpu_5663187252346826382.dir
[24] = C:\Users\xsj20\21smartcar_WheelLeg\project\iar\Debug_m7_0\Obj\power_14453085144426420577.dir
[25] = C:\Users\xsj20\21smartcar_WheelLeg\project\iar\Debug_m7_0\Obj\prot_10722960861768657883.dir
[26] = C:\Users\xsj20\21smartcar_WheelLeg\project\iar\Debug_m7_0\Obj\rev_b_4986922561640112550.dir
[27] = C:\Users\xsj20\21smartcar_WheelLeg\project\iar\Debug_m7_0\Obj\rev_b_6162237342861132223.dir
[28] = C:\Users\xsj20\21smartcar_WheelLeg\project\iar\Debug_m7_0\Obj\scb_15490842639181808494.dir
[29] = C:\Users\xsj20\21smartcar_WheelLeg\project\iar\Debug_m7_0\Obj\sd_host_2982766354293506895.dir
[30] = C:\Users\xsj20\21smartcar_WheelLeg\project\iar\Debug_m7_0\Obj\semihosting_143864889731838620.dir
[31] = C:\Users\xsj20\21smartcar_WheelLeg\project\iar\Debug_m7_0\Obj\smartio_5451710003740070188.dir
[32] = C:\Users\xsj20\21smartcar_WheelLeg\project\iar\Debug_m7_0\Obj\smif_427648126384146252.dir
[33] = C:\Users\xsj20\21smartcar_WheelLeg\project\iar\Debug_m7_0\Obj\smif_mem_6470536964353725183.dir
[34] = C:\Users\xsj20\21smartcar_WheelLeg\project\iar\Debug_m7_0\Obj\srom_13018798572330080582.dir
[35] = C:\Users\xsj20\21smartcar_WheelLeg\project\iar\Debug_m7_0\Obj\startup_479057977785470282.dir
[36] = C:\Users\xsj20\21smartcar_WheelLeg\project\iar\Debug_m7_0\Obj\sw_timer_4215635015939382130.dir
[37] = C:\Users\xsj20\21smartcar_WheelLeg\project\iar\Debug_m7_0\Obj\sysclk_16149231235676103872.dir
[38] = C:\Users\xsj20\21smartcar_WheelLeg\project\iar\Debug_m7_0\Obj\sysflt_12293435975120599261.dir
[39] = C:\Users\xsj20\21smartcar_WheelLeg\project\iar\Debug_m7_0\Obj\sysint_7435970359207984181.dir
[40] = C:\Users\xsj20\21smartcar_WheelLeg\project\iar\Debug_m7_0\Obj\syslib_16330585751512546975.dir
[41] = C:\Users\xsj20\21smartcar_WheelLeg\project\iar\Debug_m7_0\Obj\syspm_10887939769544754770.dir
[42] = C:\Users\xsj20\21smartcar_WheelLeg\project\iar\Debug_m7_0\Obj\sysreghc_17676636058511625587.dir
[43] = C:\Users\xsj20\21smartcar_WheelLeg\project\iar\Debug_m7_0\Obj\sysreset_14586141425677365288.dir
[44] = C:\Users\xsj20\21smartcar_WheelLeg\project\iar\Debug_m7_0\Obj\sysrtc_10747768817563771611.dir
[45] = C:\Users\xsj20\21smartcar_WheelLeg\project\iar\Debug_m7_0\Obj\systick_16016591671695740695.dir
[46] = C:\Users\xsj20\21smartcar_WheelLeg\project\iar\Debug_m7_0\Obj\syswdt_9118657615806274156.dir
[47] = C:\Users\xsj20\21smartcar_WheelLeg\project\iar\Debug_m7_0\Obj\tcpwm_422923530147891246.dir
[48] = C:\Users\xsj20\21smartcar_WheelLeg\project\iar\Debug_m7_0\Obj\trigmux_9729677290734583340.dir
[49] = C:\Users\xsj20\21smartcar_WheelLeg\project\iar\Debug_m7_0\Obj\user_8514941877209965082.dir
[50] = C:\Users\xsj20\21smartcar_WheelLeg\project\iar\Debug_m7_0\Obj\zf_common_1201165462030747823.dir
[51] = C:\Users\xsj20\21smartcar_WheelLeg\project\iar\Debug_m7_0\Obj\zf_components_14936052685886095442.dir
[52] = C:\Users\xsj20\21smartcar_WheelLeg\project\iar\Debug_m7_0\Obj\zf_device_6570275422786408770.dir
[53] = C:\Users\xsj20\21smartcar_WheelLeg\project\iar\Debug_m7_0\Obj\zf_driver_11922370083829174090.dir
[54] = dl7M_tln.a
[55] = m7M_tlv.a
[56] = rt7M_tl.a
[57] = shb_l.a
[58] = zf_device_config.a

  55'132 bytes of readonly  code memory
   4'566 bytes of readonly  data memory
  26'657 bytes of readwrite data memory

Errors: none
Warnings: none
