###############################################################################
#
# IAR ELF Linker V9.40.1.364/W64 for ARM                  29/Mar/2026  19:29:14
# Copyright 2007-2023 IAR Systems AB.
#
#    Output file  =
#        D:\IAR\SeekFree\CYT4BB7_Library-master-V2.0\Seekfree_CYT4BB_Opensource_Library\project\iar\project_config\Debug_m7_0\Exe\cyt4bb7_cm_7_0.out
#    Map file     =
#        D:\IAR\SeekFree\CYT4BB7_Library-master-V2.0\Seekfree_CYT4BB_Opensource_Library\project\iar\Debug_m7_0\List\cyt4bb7_cm_7_0.map
#    Command line =
#        -f
#        D:\IAR\SeekFree\CYT4BB7_Library-master-V2.0\Seekfree_CYT4BB_Opensource_Library\project\iar\project_config\Debug_m7_0\Exe\cyt4bb7_cm_7_0.out.rsp
#        (D:\IAR\SeekFree\CYT4BB7_Library-master-V2.0\Seekfree_CYT4BB_Opensource_Library\project\iar\Debug_m7_0\Obj\JBD_OLED_17930871203713349585.dir\CH455.o
#        D:\IAR\SeekFree\CYT4BB7_Library-master-V2.0\Seekfree_CYT4BB_Opensource_Library\project\iar\Debug_m7_0\Obj\user_8514941877209965082.dir\cm7_0_isr.o
#        D:\IAR\SeekFree\CYT4BB7_Library-master-V2.0\Seekfree_CYT4BB_Opensource_Library\project\iar\Debug_m7_0\Obj\code_17896468042025673432.dir\Compute.o
#        D:\IAR\SeekFree\CYT4BB7_Library-master-V2.0\Seekfree_CYT4BB_Opensource_Library\project\iar\Debug_m7_0\Obj\code_17896468042025673432.dir\control.o
#        D:\IAR\SeekFree\CYT4BB7_Library-master-V2.0\Seekfree_CYT4BB_Opensource_Library\project\iar\Debug_m7_0\Obj\adc_11722776235721520015.dir\cy_adc.o
#        D:\IAR\SeekFree\CYT4BB7_Library-master-V2.0\Seekfree_CYT4BB_Opensource_Library\project\iar\Debug_m7_0\Obj\button_4990804375159372270.dir\cy_button.o
#        D:\IAR\SeekFree\CYT4BB7_Library-master-V2.0\Seekfree_CYT4BB_Opensource_Library\project\iar\Debug_m7_0\Obj\canfd_1800690984773873875.dir\cy_canfd.o
#        D:\IAR\SeekFree\CYT4BB7_Library-master-V2.0\Seekfree_CYT4BB_Opensource_Library\project\iar\Debug_m7_0\Obj\cpu_15938736945165268644.dir\cy_cpu.o
#        D:\IAR\SeekFree\CYT4BB7_Library-master-V2.0\Seekfree_CYT4BB_Opensource_Library\project\iar\Debug_m7_0\Obj\crypto_1190170608956581615.dir\cy_crypto_config.o
#        D:\IAR\SeekFree\CYT4BB7_Library-master-V2.0\Seekfree_CYT4BB_Opensource_Library\project\iar\Debug_m7_0\Obj\eth_phy_18133017486186456677.dir\cy_dp83867.o
#        D:\IAR\SeekFree\CYT4BB7_Library-master-V2.0\Seekfree_CYT4BB_Opensource_Library\project\iar\Debug_m7_0\Obj\ethernet_6029839089178797009.dir\cy_ethif.o
#        D:\IAR\SeekFree\CYT4BB7_Library-master-V2.0\Seekfree_CYT4BB_Opensource_Library\project\iar\Debug_m7_0\Obj\evtgen_3404189088603873129.dir\cy_evtgen.o
#        D:\IAR\SeekFree\CYT4BB7_Library-master-V2.0\Seekfree_CYT4BB_Opensource_Library\project\iar\Debug_m7_0\Obj\flash_8529866181315662935.dir\cy_flash.o
#        D:\IAR\SeekFree\CYT4BB7_Library-master-V2.0\Seekfree_CYT4BB_Opensource_Library\project\iar\Debug_m7_0\Obj\gpio_3999404635324069351.dir\cy_gpio.o
#        D:\IAR\SeekFree\CYT4BB7_Library-master-V2.0\Seekfree_CYT4BB_Opensource_Library\project\iar\Debug_m7_0\Obj\audioss_1346650047966882938.dir\cy_i2s.o
#        D:\IAR\SeekFree\CYT4BB7_Library-master-V2.0\Seekfree_CYT4BB_Opensource_Library\project\iar\Debug_m7_0\Obj\rev_b_6162237342861132223.dir\cy_interrupt_map.o
#        D:\IAR\SeekFree\CYT4BB7_Library-master-V2.0\Seekfree_CYT4BB_Opensource_Library\project\iar\Debug_m7_0\Obj\ipc_10145506163450686023.dir\cy_ipc_drv.o
#        D:\IAR\SeekFree\CYT4BB7_Library-master-V2.0\Seekfree_CYT4BB_Opensource_Library\project\iar\Debug_m7_0\Obj\ipc_10145506163450686023.dir\cy_ipc_pipe.o
#        D:\IAR\SeekFree\CYT4BB7_Library-master-V2.0\Seekfree_CYT4BB_Opensource_Library\project\iar\Debug_m7_0\Obj\ipc_10145506163450686023.dir\cy_ipc_sema.o
#        D:\IAR\SeekFree\CYT4BB7_Library-master-V2.0\Seekfree_CYT4BB_Opensource_Library\project\iar\Debug_m7_0\Obj\lin_18429031207028094880.dir\cy_lin.o
#        D:\IAR\SeekFree\CYT4BB7_Library-master-V2.0\Seekfree_CYT4BB_Opensource_Library\project\iar\Debug_m7_0\Obj\lvd_6353935867039560245.dir\cy_lvd.o
#        D:\IAR\SeekFree\CYT4BB7_Library-master-V2.0\Seekfree_CYT4BB_Opensource_Library\project\iar\Debug_m7_0\Obj\mcwdt_4052485907822033969.dir\cy_mcwdt.o
#        D:\IAR\SeekFree\CYT4BB7_Library-master-V2.0\Seekfree_CYT4BB_Opensource_Library\project\iar\Debug_m7_0\Obj\dma_12106025507578611576.dir\cy_mdma.o
#        D:\IAR\SeekFree\CYT4BB7_Library-master-V2.0\Seekfree_CYT4BB_Opensource_Library\project\iar\Debug_m7_0\Obj\mpu_5663187252346826382.dir\cy_mpu.o
#        D:\IAR\SeekFree\CYT4BB7_Library-master-V2.0\Seekfree_CYT4BB_Opensource_Library\project\iar\Debug_m7_0\Obj\flash_864493325053435817.dir\cy_mw_flash.o
#        D:\IAR\SeekFree\CYT4BB7_Library-master-V2.0\Seekfree_CYT4BB_Opensource_Library\project\iar\Debug_m7_0\Obj\dma_12106025507578611576.dir\cy_pdma.o
#        D:\IAR\SeekFree\CYT4BB7_Library-master-V2.0\Seekfree_CYT4BB_Opensource_Library\project\iar\Debug_m7_0\Obj\power_14453085144426420577.dir\cy_power.o
#        D:\IAR\SeekFree\CYT4BB7_Library-master-V2.0\Seekfree_CYT4BB_Opensource_Library\project\iar\Debug_m7_0\Obj\prot_10722960861768657883.dir\cy_prot.o
#        D:\IAR\SeekFree\CYT4BB7_Library-master-V2.0\Seekfree_CYT4BB_Opensource_Library\project\iar\Debug_m7_0\Obj\scb_15490842639181808494.dir\cy_scb_common.o
#        D:\IAR\SeekFree\CYT4BB7_Library-master-V2.0\Seekfree_CYT4BB_Opensource_Library\project\iar\Debug_m7_0\Obj\scb_15490842639181808494.dir\cy_scb_ezi2c.o
#        D:\IAR\SeekFree\CYT4BB7_Library-master-V2.0\Seekfree_CYT4BB_Opensource_Library\project\iar\Debug_m7_0\Obj\scb_15490842639181808494.dir\cy_scb_i2c.o
#        D:\IAR\SeekFree\CYT4BB7_Library-master-V2.0\Seekfree_CYT4BB_Opensource_Library\project\iar\Debug_m7_0\Obj\scb_15490842639181808494.dir\cy_scb_spi.o
#        D:\IAR\SeekFree\CYT4BB7_Library-master-V2.0\Seekfree_CYT4BB_Opensource_Library\project\iar\Debug_m7_0\Obj\scb_15490842639181808494.dir\cy_scb_uart.o
#        D:\IAR\SeekFree\CYT4BB7_Library-master-V2.0\Seekfree_CYT4BB_Opensource_Library\project\iar\Debug_m7_0\Obj\sd_host_2982766354293506895.dir\cy_sd_host.o
#        D:\IAR\SeekFree\CYT4BB7_Library-master-V2.0\Seekfree_CYT4BB_Opensource_Library\project\iar\Debug_m7_0\Obj\semihosting_143864889731838620.dir\cy_semihosting.o
#        D:\IAR\SeekFree\CYT4BB7_Library-master-V2.0\Seekfree_CYT4BB_Opensource_Library\project\iar\Debug_m7_0\Obj\smartio_5451710003740070188.dir\cy_smartio.o
#        D:\IAR\SeekFree\CYT4BB7_Library-master-V2.0\Seekfree_CYT4BB_Opensource_Library\project\iar\Debug_m7_0\Obj\smif_427648126384146252.dir\cy_smif.o
#        D:\IAR\SeekFree\CYT4BB7_Library-master-V2.0\Seekfree_CYT4BB_Opensource_Library\project\iar\Debug_m7_0\Obj\smif_mem_6470536964353725183.dir\cy_smif_device_common.o
#        D:\IAR\SeekFree\CYT4BB7_Library-master-V2.0\Seekfree_CYT4BB_Opensource_Library\project\iar\Debug_m7_0\Obj\smif_mem_6470536964353725183.dir\cy_smif_hb_flash.o
#        D:\IAR\SeekFree\CYT4BB7_Library-master-V2.0\Seekfree_CYT4BB_Opensource_Library\project\iar\Debug_m7_0\Obj\smif_427648126384146252.dir\cy_smif_memslot.o
#        D:\IAR\SeekFree\CYT4BB7_Library-master-V2.0\Seekfree_CYT4BB_Opensource_Library\project\iar\Debug_m7_0\Obj\smif_mem_6470536964353725183.dir\cy_smif_s25fl.o
#        D:\IAR\SeekFree\CYT4BB7_Library-master-V2.0\Seekfree_CYT4BB_Opensource_Library\project\iar\Debug_m7_0\Obj\smif_mem_6470536964353725183.dir\cy_smif_s25fs.o
#        D:\IAR\SeekFree\CYT4BB7_Library-master-V2.0\Seekfree_CYT4BB_Opensource_Library\project\iar\Debug_m7_0\Obj\smif_mem_6470536964353725183.dir\cy_smif_semp.o
#        D:\IAR\SeekFree\CYT4BB7_Library-master-V2.0\Seekfree_CYT4BB_Opensource_Library\project\iar\Debug_m7_0\Obj\smif_427648126384146252.dir\cy_smif_ver_specific.o
#        D:\IAR\SeekFree\CYT4BB7_Library-master-V2.0\Seekfree_CYT4BB_Opensource_Library\project\iar\Debug_m7_0\Obj\srom_13018798572330080582.dir\cy_srom.o
#        D:\IAR\SeekFree\CYT4BB7_Library-master-V2.0\Seekfree_CYT4BB_Opensource_Library\project\iar\Debug_m7_0\Obj\sw_timer_4215635015939382130.dir\cy_sw_tmr.o
#        D:\IAR\SeekFree\CYT4BB7_Library-master-V2.0\Seekfree_CYT4BB_Opensource_Library\project\iar\Debug_m7_0\Obj\sysclk_16149231235676103872.dir\cy_sysclk.o
#        D:\IAR\SeekFree\CYT4BB7_Library-master-V2.0\Seekfree_CYT4BB_Opensource_Library\project\iar\Debug_m7_0\Obj\sysflt_12293435975120599261.dir\cy_sysflt.o
#        D:\IAR\SeekFree\CYT4BB7_Library-master-V2.0\Seekfree_CYT4BB_Opensource_Library\project\iar\Debug_m7_0\Obj\sysint_7435970359207984181.dir\cy_sysint.o
#        D:\IAR\SeekFree\CYT4BB7_Library-master-V2.0\Seekfree_CYT4BB_Opensource_Library\project\iar\Debug_m7_0\Obj\syslib_16330585751512546975.dir\cy_syslib.o
#        D:\IAR\SeekFree\CYT4BB7_Library-master-V2.0\Seekfree_CYT4BB_Opensource_Library\project\iar\Debug_m7_0\Obj\syslib_16330585751512546975.dir\cy_syslib_iar.o
#        D:\IAR\SeekFree\CYT4BB7_Library-master-V2.0\Seekfree_CYT4BB_Opensource_Library\project\iar\Debug_m7_0\Obj\syspm_10887939769544754770.dir\cy_syspm.o
#        D:\IAR\SeekFree\CYT4BB7_Library-master-V2.0\Seekfree_CYT4BB_Opensource_Library\project\iar\Debug_m7_0\Obj\sysreghc_17676636058511625587.dir\cy_sysreghc.o
#        D:\IAR\SeekFree\CYT4BB7_Library-master-V2.0\Seekfree_CYT4BB_Opensource_Library\project\iar\Debug_m7_0\Obj\sysreset_14586141425677365288.dir\cy_sysreset.o
#        D:\IAR\SeekFree\CYT4BB7_Library-master-V2.0\Seekfree_CYT4BB_Opensource_Library\project\iar\Debug_m7_0\Obj\sysrtc_10747768817563771611.dir\cy_sysrtc.o
#        D:\IAR\SeekFree\CYT4BB7_Library-master-V2.0\Seekfree_CYT4BB_Opensource_Library\project\iar\Debug_m7_0\Obj\systick_16016591671695740695.dir\cy_systick.o
#        D:\IAR\SeekFree\CYT4BB7_Library-master-V2.0\Seekfree_CYT4BB_Opensource_Library\project\iar\Debug_m7_0\Obj\syswdt_9118657615806274156.dir\cy_syswdt.o
#        D:\IAR\SeekFree\CYT4BB7_Library-master-V2.0\Seekfree_CYT4BB_Opensource_Library\project\iar\Debug_m7_0\Obj\tcpwm_422923530147891246.dir\cy_tcpwm.o
#        D:\IAR\SeekFree\CYT4BB7_Library-master-V2.0\Seekfree_CYT4BB_Opensource_Library\project\iar\Debug_m7_0\Obj\tcpwm_422923530147891246.dir\cy_tcpwm_counter.o
#        D:\IAR\SeekFree\CYT4BB7_Library-master-V2.0\Seekfree_CYT4BB_Opensource_Library\project\iar\Debug_m7_0\Obj\tcpwm_422923530147891246.dir\cy_tcpwm_pwm.o
#        D:\IAR\SeekFree\CYT4BB7_Library-master-V2.0\Seekfree_CYT4BB_Opensource_Library\project\iar\Debug_m7_0\Obj\tcpwm_422923530147891246.dir\cy_tcpwm_quaddec.o
#        D:\IAR\SeekFree\CYT4BB7_Library-master-V2.0\Seekfree_CYT4BB_Opensource_Library\project\iar\Debug_m7_0\Obj\tcpwm_422923530147891246.dir\cy_tcpwm_sr.o
#        D:\IAR\SeekFree\CYT4BB7_Library-master-V2.0\Seekfree_CYT4BB_Opensource_Library\project\iar\Debug_m7_0\Obj\trigmux_9729677290734583340.dir\cy_trigmux.o
#        D:\IAR\SeekFree\CYT4BB7_Library-master-V2.0\Seekfree_CYT4BB_Opensource_Library\project\iar\Debug_m7_0\Obj\ethernet_6029839089178797009.dir\edd.o
#        D:\IAR\SeekFree\CYT4BB7_Library-master-V2.0\Seekfree_CYT4BB_Opensource_Library\project\iar\Debug_m7_0\Obj\ethernet_6029839089178797009.dir\edd_rx.o
#        D:\IAR\SeekFree\CYT4BB7_Library-master-V2.0\Seekfree_CYT4BB_Opensource_Library\project\iar\Debug_m7_0\Obj\ethernet_6029839089178797009.dir\edd_tx.o
#        D:\IAR\SeekFree\CYT4BB7_Library-master-V2.0\Seekfree_CYT4BB_Opensource_Library\project\iar\Debug_m7_0\Obj\Element_10143943319297899650.dir\Element.o
#        D:\IAR\SeekFree\CYT4BB7_Library-master-V2.0\Seekfree_CYT4BB_Opensource_Library\project\iar\Debug_m7_0\Obj\code_17896468042025673432.dir\fun.o
#        D:\IAR\SeekFree\CYT4BB7_Library-master-V2.0\Seekfree_CYT4BB_Opensource_Library\project\iar\Debug_m7_0\Obj\JBD_OLED_17930871203713349585.dir\IIC.o
#        D:\IAR\SeekFree\CYT4BB7_Library-master-V2.0\Seekfree_CYT4BB_Opensource_Library\project\iar\Debug_m7_0\Obj\code_17896468042025673432.dir\init.o
#        D:\IAR\SeekFree\CYT4BB7_Library-master-V2.0\Seekfree_CYT4BB_Opensource_Library\project\iar\Debug_m7_0\Obj\JBD_IMU_13254844613604958863.dir\MahonyAHRS.o
#        D:\IAR\SeekFree\CYT4BB7_Library-master-V2.0\Seekfree_CYT4BB_Opensource_Library\project\iar\Debug_m7_0\Obj\user_8514941877209965082.dir\main_cm7_0.o
#        D:\IAR\SeekFree\CYT4BB7_Library-master-V2.0\Seekfree_CYT4BB_Opensource_Library\project\iar\Debug_m7_0\Obj\JBD_MAP_387659158335041870.dir\Map.o
#        D:\IAR\SeekFree\CYT4BB7_Library-master-V2.0\Seekfree_CYT4BB_Opensource_Library\project\iar\Debug_m7_0\Obj\JBD_OLED_17930871203713349585.dir\OLEDFun.o
#        D:\IAR\SeekFree\CYT4BB7_Library-master-V2.0\Seekfree_CYT4BB_Opensource_Library\project\iar\Debug_m7_0\Obj\JBD_OLED_17930871203713349585.dir\OLEDKeyboard.o
#        D:\IAR\SeekFree\CYT4BB7_Library-master-V2.0\Seekfree_CYT4BB_Opensource_Library\project\iar\Debug_m7_0\Obj\code_17896468042025673432.dir\pid.o
#        D:\IAR\SeekFree\CYT4BB7_Library-master-V2.0\Seekfree_CYT4BB_Opensource_Library\project\iar\Debug_m7_0\Obj\zf_components_14936052685886095442.dir\seekfree_assistant.o
#        D:\IAR\SeekFree\CYT4BB7_Library-master-V2.0\Seekfree_CYT4BB_Opensource_Library\project\iar\Debug_m7_0\Obj\zf_components_14936052685886095442.dir\seekfree_assistant_interface.o
#        D:\IAR\SeekFree\CYT4BB7_Library-master-V2.0\Seekfree_CYT4BB_Opensource_Library\project\iar\Debug_m7_0\Obj\code_17896468042025673432.dir\small_driver_uart_control.o
#        D:\IAR\SeekFree\CYT4BB7_Library-master-V2.0\Seekfree_CYT4BB_Opensource_Library\project\iar\Debug_m7_0\Obj\JBD_OLED_17930871203713349585.dir\ssd1306.o
#        D:\IAR\SeekFree\CYT4BB7_Library-master-V2.0\Seekfree_CYT4BB_Opensource_Library\project\iar\Debug_m7_0\Obj\startup_479057977785470282.dir\startup.o
#        D:\IAR\SeekFree\CYT4BB7_Library-master-V2.0\Seekfree_CYT4BB_Opensource_Library\project\iar\Debug_m7_0\Obj\startup_479057977785470282.dir\startup_cm7.o
#        D:\IAR\SeekFree\CYT4BB7_Library-master-V2.0\Seekfree_CYT4BB_Opensource_Library\project\iar\Debug_m7_0\Obj\rev_b_4986922561640112550.dir\system_tviibh4m_cm7.o
#        D:\IAR\SeekFree\CYT4BB7_Library-master-V2.0\Seekfree_CYT4BB_Opensource_Library\project\iar\Debug_m7_0\Obj\zf_common_1201165462030747823.dir\zf_common_clock.o
#        D:\IAR\SeekFree\CYT4BB7_Library-master-V2.0\Seekfree_CYT4BB_Opensource_Library\project\iar\Debug_m7_0\Obj\zf_common_1201165462030747823.dir\zf_common_debug.o
#        D:\IAR\SeekFree\CYT4BB7_Library-master-V2.0\Seekfree_CYT4BB_Opensource_Library\project\iar\Debug_m7_0\Obj\zf_common_1201165462030747823.dir\zf_common_fifo.o
#        D:\IAR\SeekFree\CYT4BB7_Library-master-V2.0\Seekfree_CYT4BB_Opensource_Library\project\iar\Debug_m7_0\Obj\zf_common_1201165462030747823.dir\zf_common_font.o
#        D:\IAR\SeekFree\CYT4BB7_Library-master-V2.0\Seekfree_CYT4BB_Opensource_Library\project\iar\Debug_m7_0\Obj\zf_common_1201165462030747823.dir\zf_common_function.o
#        D:\IAR\SeekFree\CYT4BB7_Library-master-V2.0\Seekfree_CYT4BB_Opensource_Library\project\iar\Debug_m7_0\Obj\zf_common_1201165462030747823.dir\zf_common_interrupt.o
#        D:\IAR\SeekFree\CYT4BB7_Library-master-V2.0\Seekfree_CYT4BB_Opensource_Library\project\iar\Debug_m7_0\Obj\zf_device_6570275422786408770.dir\zf_device_ble6a20.o
#        D:\IAR\SeekFree\CYT4BB7_Library-master-V2.0\Seekfree_CYT4BB_Opensource_Library\project\iar\Debug_m7_0\Obj\zf_device_6570275422786408770.dir\zf_device_dl1a.o
#        D:\IAR\SeekFree\CYT4BB7_Library-master-V2.0\Seekfree_CYT4BB_Opensource_Library\project\iar\Debug_m7_0\Obj\zf_device_6570275422786408770.dir\zf_device_dl1b.o
#        D:\IAR\SeekFree\CYT4BB7_Library-master-V2.0\Seekfree_CYT4BB_Opensource_Library\project\iar\Debug_m7_0\Obj\zf_device_6570275422786408770.dir\zf_device_gnss.o
#        D:\IAR\SeekFree\CYT4BB7_Library-master-V2.0\Seekfree_CYT4BB_Opensource_Library\project\iar\Debug_m7_0\Obj\zf_device_6570275422786408770.dir\zf_device_icm20602.o
#        D:\IAR\SeekFree\CYT4BB7_Library-master-V2.0\Seekfree_CYT4BB_Opensource_Library\project\iar\Debug_m7_0\Obj\zf_device_6570275422786408770.dir\zf_device_imu660ra.o
#        D:\IAR\SeekFree\CYT4BB7_Library-master-V2.0\Seekfree_CYT4BB_Opensource_Library\project\iar\Debug_m7_0\Obj\zf_device_6570275422786408770.dir\zf_device_imu963ra.o
#        D:\IAR\SeekFree\CYT4BB7_Library-master-V2.0\Seekfree_CYT4BB_Opensource_Library\project\iar\Debug_m7_0\Obj\zf_device_6570275422786408770.dir\zf_device_ips114.o
#        D:\IAR\SeekFree\CYT4BB7_Library-master-V2.0\Seekfree_CYT4BB_Opensource_Library\project\iar\Debug_m7_0\Obj\zf_device_6570275422786408770.dir\zf_device_ips200.o
#        D:\IAR\SeekFree\CYT4BB7_Library-master-V2.0\Seekfree_CYT4BB_Opensource_Library\project\iar\Debug_m7_0\Obj\zf_device_6570275422786408770.dir\zf_device_ips200pro.o
#        D:\IAR\SeekFree\CYT4BB7_Library-master-V2.0\Seekfree_CYT4BB_Opensource_Library\project\iar\Debug_m7_0\Obj\zf_device_6570275422786408770.dir\zf_device_key.o
#        D:\IAR\SeekFree\CYT4BB7_Library-master-V2.0\Seekfree_CYT4BB_Opensource_Library\project\iar\Debug_m7_0\Obj\zf_device_6570275422786408770.dir\zf_device_menc15a.o
#        D:\IAR\SeekFree\CYT4BB7_Library-master-V2.0\Seekfree_CYT4BB_Opensource_Library\project\iar\Debug_m7_0\Obj\zf_device_6570275422786408770.dir\zf_device_mt9v03x.o
#        D:\IAR\SeekFree\CYT4BB7_Library-master-V2.0\Seekfree_CYT4BB_Opensource_Library\project\iar\Debug_m7_0\Obj\zf_device_6570275422786408770.dir\zf_device_oled.o
#        D:\IAR\SeekFree\CYT4BB7_Library-master-V2.0\Seekfree_CYT4BB_Opensource_Library\project\iar\Debug_m7_0\Obj\zf_device_6570275422786408770.dir\zf_device_tft180.o
#        D:\IAR\SeekFree\CYT4BB7_Library-master-V2.0\Seekfree_CYT4BB_Opensource_Library\project\iar\Debug_m7_0\Obj\zf_device_6570275422786408770.dir\zf_device_tsl1401.o
#        D:\IAR\SeekFree\CYT4BB7_Library-master-V2.0\Seekfree_CYT4BB_Opensource_Library\project\iar\Debug_m7_0\Obj\zf_device_6570275422786408770.dir\zf_device_type.o
#        D:\IAR\SeekFree\CYT4BB7_Library-master-V2.0\Seekfree_CYT4BB_Opensource_Library\project\iar\Debug_m7_0\Obj\zf_device_6570275422786408770.dir\zf_device_uart_receiver.o
#        D:\IAR\SeekFree\CYT4BB7_Library-master-V2.0\Seekfree_CYT4BB_Opensource_Library\project\iar\Debug_m7_0\Obj\zf_device_6570275422786408770.dir\zf_device_wifi_spi.o
#        D:\IAR\SeekFree\CYT4BB7_Library-master-V2.0\Seekfree_CYT4BB_Opensource_Library\project\iar\Debug_m7_0\Obj\zf_device_6570275422786408770.dir\zf_device_wifi_uart.o
#        D:\IAR\SeekFree\CYT4BB7_Library-master-V2.0\Seekfree_CYT4BB_Opensource_Library\project\iar\Debug_m7_0\Obj\zf_device_6570275422786408770.dir\zf_device_wireless_uart.o
#        D:\IAR\SeekFree\CYT4BB7_Library-master-V2.0\Seekfree_CYT4BB_Opensource_Library\project\iar\Debug_m7_0\Obj\zf_driver_11922370083829174090.dir\zf_driver_adc.o
#        D:\IAR\SeekFree\CYT4BB7_Library-master-V2.0\Seekfree_CYT4BB_Opensource_Library\project\iar\Debug_m7_0\Obj\zf_driver_11922370083829174090.dir\zf_driver_delay.o
#        D:\IAR\SeekFree\CYT4BB7_Library-master-V2.0\Seekfree_CYT4BB_Opensource_Library\project\iar\Debug_m7_0\Obj\zf_driver_11922370083829174090.dir\zf_driver_dma.o
#        D:\IAR\SeekFree\CYT4BB7_Library-master-V2.0\Seekfree_CYT4BB_Opensource_Library\project\iar\Debug_m7_0\Obj\zf_driver_11922370083829174090.dir\zf_driver_encoder.o
#        D:\IAR\SeekFree\CYT4BB7_Library-master-V2.0\Seekfree_CYT4BB_Opensource_Library\project\iar\Debug_m7_0\Obj\zf_driver_11922370083829174090.dir\zf_driver_exti.o
#        D:\IAR\SeekFree\CYT4BB7_Library-master-V2.0\Seekfree_CYT4BB_Opensource_Library\project\iar\Debug_m7_0\Obj\zf_driver_11922370083829174090.dir\zf_driver_flash.o
#        D:\IAR\SeekFree\CYT4BB7_Library-master-V2.0\Seekfree_CYT4BB_Opensource_Library\project\iar\Debug_m7_0\Obj\zf_driver_11922370083829174090.dir\zf_driver_gpio.o
#        D:\IAR\SeekFree\CYT4BB7_Library-master-V2.0\Seekfree_CYT4BB_Opensource_Library\project\iar\Debug_m7_0\Obj\zf_driver_11922370083829174090.dir\zf_driver_ipc.o
#        D:\IAR\SeekFree\CYT4BB7_Library-master-V2.0\Seekfree_CYT4BB_Opensource_Library\project\iar\Debug_m7_0\Obj\zf_driver_11922370083829174090.dir\zf_driver_pit.o
#        D:\IAR\SeekFree\CYT4BB7_Library-master-V2.0\Seekfree_CYT4BB_Opensource_Library\project\iar\Debug_m7_0\Obj\zf_driver_11922370083829174090.dir\zf_driver_pwm.o
#        D:\IAR\SeekFree\CYT4BB7_Library-master-V2.0\Seekfree_CYT4BB_Opensource_Library\project\iar\Debug_m7_0\Obj\zf_driver_11922370083829174090.dir\zf_driver_soft_iic.o
#        D:\IAR\SeekFree\CYT4BB7_Library-master-V2.0\Seekfree_CYT4BB_Opensource_Library\project\iar\Debug_m7_0\Obj\zf_driver_11922370083829174090.dir\zf_driver_soft_spi.o
#        D:\IAR\SeekFree\CYT4BB7_Library-master-V2.0\Seekfree_CYT4BB_Opensource_Library\project\iar\Debug_m7_0\Obj\zf_driver_11922370083829174090.dir\zf_driver_spi.o
#        D:\IAR\SeekFree\CYT4BB7_Library-master-V2.0\Seekfree_CYT4BB_Opensource_Library\project\iar\Debug_m7_0\Obj\zf_driver_11922370083829174090.dir\zf_driver_timer.o
#        D:\IAR\SeekFree\CYT4BB7_Library-master-V2.0\Seekfree_CYT4BB_Opensource_Library\project\iar\Debug_m7_0\Obj\zf_driver_11922370083829174090.dir\zf_driver_uart.o
#        --no_out_extension -o
#        D:\IAR\SeekFree\CYT4BB7_Library-master-V2.0\Seekfree_CYT4BB_Opensource_Library\project\iar\project_config\Debug_m7_0\Exe\cyt4bb7_cm_7_0.out
#        --config_def _CORE_cm7_0_=0 --config_def _LINK_flash_=0 --map
#        D:\IAR\SeekFree\CYT4BB7_Library-master-V2.0\Seekfree_CYT4BB_Opensource_Library\project\iar\Debug_m7_0\List\cyt4bb7_cm_7_0.map
#        --config
#        D:\IAR\SeekFree\CYT4BB7_Library-master-V2.0\Seekfree_CYT4BB_Opensource_Library\project\iar\project_config\..\icf\linker_directives_tviibh.icf
#        --semihosting
#        D:\IAR\SeekFree\CYT4BB7_Library-master-V2.0\Seekfree_CYT4BB_Opensource_Library\project\iar\project_config\..\..\..\libraries\sdk\tviibh4m\src\drivers\crypto\libs\libcrypto_server_cm0plus_iar.a
#        D:\IAR\SeekFree\CYT4BB7_Library-master-V2.0\Seekfree_CYT4BB_Opensource_Library\project\iar\project_config\..\..\..\libraries\zf_device\zf_device_config.a
#        D:\IAR\SeekFree\CYT4BB7_Library-master-V2.0\Seekfree_CYT4BB_Opensource_Library\project\iar\project_config\..\..\..\libraries\sdk\common\hdr\cmsis\dsp\iar_cortexM7lf_math.a
#        --entry __iar_program_start --vfe --text_out locale --cpu=Cortex-M7
#        --fpu=VFPv5_d16) --dependencies=n
#        D:\IAR\SeekFree\CYT4BB7_Library-master-V2.0\Seekfree_CYT4BB_Opensource_Library\project\iar\project_config\Debug_m7_0\Exe\cyt4bb7_cm_7_0.out.iar_deps
#
###############################################################################

*******************************************************************************
*** RUNTIME MODEL ATTRIBUTES
***

CppFlavor       = *
__CPP_Runtime   = 1
__Heap_Handler  = Basic
__SystemLibrary = DLib
__dlib_version  = 6


*******************************************************************************
*** HEAP SELECTION
***

The basic heap was selected because --advanced_heap
was not specified and the application did not appear to
be primarily optimized for speed.


*******************************************************************************
*** PLACEMENT SUMMARY
***

"A0":  place at start of [from 0x1008'0000 to 0x1027'ffff] { section .intvec };
"P1":  place in [from 0x1008'0000 to 0x1027'ffff] { ro };
"P2":  place in [from 0x2802'0000 to 0x2807'ffff] { rw };
define block HEAP with size = 1K, alignment = 8 { };
define block CSTACK with size = 8K, alignment = 8 { };
define block HEAP_STACK { block HEAP, last block CSTACK };
"A1":  place at end of [from 0x2802'0000 to 0x2807'ffff] { block HEAP_STACK };
do not initialize { section .intvec_ram };
initialize by copy { rw };

No sections matched the following patterns:

  ro section .sflash_app_prot  in "P6"
  ro section .sflash_nar       in "P4"
  ro section .sflash_pkey      in "P5"
  ro section .sflash_toc2      in "P7"
  ro section .sflash_uf_rows   in "P3"
  ro section .work_flash       in "P8"
  section .global_ram_data     in "P9"


  Section            Kind         Address    Size  Object
  -------            ----         -------    ----  ------
"A0":                                        0x80
  .intvec            ro code  0x1008'0000    0x80  startup_cm7.o [35]
                            - 0x1008'0080    0x80

"P1":                                      0xe1d5
  .text              ro code  0x1008'0080  0x169c  OLEDKeyboard.o [4]
  .text              ro code  0x1008'171c    0x42  CH455.o [4]
  .text              ro code  0x1008'175e    0x7e  lz77_init_single.o [56]
  .text              ro code  0x1008'17dc   0x608  ssd1306.o [4]
  .text              ro code  0x1008'1de4   0x36c  OLEDFun.o [4]
  .text              ro code  0x1008'2150   0x27c  zf_driver_flash.o [53]
  .text              ro code  0x1008'23cc    0x1e  sqrt.o [55]
  .text              ro code  0x1008'23ea     0xa  xsprout.o [54]
  .text              ro code  0x1008'23f4    0x7e  atan2.o [55]
  .rodata            const    0x1008'2472     0x2  OLEDKeyboard.o [4]
  .text              ro code  0x1008'2474   0x258  IIC.o [4]
  .text              ro code  0x1008'26cc   0x17c  zf_driver_gpio.o [53]
  .text              ro code  0x1008'2848    0x66  ABImemset.o [56]
  .rodata            const    0x1008'28ae     0x2  OLEDKeyboard.o [4]
  .text              ro code  0x1008'28b0    0xa6  ABImemcpy.o [56]
  .rodata            const    0x1008'2956     0x2  OLEDKeyboard.o [4]
  .text              ro code  0x1008'2958    0x46  DblToU64.o [55]
  .rodata            const    0x1008'299e     0x2  OLEDKeyboard.o [4]
  .text              ro code  0x1008'29a0   0x230  I64DivMod.o [56]
  .text              ro code  0x1008'2bd0    0x40  sprintf.o [54]
  .text              ro code  0x1008'2c10   0x444  zf_common_debug.o [50]
  .text              ro code  0x1008'3054   0x2dc  cy_mw_flash.o [17]
  .text              ro code  0x1008'3330   0x118  xatan.o [55]
  .text              ro code  0x1008'3448   0x194  cy_gpio.o [18]
  .text              ro code  0x1008'35dc     0x2  I64DivZer.o [56]
  .rodata            const    0x1008'35de     0x2  OLEDKeyboard.o [4]
  .text              ro code  0x1008'35e0   0xeae  xprintffull_nomb.o [54]
  .rodata            const    0x1008'448e     0x2  OLEDKeyboard.o [4]
  .text              ro code  0x1008'4490   0x828  zf_driver_uart.o [53]
  .text              ro code  0x1008'4cb8    0x36  strlen.o [56]
  .rodata            const    0x1008'4cee     0x2  OLEDKeyboard.o [4]
  .text              ro code  0x1008'4cf0   0x448  zf_common_fifo.o [50]
  .text              ro code  0x1008'5138    0xe2  zf_common_interrupt.o [50]
  .rodata            const    0x1008'521a     0x2  OLEDKeyboard.o [4]
  .text              ro code  0x1008'521c   0x2ec  cy_srom.o [34]
  .text              ro code  0x1008'5508    0x70  strncpy.o [56]
  .text              ro code  0x1008'5578    0xf8  cy_syslib.o [40]
  .text              ro code  0x1008'5670   0x4ac  cy_flash.o [16]
  .text              ro code  0x1008'5b1c     0x6  ABImemclr4.o [56]
  .text              ro code  0x1008'5b24    0x16  strchr.o [56]
  .text              ro code  0x1008'5b3c    0x40  xfail_s.o [54]
  .text              ro code  0x1008'5b7c    0x58  memchr.o [56]
  .text              ro code  0x1008'5bd4    0x70  frexp.o [55]
  .text              ro code  0x1008'5c44    0x34  DblCmpLe.o [55]
  .text              ro code  0x1008'5c78    0x34  DblCmpGe.o [55]
  .text              ro code  0x1008'5cac   0x104  ldexp.o [55]
  .text              ro code  0x1008'5db0     0xe  DblToS32.o [55]
  .text              ro code  0x1008'5dbe     0xe  S32ToDbl.o [55]
  .text              ro code  0x1008'5dcc    0x12  DblSub.o [55]
  .text              ro code  0x1008'5dde    0x12  DblDiv.o [55]
  .text              ro code  0x1008'5df0     0xe  DblToU32.o [55]
  .text              ro code  0x1008'5dfe     0xe  U32ToDbl.o [55]
  .text              ro code  0x1008'5e0c    0x12  DblMul.o [55]
  .text              ro code  0x1008'5e20   0x314  cy_scb_uart.o [28]
  .text              ro code  0x1008'6134   0xe18  zf_driver_pwm.o [53]
  .text              ro code  0x1008'6f4c    0xac  cy_sysint.o [39]
  .text              ro code  0x1008'6ff8    0x60  cy_ipc_drv.o [19]
  .text              ro code  0x1008'7058     0x2  cy_syslib.o [40]
  .text              ro code  0x1008'705c    0x32  ABImemset48.o [56]
  .text              ro code  0x1008'708e     0x6  abort.o [54]
  .text              ro code  0x1008'7094   0x20a  cy_tcpwm_pwm.o [47]
  .text              ro code  0x1008'729e     0xc  cy_tcpwm.o [47]
  .text              ro code  0x1008'72ac    0x14  exit.o [57]
  .text              ro code  0x1008'72c0   0xa6c  zf_device_gnss.o [52]
  .text              ro code  0x1008'7d2c   0x1b8  zf_common_function.o [50]
  .text              ro code  0x1008'7ee4   0x2f8  cos_sin64.o [55]
  .rodata            const    0x1008'81dc    0x74  zf_common_fifo.o [50]
  .text              ro code  0x1008'8250    0x88  asin.o [55]
  .text              ro code  0x1008'82d8    0x2a  strncmp.o [54]
  .text              ro code  0x1008'8304   0x284  zf_driver_delay.o [53]
  .text              ro code  0x1008'8588   0x1ae  cy_tcpwm_counter.o [47]
  .text              ro code  0x1008'8738   0xa44  zf_driver_spi.o [53]
  .text              ro code  0x1008'917c   0x1f0  cy_scb_spi.o [28]
  .text              ro code  0x1008'936c   0x8e8  cy_sysclk.o [37]
  .text              ro code  0x1008'9c54   0x678  control.o [9]
  .text              ro code  0x1008'a2cc   0x366  pid.o [9]
  .text              ro code  0x1008'a634   0x498  zf_device_imu963ra.o [52]
  .text              ro code  0x1008'aacc   0x398  MahonyAHRS.o [2]
  .text              ro code  0x1008'ae64   0x198  fun.o [9]
  .text              ro code  0x1008'affc    0x5c  asinf.o [55]
  .text              ro code  0x1008'b058    0x6a  atan2f.o [55]
  .text              ro code  0x1008'b0c4    0xa4  xatanf.o [55]
  .rodata            const    0x1008'b168   0x5f0  ssd1306.o [4]
  .text              ro code  0x1008'b758   0x564  zf_driver_adc.o [53]
  .text              ro code  0x1008'bcbc   0x2d0  cy_adc.o [5]
  .text              ro code  0x1008'bf8c   0x398  zf_driver_pit.o [53]
  .text              ro code  0x1008'c324   0x330  Element.o [1]
  .text              ro code  0x1008'c654   0x2fc  cm7_0_isr.o [49]
  .text              ro code  0x1008'c950   0x134  Map.o [3]
  .text              ro code  0x1008'ca84    0x7c  zf_device_tsl1401.o [52]
  .text              ro code  0x1008'cb00    0xe0  small_driver_uart_control.o [9]
  .rodata            const    0x1008'cbe0   0x228  ssd1306.o [4]
  .text              ro code  0x1008'ce08   0x204  startup.o [35]
  .text              ro code  0x1008'd00c   0x150  system_tviibh4m_cm7.o [26]
  .text              ro code  0x1008'd15c     0x8  startup_cm7.o [35]
  .text              ro code  0x1008'd164     0x6  startup_cm7.o [35]
  .text              ro code  0x1008'd16c   0x198  cy_interrupt_map.o [27]
  .text              ro code  0x1008'd304    0xc4  init.o [9]
  .text              ro code  0x1008'd3c8    0xb0  startup_cm7.o [35]
  .rodata            const    0x1008'd478    0x88  cy_sysclk.o [37]
  .rodata            const    0x1008'd500    0x88  cy_sysclk.o [37]
  .rodata            const    0x1008'd588    0x88  system_tviibh4m_cm7.o [26]
  .rodata            const    0x1008'd610    0x84  cy_srom.o [34]
  .rodata            const    0x1008'd694    0x80  cy_mw_flash.o [17]
  .rodata            const    0x1008'd714    0x78  zf_common_function.o [50]
  .rodata            const    0x1008'd78c    0x78  zf_device_imu963ra.o [52]
  .rodata            const    0x1008'd804    0x78  zf_driver_flash.o [53]
  .rodata            const    0x1008'd87c    0x74  zf_driver_pwm.o [53]
  .rodata            const    0x1008'd8f0    0x74  zf_driver_spi.o [53]
  .rodata            const    0x1008'd964    0x74  zf_driver_uart.o [53]
  .text              ro code  0x1008'd9d8    0x74  main_cm7_0.o [49]
  .text              ro code  0x1008'da4c    0x1c  zf_common_clock.o [50]
  .text              ro code  0x1008'da68    0x38  zero_init3.o [56]
  .rodata            const    0x1008'daa0    0x28  zf_device_imu963ra.o [52]
  .text              ro code  0x1008'dac8    0x28  data_init.o [56]
  .text              ro code  0x1008'daf0    0x22  fpinit_M.o [55]
  .iar.init_table    const    0x1008'db14    0x20  - Linker created -
  .text              ro code  0x1008'db34    0x20  startup_cm7.o [35]
  .text              ro code  0x1008'db60    0x1e  cy_syslib_iar.o [40]
  .text              ro code  0x1008'db80    0x1e  cmain.o [56]
  .text              ro code  0x1008'dba0     0x4  startup_cm7.o [35]
  .text              ro code  0x1008'dba4     0x4  exit.o [54]
  .text              ro code  0x1008'dba8     0xa  cexit.o [56]
  .rodata            const    0x1008'dbb4    0x1c  zf_common_debug.o [50]
  .rodata            const    0x1008'dbd0    0x1c  zf_device_gnss.o [52]
  .text              ro code  0x1008'dbec    0x1c  startup_cm7.o [35]
  .text              ro code  0x1008'dc08    0x1c  cstartup_M.o [56]
  .rodata            const    0x1008'dc24    0x18  startup.o [35]
  .rodata            const    0x1008'dc3c    0x18  system_tviibh4m_cm7.o [26]
  .rodata            const    0x1008'dc54    0x18  zf_common_debug.o [50]
  .rodata            const    0x1008'dc6c    0x14  cy_flash.o [16]
  .rodata            const    0x1008'dc80    0x14  OLEDKeyboard.o [4]
  .rodata            const    0x1008'dc94    0x10  ssd1306.o [4]
  .rodata            const    0x1008'dca4    0x10  zf_common_debug.o [50]
  .rodata            const    0x1008'dcb4    0x10  zf_common_debug.o [50]
  .rodata            const    0x1008'dcc4     0xc  OLEDKeyboard.o [4]
  .rodata            const    0x1008'dcd0     0xc  OLEDKeyboard.o [4]
  .rodata            const    0x1008'dcdc     0xc  OLEDKeyboard.o [4]
  .rodata            const    0x1008'dce8     0xc  OLEDKeyboard.o [4]
  .rodata            const    0x1008'dcf4     0xc  zf_common_debug.o [50]
  .rodata            const    0x1008'dd00     0xc  zf_common_debug.o [50]
  .rodata            const    0x1008'dd0c     0xc  zf_common_debug.o [50]
  .rodata            const    0x1008'dd18     0xc  zf_device_gnss.o [52]
  .rodata            const    0x1008'dd24     0xc  zf_device_gnss.o [52]
  .rodata            const    0x1008'dd30     0xc  zf_device_gnss.o [52]
  .rodata            const    0x1008'dd3c     0xc  zf_device_gnss.o [52]
  .rodata            const    0x1008'dd48     0xc  zf_device_gnss.o [52]
  .rodata            const    0x1008'dd54     0xc  zf_device_gnss.o [52]
  .rodata            const    0x1008'dd60     0xc  zf_device_gnss.o [52]
  .rodata            const    0x1008'dd6c     0xc  zf_device_gnss.o [52]
  .rodata            const    0x1008'dd78     0xc  zf_device_gnss.o [52]
  .rodata            const    0x1008'dd84     0xc  zf_device_gnss.o [52]
  .rodata            const    0x1008'dd90     0xc  zf_device_gnss.o [52]
  .text              ro code  0x1008'dd9c     0xc  cy_syslib.o [40]
  .rodata            const    0x1008'dda8     0x8  cy_mw_flash.o [17]
  .rodata            const    0x1008'ddb0     0x8  cy_srom.o [34]
  .rodata            const    0x1008'ddb8     0x8  cy_sysclk.o [37]
  .rodata            const    0x1008'ddc0     0x8  OLEDKeyboard.o [4]
  .rodata            const    0x1008'ddc8     0x8  OLEDKeyboard.o [4]
  .rodata            const    0x1008'ddd0     0x8  OLEDKeyboard.o [4]
  .rodata            const    0x1008'ddd8     0x8  OLEDKeyboard.o [4]
  .rodata            const    0x1008'dde0     0x8  OLEDKeyboard.o [4]
  .rodata            const    0x1008'dde8     0x8  OLEDKeyboard.o [4]
  .rodata            const    0x1008'ddf0     0x8  OLEDKeyboard.o [4]
  .rodata            const    0x1008'ddf8     0x8  OLEDKeyboard.o [4]
  .rodata            const    0x1008'de00     0x8  OLEDKeyboard.o [4]
  .rodata            const    0x1008'de08     0x8  OLEDKeyboard.o [4]
  .rodata            const    0x1008'de10     0x8  OLEDKeyboard.o [4]
  .rodata            const    0x1008'de18     0x8  OLEDKeyboard.o [4]
  .rodata            const    0x1008'de20     0x8  OLEDKeyboard.o [4]
  .rodata            const    0x1008'de28     0x8  OLEDKeyboard.o [4]
  .rodata            const    0x1008'de30     0x8  OLEDKeyboard.o [4]
  .rodata            const    0x1008'de38     0x8  OLEDKeyboard.o [4]
  .rodata            const    0x1008'de40     0x8  OLEDKeyboard.o [4]
  .rodata            const    0x1008'de48     0x8  OLEDKeyboard.o [4]
  .rodata            const    0x1008'de50     0x8  OLEDKeyboard.o [4]
  .rodata            const    0x1008'de58     0x8  OLEDKeyboard.o [4]
  .rodata            const    0x1008'de60     0x8  OLEDKeyboard.o [4]
  .rodata            const    0x1008'de68     0x8  OLEDKeyboard.o [4]
  .rodata            const    0x1008'de70     0x8  OLEDKeyboard.o [4]
  .rodata            const    0x1008'de78     0x8  OLEDKeyboard.o [4]
  .rodata            const    0x1008'de80     0x8  OLEDKeyboard.o [4]
  .rodata            const    0x1008'de88     0x8  OLEDKeyboard.o [4]
  .rodata            const    0x1008'de90     0x8  OLEDKeyboard.o [4]
  .rodata            const    0x1008'de98     0x8  OLEDKeyboard.o [4]
  .rodata            const    0x1008'dea0     0x8  OLEDKeyboard.o [4]
  .rodata            const    0x1008'dea8     0x8  OLEDKeyboard.o [4]
  .rodata            const    0x1008'deb0     0x8  OLEDKeyboard.o [4]
  .rodata            const    0x1008'deb8     0x8  OLEDKeyboard.o [4]
  .rodata            const    0x1008'dec0     0x8  OLEDKeyboard.o [4]
  .rodata            const    0x1008'dec8     0x8  OLEDKeyboard.o [4]
  .rodata            const    0x1008'ded0     0x8  zf_device_gnss.o [52]
  .rodata            const    0x1008'ded8     0x4  cy_adc.o [5]
  .rodata            const    0x1008'dedc     0x4  cy_adc.o [5]
  .rodata            const    0x1008'dee0     0x4  cy_adc.o [5]
  .rodata            const    0x1008'dee4     0x4  cy_adc.o [5]
  .rodata            const    0x1008'dee8     0x4  cy_adc.o [5]
  .rodata            const    0x1008'deec     0x4  cy_adc.o [5]
  .rodata            const    0x1008'def0     0x4  cy_adc.o [5]
  .rodata            const    0x1008'def4     0x4  cy_adc.o [5]
  .rodata            const    0x1008'def8     0x4  cy_interrupt_map.o [27]
  .rodata            const    0x1008'defc     0x4  cy_interrupt_map.o [27]
  .rodata            const    0x1008'df00     0x4  cy_interrupt_map.o [27]
  .rodata            const    0x1008'df04     0x4  cy_interrupt_map.o [27]
  .rodata            const    0x1008'df08     0x4  cy_interrupt_map.o [27]
  .rodata            const    0x1008'df0c     0x4  cy_interrupt_map.o [27]
  .rodata            const    0x1008'df10     0x4  cy_interrupt_map.o [27]
  .rodata            const    0x1008'df14     0x4  cy_interrupt_map.o [27]
  .rodata            const    0x1008'df18     0x4  cy_ipc_drv.o [19]
  .rodata            const    0x1008'df1c     0x4  cy_scb_spi.o [28]
  .rodata            const    0x1008'df20     0x4  cy_scb_spi.o [28]
  .rodata            const    0x1008'df24     0x4  cy_scb_spi.o [28]
  .rodata            const    0x1008'df28     0x4  cy_scb_spi.o [28]
  .rodata            const    0x1008'df2c     0x4  cy_scb_uart.o [28]
  .rodata            const    0x1008'df30     0x4  cy_scb_uart.o [28]
  .rodata            const    0x1008'df34     0x4  cy_scb_uart.o [28]
  .rodata            const    0x1008'df38     0x4  cy_scb_uart.o [28]
  .rodata            const    0x1008'df3c     0x4  cy_scb_uart.o [28]
  .rodata            const    0x1008'df40     0x4  cy_scb_uart.o [28]
  .rodata            const    0x1008'df44     0x4  cy_scb_uart.o [28]
  .rodata            const    0x1008'df48     0x4  cy_scb_uart.o [28]
  .rodata            const    0x1008'df4c     0x4  cy_scb_uart.o [28]
  .rodata            const    0x1008'df50     0x4  cy_scb_uart.o [28]
  .rodata            const    0x1008'df54     0x4  cy_srom.o [34]
  .rodata            const    0x1008'df58     0x4  cy_srom.o [34]
  .rodata            const    0x1008'df5c     0x4  cy_sysint.o [39]
  .rodata            const    0x1008'df60     0x4  cy_sysint.o [39]
  .rodata            const    0x1008'df64     0x4  cy_tcpwm_counter.o [47]
  .rodata            const    0x1008'df68     0x4  cy_tcpwm_counter.o [47]
  .rodata            const    0x1008'df6c     0x4  cy_tcpwm_counter.o [47]
  .rodata            const    0x1008'df70     0x4  cy_tcpwm_counter.o [47]
  .rodata            const    0x1008'df74     0x4  cy_tcpwm_counter.o [47]
  .rodata            const    0x1008'df78     0x4  cy_tcpwm_pwm.o [47]
  .rodata            const    0x1008'df7c     0x4  cy_tcpwm_pwm.o [47]
  .rodata            const    0x1008'df80     0x4  cy_tcpwm_pwm.o [47]
  .rodata            const    0x1008'df84     0x4  cy_tcpwm_pwm.o [47]
  .rodata            const    0x1008'df88     0x4  cy_tcpwm_pwm.o [47]
  .rodata            const    0x1008'df8c     0x4  cy_tcpwm_pwm.o [47]
  .rodata            const    0x1008'df90     0x4  cy_tcpwm_pwm.o [47]
  .rodata            const    0x1008'df94     0x4  fun.o [9]
  .text              ro code  0x1008'df98     0x4  startup_cm7.o [35]
  .text              ro code  0x1008'df9c     0x4  startup_cm7.o [35]
  .text              ro code  0x1008'dfa0     0x4  startup_cm7.o [35]
  .text              ro code  0x1008'dfa4     0x4  startup_cm7.o [35]
  .text              ro code  0x1008'dfa8     0x4  startup_cm7.o [35]
  .text              ro code  0x1008'dfac     0x4  startup_cm7.o [35]
  .text              ro code  0x1008'dfb0     0x4  startup_cm7.o [35]
  .text              ro code  0x1008'dfb4     0x4  startup_cm7.o [35]
  .text              ro code  0x1008'dfb8     0x4  startup_cm7.o [35]
  .text              ro code  0x1008'dfbc     0x4  startup_cm7.o [35]
  .text              ro code  0x1008'dfc0     0x4  startup_cm7.o [35]
  .text              ro code  0x1008'dfc4     0x4  startup_cm7.o [35]
  .text              ro code  0x1008'dfc8     0x4  startup_cm7.o [35]
  .text              ro code  0x1008'dfcc     0x4  startup_cm7.o [35]
  .text              ro code  0x1008'dfd0     0x4  startup_cm7.o [35]
  .text              ro code  0x1008'dfd4     0x2  zf_device_type.o [52]
  .rodata            const    0x1008'dfd6     0x0  zero_init3.o [56]
  .rodata            const    0x1008'dfd6     0x0  lz77_init_single.o [56]
  Initializer bytes  const    0x1008'dfd6   0x1e2  <for P2-1>
                            - 0x1008'e1b8  0xe138

"P2", part 1 of 3:                          0xbcd
  P2-1                        0x2802'0000   0xbcd  <Init block>
    .data            inited   0x2802'0000    0x3c  control.o [9]
    .data            inited   0x2802'003c    0x3c  control.o [9]
    .data            inited   0x2802'0078    0x3c  control.o [9]
    .data            inited   0x2802'00b4    0x3c  control.o [9]
    .data            inited   0x2802'00f0    0x3c  control.o [9]
    .data            inited   0x2802'012c    0x3c  control.o [9]
    .data            inited   0x2802'0168    0x3c  control.o [9]
    .data            inited   0x2802'01a4   0x6ec  cy_interrupt_map.o [27]
    .data            inited   0x2802'0890     0x4  cy_interrupt_map.o [27]
    .data            inited   0x2802'0894     0x4  MahonyAHRS.o [2]
    .data            inited   0x2802'0898   0x230  Map.o [3]
    .data            inited   0x2802'0ac8    0x20  OLEDKeyboard.o [4]
    .data            inited   0x2802'0ae8    0x10  OLEDKeyboard.o [4]
    .data            inited   0x2802'0af8    0x20  OLEDKeyboard.o [4]
    .data            inited   0x2802'0b18    0x20  OLEDKeyboard.o [4]
    .data            inited   0x2802'0b38     0xc  zf_device_imu963ra.o [52]
    .data            inited   0x2802'0b44     0x4  zf_device_type.o [52]
    .data            inited   0x2802'0b48     0xc  zf_driver_adc.o [53]
    .data            inited   0x2802'0b54    0x3c  zf_driver_pit.o [53]
    .data            inited   0x2802'0b90    0x10  zf_driver_spi.o [53]
    .data            inited   0x2802'0ba0    0x14  zf_driver_uart.o [53]
    .data            inited   0x2802'0bb4    0x14  zf_driver_uart.o [53]
    .data            inited   0x2802'0bc8     0x2  zf_driver_delay.o [53]
    .data            inited   0x2802'0bca     0x1  Element.o [1]
    .data            inited   0x2802'0bcb     0x1  zf_common_debug.o [50]
    .data            inited   0x2802'0bcc     0x1  zf_driver_delay.o [53]
                            - 0x2802'0bcd   0xbcd

"P2", part 2 of 3:                         0x3b68
  .bss               zero     0x2802'0bd0  0x1cb8  Compute.o [9]
  .bss               zero     0x2802'2888   0x800  zf_driver_flash.o [53]
  .bss               zero     0x2802'3088   0x560  Map.o [3]
  .bss               zero     0x2802'35e8   0x320  OLEDKeyboard.o [4]
  .bss               zero     0x2802'3908   0x200  zf_device_tsl1401.o [52]
  .bss               zero     0x2802'3b08   0x118  zf_driver_uart.o [53]
  .bss               zero     0x2802'3c20    0xfc  control.o [9]
  .bss               zero     0x2802'3d1c    0x1c  cm7_0_isr.o [49]
  .bss               zero     0x2802'3d38    0xb0  cm7_0_isr.o [49]
  .bss               zero     0x2802'3de8    0xa0  OLEDKeyboard.o [4]
  .bss               zero     0x2802'3e88    0xa0  OLEDKeyboard.o [4]
  .bss               zero     0x2802'3f28    0x9c  MahonyAHRS.o [2]
  .bss               zero     0x2802'3fc4    0x80  zf_device_gnss.o [52]
  .bss               zero     0x2802'4044    0x80  zf_device_gnss.o [52]
  .bss               zero     0x2802'40c4    0x80  zf_device_gnss.o [52]
  .bss               zero     0x2802'4144    0x80  zf_device_gnss.o [52]
  .bss               zero     0x2802'41c4    0x70  cy_syslib.o [40]
  .bss               zero     0x2802'4234    0x1c  cm7_0_isr.o [49]
  .bss               zero     0x2802'4250    0x48  zf_device_gnss.o [52]
  .bss               zero     0x2802'4298    0x48  zf_driver_adc.o [53]
  .bss               zero     0x2802'42e0    0x40  control.o [9]
  .bss               zero     0x2802'4320    0x40  control.o [9]
  .bss               zero     0x2802'4360    0x40  control.o [9]
  .bss               zero     0x2802'43a0    0x40  control.o [9]
  .bss               zero     0x2802'43e0    0x40  control.o [9]
  .bss               zero     0x2802'4420    0x40  control.o [9]
  .bss               zero     0x2802'4460    0x40  control.o [9]
  .bss               zero     0x2802'44a0    0x40  zf_common_debug.o [50]
  .bss               zero     0x2802'44e0    0x28  ssd1306.o [4]
  .bss               zero     0x2802'4508    0x20  OLEDKeyboard.o [4]
  .bss               zero     0x2802'4528    0x20  OLEDKeyboard.o [4]
  .bss               zero     0x2802'4548    0x20  OLEDKeyboard.o [4]
  .bss               zero     0x2802'4568    0x20  OLEDKeyboard.o [4]
  .bss               zero     0x2802'4588    0x20  OLEDKeyboard.o [4]
  .bss               zero     0x2802'45a8    0x20  OLEDKeyboard.o [4]
  .bss               zero     0x2802'45c8    0x18  cy_sysclk.o [37]
  .bss               zero     0x2802'45e0    0x18  cy_syslib.o [40]
  .bss               zero     0x2802'45f8    0x18  zf_common_debug.o [50]
  .bss               zero     0x2802'4610    0x18  zf_device_gnss.o [52]
  .bss               zero     0x2802'4628    0x14  small_driver_uart_control.o [9]
  .bss               zero     0x2802'463c    0x14  zf_common_debug.o [50]
  .bss               zero     0x2802'4660    0x10  cy_srom.o [34]
  .bss               zero     0x2802'4670     0x8  cm7_0_isr.o [49]
  .bss               zero     0x2802'4678     0x8  cm7_0_isr.o [49]
  .bss               zero     0x2802'4680     0x4  cm7_0_isr.o [49]
  .bss               zero     0x2802'4684     0x4  cm7_0_isr.o [49]
  .bss               zero     0x2802'4688     0x4  cm7_0_isr.o [49]
  .bss               zero     0x2802'468c     0x4  control.o [9]
  .bss               zero     0x2802'4690     0x4  control.o [9]
  .bss               zero     0x2802'4694     0x4  control.o [9]
  .bss               zero     0x2802'4698     0x4  control.o [9]
  .bss               zero     0x2802'469c     0x4  control.o [9]
  .bss               zero     0x2802'46a0     0x4  control.o [9]
  .bss               zero     0x2802'46a4     0x4  control.o [9]
  .bss               zero     0x2802'46a8     0x4  control.o [9]
  .bss               zero     0x2802'46ac     0x4  cy_srom.o [34]
  .bss               zero     0x2802'46b0     0x4  cy_srom.o [34]
  .bss               zero     0x2802'46b4     0x4  cy_syslib.o [40]
  .bss               zero     0x2802'46b8     0x4  Element.o [1]
  .bss               zero     0x2802'46bc     0x4  Element.o [1]
  .bss               zero     0x2802'46c0     0x4  MahonyAHRS.o [2]
  .bss               zero     0x2802'46c4     0x4  MahonyAHRS.o [2]
  .bss               zero     0x2802'46c8     0x4  MahonyAHRS.o [2]
  .bss               zero     0x2802'46cc     0x4  MahonyAHRS.o [2]
  .bss               zero     0x2802'46d0     0x4  MahonyAHRS.o [2]
  .bss               zero     0x2802'46d4     0x4  MahonyAHRS.o [2]
  .bss               zero     0x2802'46d8     0x4  MahonyAHRS.o [2]
  .bss               zero     0x2802'46dc     0x4  OLEDFun.o [4]
  .bss               zero     0x2802'46e0     0x4  OLEDKeyboard.o [4]
  .bss               zero     0x2802'46e4     0x4  pid.o [9]
  .bss               zero     0x2802'46e8     0x4  pid.o [9]
  .bss               zero     0x2802'46ec     0x4  system_tviibh4m_cm7.o [26]
  .bss               zero     0x2802'46f0     0x4  system_tviibh4m_cm7.o [26]
  .bss               zero     0x2802'46f4     0x4  system_tviibh4m_cm7.o [26]
  .bss               zero     0x2802'46f8     0x4  system_tviibh4m_cm7.o [26]
  .bss               zero     0x2802'46fc     0x4  system_tviibh4m_cm7.o [26]
  .bss               zero     0x2802'4700     0x4  zf_common_clock.o [50]
  .bss               zero     0x2802'4704     0x4  zf_common_interrupt.o [50]
  .bss               zero     0x2802'4708     0x4  zf_driver_spi.o [53]
  .bss               zero     0x2802'470c     0x4  xfail_s.o [54]
  .bss               zero     0x2802'4710     0x2  zf_device_imu963ra.o [52]
  .bss               zero     0x2802'4712     0x2  zf_device_imu963ra.o [52]
  .bss               zero     0x2802'4714     0x2  zf_device_imu963ra.o [52]
  .bss               zero     0x2802'4716     0x2  zf_device_imu963ra.o [52]
  .bss               zero     0x2802'4718     0x2  zf_device_imu963ra.o [52]
  .bss               zero     0x2802'471a     0x2  zf_device_imu963ra.o [52]
  .bss               zero     0x2802'471c     0x1  cm7_0_isr.o [49]
  .bss               zero     0x2802'471d     0x1  cm7_0_isr.o [49]
  .bss               zero     0x2802'471e     0x1  cm7_0_isr.o [49]
  .bss               zero     0x2802'471f     0x1  cm7_0_isr.o [49]
  .bss               zero     0x2802'4720     0x1  cy_mw_flash.o [17]
  .bss               zero     0x2802'4721     0x1  cy_mw_flash.o [17]
  .bss               zero     0x2802'4722     0x1  cy_sysclk.o [37]
  .bss               zero     0x2802'4723     0x1  Element.o [1]
  .bss               zero     0x2802'4724     0x1  Element.o [1]
  .bss               zero     0x2802'4725     0x1  Element.o [1]
  .bss               zero     0x2802'4726     0x1  Element.o [1]
  .bss               zero     0x2802'4727     0x1  Element.o [1]
  .bss               zero     0x2802'4728     0x1  Map.o [3]
  .bss               zero     0x2802'4729     0x1  OLEDKeyboard.o [4]
  .bss               zero     0x2802'472a     0x1  zf_common_debug.o [50]
  .bss               zero     0x2802'472b     0x1  zf_common_debug.o [50]
  .bss               zero     0x2802'472c     0x1  zf_common_debug.o [50]
  .bss               zero     0x2802'472d     0x1  zf_device_gnss.o [52]
  .bss               zero     0x2802'472e     0x1  zf_device_gnss.o [52]
  .bss               zero     0x2802'472f     0x1  zf_device_gnss.o [52]
  .bss               zero     0x2802'4730     0x1  zf_device_gnss.o [52]
  .bss               zero     0x2802'4731     0x1  zf_device_gnss.o [52]
  .bss               zero     0x2802'4732     0x1  zf_device_tsl1401.o [52]
  .bss               zero     0x2802'4733     0x1  zf_device_tsl1401.o [52]
  .bss               zero     0x2802'4734     0x1  zf_driver_flash.o [53]
                            - 0x2802'4735  0x3b65

"P2", part 3 of 3:                           0x80
  .intvec_ram        uninit   0x2802'4780    0x80  startup_cm7.o [35]
                            - 0x2802'4800    0x80

"A1":                                      0x2000
  HEAP_STACK                  0x2807'e000  0x2000  <Block>
    CSTACK                    0x2807'e000  0x2000  <Block>
      CSTACK         uninit   0x2807'e000  0x2000  <Block tail>
                            - 0x2808'0000  0x2000

Unused ranges:

         From           To       Size
         ----           --       ----
  0x1008'e255  0x1027'ffff  0x1f'1dab
  0x2802'0bcd  0x2802'0bcf        0x3
  0x2802'4738  0x2802'477f       0x48
  0x2802'4800  0x2807'dfff   0x5'9800


*******************************************************************************
*** INIT TABLE
***

          Address      Size
          -------      ----
Zero (__iar_zero_init3)
    1 destination range, total size 0x3b65:
          0x2802'0bd0  0x3b65

Copy/lz77 (__iar_lz77_init_single3)
    1 source range, total size 0x1e2 (15% of destination):
          0x1008'dfd6   0x1e2
    1 destination range, total size 0xbcd:
          0x2802'0000   0xbcd



*******************************************************************************
*** MODULE SUMMARY
***

    Module                       ro code  ro data  rw data
    ------                       -------  -------  -------
command line/config:
    ------------------------------------------------------
    Total:

D:\IAR\SeekFree\CYT4BB7_Library-master-V2.0\Seekfree_CYT4BB_Opensource_Library\project\iar\Debug_m7_0\Obj\Element_10143943319297899650.dir: [1]
    Element.o                        816                14
    ------------------------------------------------------
    Total:                           816                14

D:\IAR\SeekFree\CYT4BB7_Library-master-V2.0\Seekfree_CYT4BB_Opensource_Library\project\iar\Debug_m7_0\Obj\JBD_IMU_13254844613604958863.dir: [2]
    MahonyAHRS.o                     920        1      188
    ------------------------------------------------------
    Total:                           920        1      188

D:\IAR\SeekFree\CYT4BB7_Library-master-V2.0\Seekfree_CYT4BB_Opensource_Library\project\iar\Debug_m7_0\Obj\JBD_MAP_387659158335041870.dir: [3]
    Map.o                            308       89    1'937
    ------------------------------------------------------
    Total:                           308       89    1'937

D:\IAR\SeekFree\CYT4BB7_Library-master-V2.0\Seekfree_CYT4BB_Opensource_Library\project\iar\Debug_m7_0\Obj\JBD_OLED_17930871203713349585.dir: [4]
    CH455.o                           66
    IIC.o                            600
    OLEDFun.o                        876                 4
    OLEDKeyboard.o                 5'788      374    1'429
    ssd1306.o                      1'544    2'088       40
    ------------------------------------------------------
    Total:                         8'874    2'462    1'473

D:\IAR\SeekFree\CYT4BB7_Library-master-V2.0\Seekfree_CYT4BB_Opensource_Library\project\iar\Debug_m7_0\Obj\adc_11722776235721520015.dir: [5]
    cy_adc.o                         720       32
    ------------------------------------------------------
    Total:                           720       32

D:\IAR\SeekFree\CYT4BB7_Library-master-V2.0\Seekfree_CYT4BB_Opensource_Library\project\iar\Debug_m7_0\Obj\audioss_1346650047966882938.dir: [6]
    ------------------------------------------------------
    Total:

D:\IAR\SeekFree\CYT4BB7_Library-master-V2.0\Seekfree_CYT4BB_Opensource_Library\project\iar\Debug_m7_0\Obj\button_4990804375159372270.dir: [7]
    ------------------------------------------------------
    Total:

D:\IAR\SeekFree\CYT4BB7_Library-master-V2.0\Seekfree_CYT4BB_Opensource_Library\project\iar\Debug_m7_0\Obj\canfd_1800690984773873875.dir: [8]
    ------------------------------------------------------
    Total:

D:\IAR\SeekFree\CYT4BB7_Library-master-V2.0\Seekfree_CYT4BB_Opensource_Library\project\iar\Debug_m7_0\Obj\code_17896468042025673432.dir: [9]
    Compute.o                                        7'352
    control.o                      1'656       67    1'152
    fun.o                            408        4
    init.o                           196
    pid.o                            870                 8
    small_driver_uart_control.o      224                20
    ------------------------------------------------------
    Total:                         3'354       71    8'532

D:\IAR\SeekFree\CYT4BB7_Library-master-V2.0\Seekfree_CYT4BB_Opensource_Library\project\iar\Debug_m7_0\Obj\cpu_15938736945165268644.dir: [10]
    ------------------------------------------------------
    Total:

D:\IAR\SeekFree\CYT4BB7_Library-master-V2.0\Seekfree_CYT4BB_Opensource_Library\project\iar\Debug_m7_0\Obj\crypto_1190170608956581615.dir: [11]
    ------------------------------------------------------
    Total:

D:\IAR\SeekFree\CYT4BB7_Library-master-V2.0\Seekfree_CYT4BB_Opensource_Library\project\iar\Debug_m7_0\Obj\dma_12106025507578611576.dir: [12]
    ------------------------------------------------------
    Total:

D:\IAR\SeekFree\CYT4BB7_Library-master-V2.0\Seekfree_CYT4BB_Opensource_Library\project\iar\Debug_m7_0\Obj\eth_phy_18133017486186456677.dir: [13]
    ------------------------------------------------------
    Total:

D:\IAR\SeekFree\CYT4BB7_Library-master-V2.0\Seekfree_CYT4BB_Opensource_Library\project\iar\Debug_m7_0\Obj\ethernet_6029839089178797009.dir: [14]
    ------------------------------------------------------
    Total:

D:\IAR\SeekFree\CYT4BB7_Library-master-V2.0\Seekfree_CYT4BB_Opensource_Library\project\iar\Debug_m7_0\Obj\evtgen_3404189088603873129.dir: [15]
    ------------------------------------------------------
    Total:

D:\IAR\SeekFree\CYT4BB7_Library-master-V2.0\Seekfree_CYT4BB_Opensource_Library\project\iar\Debug_m7_0\Obj\flash_8529866181315662935.dir: [16]
    cy_flash.o                     1'196       20
    ------------------------------------------------------
    Total:                         1'196       20

D:\IAR\SeekFree\CYT4BB7_Library-master-V2.0\Seekfree_CYT4BB_Opensource_Library\project\iar\Debug_m7_0\Obj\flash_864493325053435817.dir: [17]
    cy_mw_flash.o                    732      136        2
    ------------------------------------------------------
    Total:                           732      136        2

D:\IAR\SeekFree\CYT4BB7_Library-master-V2.0\Seekfree_CYT4BB_Opensource_Library\project\iar\Debug_m7_0\Obj\gpio_3999404635324069351.dir: [18]
    cy_gpio.o                        404
    ------------------------------------------------------
    Total:                           404

D:\IAR\SeekFree\CYT4BB7_Library-master-V2.0\Seekfree_CYT4BB_Opensource_Library\project\iar\Debug_m7_0\Obj\ipc_10145506163450686023.dir: [19]
    cy_ipc_drv.o                      96        4
    ------------------------------------------------------
    Total:                            96        4

D:\IAR\SeekFree\CYT4BB7_Library-master-V2.0\Seekfree_CYT4BB_Opensource_Library\project\iar\Debug_m7_0\Obj\lin_18429031207028094880.dir: [20]
    ------------------------------------------------------
    Total:

D:\IAR\SeekFree\CYT4BB7_Library-master-V2.0\Seekfree_CYT4BB_Opensource_Library\project\iar\Debug_m7_0\Obj\lvd_6353935867039560245.dir: [21]
    ------------------------------------------------------
    Total:

D:\IAR\SeekFree\CYT4BB7_Library-master-V2.0\Seekfree_CYT4BB_Opensource_Library\project\iar\Debug_m7_0\Obj\mcwdt_4052485907822033969.dir: [22]
    ------------------------------------------------------
    Total:

D:\IAR\SeekFree\CYT4BB7_Library-master-V2.0\Seekfree_CYT4BB_Opensource_Library\project\iar\Debug_m7_0\Obj\mpu_5663187252346826382.dir: [23]
    ------------------------------------------------------
    Total:

D:\IAR\SeekFree\CYT4BB7_Library-master-V2.0\Seekfree_CYT4BB_Opensource_Library\project\iar\Debug_m7_0\Obj\power_14453085144426420577.dir: [24]
    ------------------------------------------------------
    Total:

D:\IAR\SeekFree\CYT4BB7_Library-master-V2.0\Seekfree_CYT4BB_Opensource_Library\project\iar\Debug_m7_0\Obj\prot_10722960861768657883.dir: [25]
    ------------------------------------------------------
    Total:

D:\IAR\SeekFree\CYT4BB7_Library-master-V2.0\Seekfree_CYT4BB_Opensource_Library\project\iar\Debug_m7_0\Obj\rev_b_4986922561640112550.dir: [26]
    system_tviibh4m_cm7.o            336      160       20
    ------------------------------------------------------
    Total:                           336      160       20

D:\IAR\SeekFree\CYT4BB7_Library-master-V2.0\Seekfree_CYT4BB_Opensource_Library\project\iar\Debug_m7_0\Obj\rev_b_6162237342861132223.dir: [27]
    cy_interrupt_map.o               408      315    1'776
    ------------------------------------------------------
    Total:                           408      315    1'776

D:\IAR\SeekFree\CYT4BB7_Library-master-V2.0\Seekfree_CYT4BB_Opensource_Library\project\iar\Debug_m7_0\Obj\scb_15490842639181808494.dir: [28]
    cy_scb_spi.o                     496       16
    cy_scb_uart.o                    788       40
    ------------------------------------------------------
    Total:                         1'284       56

D:\IAR\SeekFree\CYT4BB7_Library-master-V2.0\Seekfree_CYT4BB_Opensource_Library\project\iar\Debug_m7_0\Obj\sd_host_2982766354293506895.dir: [29]
    ------------------------------------------------------
    Total:

D:\IAR\SeekFree\CYT4BB7_Library-master-V2.0\Seekfree_CYT4BB_Opensource_Library\project\iar\Debug_m7_0\Obj\semihosting_143864889731838620.dir: [30]
    ------------------------------------------------------
    Total:

D:\IAR\SeekFree\CYT4BB7_Library-master-V2.0\Seekfree_CYT4BB_Opensource_Library\project\iar\Debug_m7_0\Obj\smartio_5451710003740070188.dir: [31]
    ------------------------------------------------------
    Total:

D:\IAR\SeekFree\CYT4BB7_Library-master-V2.0\Seekfree_CYT4BB_Opensource_Library\project\iar\Debug_m7_0\Obj\smif_427648126384146252.dir: [32]
    ------------------------------------------------------
    Total:

D:\IAR\SeekFree\CYT4BB7_Library-master-V2.0\Seekfree_CYT4BB_Opensource_Library\project\iar\Debug_m7_0\Obj\smif_mem_6470536964353725183.dir: [33]
    ------------------------------------------------------
    Total:

D:\IAR\SeekFree\CYT4BB7_Library-master-V2.0\Seekfree_CYT4BB_Opensource_Library\project\iar\Debug_m7_0\Obj\srom_13018798572330080582.dir: [34]
    cy_srom.o                        748      148       24
    ------------------------------------------------------
    Total:                           748      148       24

D:\IAR\SeekFree\CYT4BB7_Library-master-V2.0\Seekfree_CYT4BB_Opensource_Library\project\iar\Debug_m7_0\Obj\startup_479057977785470282.dir: [35]
    startup.o                        516       24
    startup_cm7.o                    442               128
    ------------------------------------------------------
    Total:                           958       24      128

D:\IAR\SeekFree\CYT4BB7_Library-master-V2.0\Seekfree_CYT4BB_Opensource_Library\project\iar\Debug_m7_0\Obj\sw_timer_4215635015939382130.dir: [36]
    ------------------------------------------------------
    Total:

D:\IAR\SeekFree\CYT4BB7_Library-master-V2.0\Seekfree_CYT4BB_Opensource_Library\project\iar\Debug_m7_0\Obj\sysclk_16149231235676103872.dir: [37]
    cy_sysclk.o                    2'280      280       25
    ------------------------------------------------------
    Total:                         2'280      280       25

D:\IAR\SeekFree\CYT4BB7_Library-master-V2.0\Seekfree_CYT4BB_Opensource_Library\project\iar\Debug_m7_0\Obj\sysflt_12293435975120599261.dir: [38]
    ------------------------------------------------------
    Total:

D:\IAR\SeekFree\CYT4BB7_Library-master-V2.0\Seekfree_CYT4BB_Opensource_Library\project\iar\Debug_m7_0\Obj\sysint_7435970359207984181.dir: [39]
    cy_sysint.o                      172        8
    ------------------------------------------------------
    Total:                           172        8

D:\IAR\SeekFree\CYT4BB7_Library-master-V2.0\Seekfree_CYT4BB_Opensource_Library\project\iar\Debug_m7_0\Obj\syslib_16330585751512546975.dir: [40]
    cy_syslib.o                      262               140
    cy_syslib_iar.o                   30
    ------------------------------------------------------
    Total:                           292               140

D:\IAR\SeekFree\CYT4BB7_Library-master-V2.0\Seekfree_CYT4BB_Opensource_Library\project\iar\Debug_m7_0\Obj\syspm_10887939769544754770.dir: [41]
    ------------------------------------------------------
    Total:

D:\IAR\SeekFree\CYT4BB7_Library-master-V2.0\Seekfree_CYT4BB_Opensource_Library\project\iar\Debug_m7_0\Obj\sysreghc_17676636058511625587.dir: [42]
    ------------------------------------------------------
    Total:

D:\IAR\SeekFree\CYT4BB7_Library-master-V2.0\Seekfree_CYT4BB_Opensource_Library\project\iar\Debug_m7_0\Obj\sysreset_14586141425677365288.dir: [43]
    ------------------------------------------------------
    Total:

D:\IAR\SeekFree\CYT4BB7_Library-master-V2.0\Seekfree_CYT4BB_Opensource_Library\project\iar\Debug_m7_0\Obj\sysrtc_10747768817563771611.dir: [44]
    ------------------------------------------------------
    Total:

D:\IAR\SeekFree\CYT4BB7_Library-master-V2.0\Seekfree_CYT4BB_Opensource_Library\project\iar\Debug_m7_0\Obj\systick_16016591671695740695.dir: [45]
    ------------------------------------------------------
    Total:

D:\IAR\SeekFree\CYT4BB7_Library-master-V2.0\Seekfree_CYT4BB_Opensource_Library\project\iar\Debug_m7_0\Obj\syswdt_9118657615806274156.dir: [46]
    ------------------------------------------------------
    Total:

D:\IAR\SeekFree\CYT4BB7_Library-master-V2.0\Seekfree_CYT4BB_Opensource_Library\project\iar\Debug_m7_0\Obj\tcpwm_422923530147891246.dir: [47]
    cy_tcpwm.o                        12
    cy_tcpwm_counter.o               430       20
    cy_tcpwm_pwm.o                   522       28
    ------------------------------------------------------
    Total:                           964       48

D:\IAR\SeekFree\CYT4BB7_Library-master-V2.0\Seekfree_CYT4BB_Opensource_Library\project\iar\Debug_m7_0\Obj\trigmux_9729677290734583340.dir: [48]
    ------------------------------------------------------
    Total:

D:\IAR\SeekFree\CYT4BB7_Library-master-V2.0\Seekfree_CYT4BB_Opensource_Library\project\iar\Debug_m7_0\Obj\user_8514941877209965082.dir: [49]
    cm7_0_isr.o                      764               264
    main_cm7_0.o                     116
    ------------------------------------------------------
    Total:                           880               264

D:\IAR\SeekFree\CYT4BB7_Library-master-V2.0\Seekfree_CYT4BB_Opensource_Library\project\iar\Debug_m7_0\Obj\zf_common_1201165462030747823.dir: [50]
    zf_common_clock.o                 28                 4
    zf_common_debug.o              1'092      120      112
    zf_common_fifo.o               1'096      116
    zf_common_function.o             440      120
    zf_common_interrupt.o            226                 4
    ------------------------------------------------------
    Total:                         2'882      356      120

D:\IAR\SeekFree\CYT4BB7_Library-master-V2.0\Seekfree_CYT4BB_Opensource_Library\project\iar\Debug_m7_0\Obj\zf_components_14936052685886095442.dir: [51]
    ------------------------------------------------------
    Total:

D:\IAR\SeekFree\CYT4BB7_Library-master-V2.0\Seekfree_CYT4BB_Opensource_Library\project\iar\Debug_m7_0\Obj\zf_device_6570275422786408770.dir: [52]
    zf_device_gnss.o               2'668      168      613
    zf_device_imu963ra.o           1'176      162       24
    zf_device_tsl1401.o              124               514
    zf_device_type.o                   2                 4
    ------------------------------------------------------
    Total:                         3'970      330    1'155

D:\IAR\SeekFree\CYT4BB7_Library-master-V2.0\Seekfree_CYT4BB_Opensource_Library\project\iar\Debug_m7_0\Obj\zf_driver_11922370083829174090.dir: [53]
    zf_driver_adc.o                1'380        2       84
    zf_driver_delay.o                644        1        3
    zf_driver_flash.o                636      120    2'049
    zf_driver_gpio.o                 380
    zf_driver_pit.o                  920       10       60
    zf_driver_pwm.o                3'608      116
    zf_driver_spi.o                2'628      118       20
    zf_driver_uart.o               2'088      123      320
    ------------------------------------------------------
    Total:                        12'284      490    2'536

dl7M_tln.a: [54]
    abort.o                            6
    exit.o                             4
    sprintf.o                         64
    strncmp.o                         42
    xfail_s.o                         64                 4
    xprintffull_nomb.o             3'758
    xsprout.o                         10
    ------------------------------------------------------
    Total:                         3'948                 4

m7M_tlv.a: [55]
    DblCmpGe.o                        52
    DblCmpLe.o                        52
    DblDiv.o                          18
    DblMul.o                          18
    DblSub.o                          18
    DblToS32.o                        14
    DblToU32.o                        14
    DblToU64.o                        70
    S32ToDbl.o                        14
    U32ToDbl.o                        14
    asin.o                           136
    asinf.o                           92
    atan2.o                          126
    atan2f.o                         106
    cos_sin64.o                      760
    fpinit_M.o                        34
    frexp.o                          112
    ldexp.o                          260
    sqrt.o                            30
    xatan.o                          280
    xatanf.o                         164
    ------------------------------------------------------
    Total:                         2'384

rt7M_tl.a: [56]
    ABImemclr4.o                       6
    ABImemcpy.o                      166
    ABImemset.o                      102
    ABImemset48.o                     50
    I64DivMod.o                      560
    I64DivZer.o                        2
    cexit.o                           10
    cmain.o                           30
    cstartup_M.o                      28
    data_init.o                       40
    lz77_init_single.o               126
    memchr.o                          88
    strchr.o                          22
    strlen.o                          54
    strncpy.o                        112
    zero_init3.o                      56
    ------------------------------------------------------
    Total:                         1'452

shb_l.a: [57]
    exit.o                            20
    ------------------------------------------------------
    Total:                            20

    Gaps                              36        4       16
    Linker created                             32    8'192
----------------------------------------------------------
    Grand Total:                  52'718    5'066   26'546


*******************************************************************************
*** ENTRY LIST
***

Entry                       Address    Size  Type      Object
-----                       -------    ----  ----      ------
.iar.init_table$$Base   0x1008'db14           --   Gb  - Linker created -
.iar.init_table$$Limit  0x1008'db34           --   Gb  - Linker created -
?main                   0x1008'db81          Code  Gb  cmain.o [56]
All_Dot                 0x2802'0bca     0x1  Data  Gb  Element.o [1]
Angle_Set               0x1008'c419   0x10c  Code  Gb  Element.o [1]
Angle_Set::Last_Dot     0x2802'4727     0x1  Data  Lc  Element.o [1]
Angle_cal               0x1008'9cb9   0x26c  Code  Gb  control.o [9]
Azimuth                 0x2802'4684     0x4  Data  Gb  cm7_0_isr.o [49]
Balance                 0x2802'0af8    0x20  Data  Gb  OLEDKeyboard.o [4]
Balance_PID             0x2802'4508    0x20  Data  Gb  OLEDKeyboard.o [4]
Balance_flash_read      0x1008'12d1   0x15e  Code  Gb  OLEDKeyboard.o [4]
BusFault_Handler        0x1008'dfa1          Code  Wk  startup_cm7.o [35]
CH455_Read              0x1008'173d    0x22  Code  Gb  CH455.o [4]
CH455_Write             0x1008'171d    0x20  Code  Gb  CH455.o [4]
CSTACK$$Base            0x2807'e000           --   Gb  - Linker created -
CSTACK$$Limit           0x2808'0000           --   Gb  - Linker created -
CarDirection            0x2802'4688     0x4  Data  Gb  cm7_0_isr.o [49]
Clear_Flash             0x2802'46dc     0x4  Data  Gb  OLEDFun.o [4]
CoCtrl                  0x2802'0bd0  0x1cb8  Data  Gb  Compute.o [9]
CoSub_OKb               0x2802'35e8   0x320  Data  Gb  OLEDKeyboard.o [4]
Control                 0x2802'0b18    0x20  Data  Gb  OLEDKeyboard.o [4]
Control_SET             0x2802'4548    0x20  Data  Gb  OLEDKeyboard.o [4]
Control_flash_read      0x1008'1435   0x146  Code  Gb  OLEDKeyboard.o [4]
CopyVectorTable         0x1008'cfa9    0x34  Code  Lc  startup.o [35]
CpuUserInt0_Handler     0x1008'd18b    0x26  Code  Gb  cy_interrupt_map.o [27]
CpuUserInt10_Handler    0x1008'dfbd          Code  Wk  startup_cm7.o [35]
CpuUserInt11_Handler    0x1008'dfc1          Code  Wk  startup_cm7.o [35]
CpuUserInt12_Handler    0x1008'dfc5          Code  Wk  startup_cm7.o [35]
CpuUserInt13_Handler    0x1008'dfc9          Code  Wk  startup_cm7.o [35]
CpuUserInt14_Handler    0x1008'dfcd          Code  Wk  startup_cm7.o [35]
CpuUserInt15_Handler    0x1008'dfd1          Code  Wk  startup_cm7.o [35]
CpuUserInt1_Handler     0x1008'd1b1    0x26  Code  Gb  cy_interrupt_map.o [27]
CpuUserInt2_Handler     0x1008'd1d7    0x26  Code  Gb  cy_interrupt_map.o [27]
CpuUserInt3_Handler     0x1008'd1fd    0x26  Code  Gb  cy_interrupt_map.o [27]
CpuUserInt4_Handler     0x1008'd223    0x26  Code  Gb  cy_interrupt_map.o [27]
CpuUserInt5_Handler     0x1008'd249    0x26  Code  Gb  cy_interrupt_map.o [27]
CpuUserInt6_Handler     0x1008'd26f    0x26  Code  Gb  cy_interrupt_map.o [27]
CpuUserInt7_Handler     0x1008'd295    0x26  Code  Gb  cy_interrupt_map.o [27]
CpuUserInt8_Handler     0x1008'dfb5          Code  Wk  startup_cm7.o [35]
CpuUserInt9_Handler     0x1008'dfb9          Code  Wk  startup_cm7.o [35]
Cy_Adc_Channel_DeInit   0x1008'be9d    0x2c  Code  Gb  cy_adc.o [5]
Cy_Adc_Channel_Disable  0x1008'bed5     0xc  Code  Gb  cy_adc.o [5]
Cy_Adc_Channel_Enable   0x1008'bec9     0xc  Code  Gb  cy_adc.o [5]
Cy_Adc_Channel_Init     0x1008'bd49   0x154  Code  Gb  cy_adc.o [5]
Cy_Adc_Channel_SetInterruptMask
                        0x1008'beed    0x7c  Code  Gb  cy_adc.o [5]
Cy_Adc_Channel_SoftwareTrigger
                        0x1008'bee1     0xc  Code  Gb  cy_adc.o [5]
Cy_Adc_Init             0x1008'bcbd    0x8c  Code  Gb  cy_adc.o [5]
Cy_DefaultUserHandler   0x1008'd189     0x2  Code  Gb  cy_interrupt_map.o [27]
Cy_FlashHandler         0x1008'30c7    0x34  Code  Lc  cy_mw_flash.o [17]
Cy_FlashInit            0x1008'30fb    0x3c  Code  Gb  cy_mw_flash.o [17]
Cy_FlashSectorErase     0x1008'3137    0x7e  Code  Gb  cy_mw_flash.o [17]
Cy_FlashWriteWork       0x1008'3241    0xbc  Code  Gb  cy_mw_flash.o [17]
Cy_Flash_BlankCheck     0x1008'59fb    0xb4  Code  Gb  cy_flash.o [16]
Cy_Flash_BoundsCheck    0x1008'58b1    0x24  Code  Gb  cy_flash.o [16]
Cy_Flash_CallSromApiForFlashWrite
                        0x1008'56a1    0x6a  Code  Lc  cy_flash.o [16]
Cy_Flash_EraseSector    0x1008'5993    0x68  Code  Gb  cy_flash.o [16]
Cy_Flash_IsWorkSmallSector
                        0x1008'5807    0x40  Code  Gb  cy_flash.o [16]
Cy_Flash_MainBoundsCheck
                        0x1008'5847    0x6a  Code  Gb  cy_flash.o [16]
Cy_Flash_ProcessOpcode  0x1008'58d5    0xbe  Code  Gb  cy_flash.o [16]
Cy_Flash_ProgramRow     0x1008'570b    0x92  Code  Gb  cy_flash.o [16]
Cy_Flash_WorkBoundsCheck
                        0x1008'579d    0x6a  Code  Gb  cy_flash.o [16]
Cy_Flashc_GetMainBankMode
                        0x1008'567f     0xe  Code  Lc  cy_flash.o [16]
Cy_Flashc_GetWorkBankMode
                        0x1008'5671     0xe  Code  Lc  cy_flash.o [16]
Cy_Flashc_InvalidateFlashCacheBuffer
                        0x1008'568d    0x14  Code  Lc  cy_flash.o [16]
Cy_Flashc_InvalidateFlashCacheBuffer
                        0x1008'309b    0x14  Code  Lc  cy_mw_flash.o [17]
Cy_Flashc_MainWriteEnable
                        0x1008'30af     0xc  Code  Lc  cy_mw_flash.o [17]
Cy_Flashc_WorkWriteEnable
                        0x1008'30bb     0xc  Code  Lc  cy_mw_flash.o [17]
Cy_GPIO_ClearInterrupt  0x1008'351b     0xe  Code  Lc  cy_gpio.o [18]
Cy_GPIO_Clr             0x1008'26e1     0xa  Code  Lc  zf_driver_gpio.o [53]
Cy_GPIO_Pin_Init        0x1008'355f    0x72  Code  Gb  cy_gpio.o [18]
Cy_GPIO_Read            0x1008'26cd     0xa  Code  Lc  zf_driver_gpio.o [53]
Cy_GPIO_Set             0x1008'26d7     0xa  Code  Lc  zf_driver_gpio.o [53]
Cy_GPIO_SetDriveSel     0x1008'34fd    0x1e  Code  Lc  cy_gpio.o [18]
Cy_GPIO_SetDrivemode    0x1008'34ad    0x1c  Code  Lc  cy_gpio.o [18]
Cy_GPIO_SetDrivemode    0x1008'26eb    0x1c  Code  Lc  zf_driver_gpio.o [53]
Cy_GPIO_SetHSIOM        0x1008'3449    0x4c  Code  Lc  cy_gpio.o [18]
Cy_GPIO_SetInterruptEdge
                        0x1008'3543    0x1c  Code  Lc  cy_gpio.o [18]
Cy_GPIO_SetInterruptMask
                        0x1008'3529    0x1a  Code  Lc  cy_gpio.o [18]
Cy_GPIO_SetSlewRate     0x1008'34e3    0x1a  Code  Lc  cy_gpio.o [18]
Cy_GPIO_SetVtrip        0x1008'34c9    0x1a  Code  Lc  cy_gpio.o [18]
Cy_GPIO_Write           0x1008'3495    0x18  Code  Lc  cy_gpio.o [18]
Cy_IPC_Drv_AcquireNotify
                        0x1008'6ff9     0xc  Code  Lc  cy_ipc_drv.o [19]
Cy_IPC_Drv_ClearInterrupt
                        0x1008'5267    0x14  Code  Lc  cy_srom.o [34]
Cy_IPC_Drv_GetInterruptStatusMasked
                        0x1008'5263     0x4  Code  Lc  cy_srom.o [34]
Cy_IPC_Drv_GetIntrBaseAddr
                        0x1008'521d    0x34  Code  Lc  cy_srom.o [34]
Cy_IPC_Drv_IsLockAcquired
                        0x1008'527b     0x8  Code  Lc  cy_srom.o [34]
Cy_IPC_Drv_LockAcquire  0x1008'700d    0x10  Code  Gb  cy_ipc_drv.o [19]
Cy_IPC_Drv_SendMsgWord_2
                        0x1008'701d    0x34  Code  Gb  cy_ipc_drv.o [19]
Cy_IPC_Drv_SetInterruptMask
                        0x1008'5251    0x12  Code  Lc  cy_srom.o [34]
Cy_IPC_Drv_WriteData1Value
                        0x1008'7009     0x4  Code  Lc  cy_ipc_drv.o [19]
Cy_IPC_Drv_WriteDataValue
                        0x1008'7005     0x4  Code  Lc  cy_ipc_drv.o [19]
Cy_RestoreIRQ           0x1008'd165          Code  Gb  startup_cm7.o [35]
Cy_SCB_ClearRxFifo      0x1008'8743    0x1e  Code  Lc  zf_driver_spi.o [53]
Cy_SCB_ClearRxInterrupt
                        0x1008'c65b     0xa  Code  Lc  cm7_0_isr.o [49]
Cy_SCB_ClearTxInterrupt
                        0x1008'c66b     0xa  Code  Lc  cm7_0_isr.o [49]
Cy_SCB_GetFifoSize      0x1008'879d    0x12  Code  Lc  zf_driver_spi.o [53]
Cy_SCB_GetNumInRxFifo   0x1008'8739     0xa  Code  Lc  zf_driver_spi.o [53]
Cy_SCB_GetNumInRxFifo   0x1008'463b     0xa  Code  Lc  zf_driver_uart.o [53]
Cy_SCB_GetNumInTxFifo   0x1008'8767     0xa  Code  Lc  zf_driver_spi.o [53]
Cy_SCB_GetNumInTxFifo   0x1008'464b     0xa  Code  Lc  zf_driver_uart.o [53]
Cy_SCB_GetRxInterruptMask
                        0x1008'c655     0x6  Code  Lc  cm7_0_isr.o [49]
Cy_SCB_GetRxInterruptMask
                        0x1008'4687     0x6  Code  Lc  zf_driver_uart.o [53]
Cy_SCB_GetTxInterruptMask
                        0x1008'c665     0x6  Code  Lc  cm7_0_isr.o [49]
Cy_SCB_GetTxInterruptMask
                        0x1008'4693     0x6  Code  Lc  zf_driver_uart.o [53]
[...]
get_two_points_azimuth  0x1008'77f9    0xc6  Code  Gb  zf_device_gnss.o [52]
get_two_points_distance
                        0x1008'772d    0xc4  Code  Gb  zf_device_gnss.o [52]
get_uart_config         0x1008'46a3   0x14c  Code  Lc  zf_driver_uart.o [53]
gnss                    0x2802'4250    0x48  Data  Gb  zf_device_gnss.o [52]
gnss_data_parse         0x1008'78cd   0x11e  Code  Gb  zf_device_gnss.o [52]
gnss_dot                0x2802'3d38    0xb0  Data  Gb  cm7_0_isr.o [49]
gnss_flag               0x2802'472d     0x1  Data  Gb  zf_device_gnss.o [52]
gnss_gga_state          0x2802'472f     0x1  Data  Lc  zf_device_gnss.o [52]
gnss_init               0x1008'7af9   0x1c8  Code  Gb  zf_device_gnss.o [52]
gnss_receiver_buffer    0x2802'3fc4    0x80  Data  Lc  zf_device_gnss.o [52]
gnss_receiver_fifo      0x2802'4610    0x18  Data  Lc  zf_device_gnss.o [52]
gnss_rmc_state          0x2802'4730     0x1  Data  Lc  zf_device_gnss.o [52]
gnss_state              0x2802'472e     0x1  Data  Lc  zf_device_gnss.o [52]
gnss_ths_state          0x2802'4731     0x1  Data  Lc  zf_device_gnss.o [52]
gnss_uart_callback      0x1008'7a0d    0xe2  Code  Gb  zf_device_gnss.o [52]
gp_srom_resp_handler    0x2802'46ac     0x4  Data  Lc  cy_srom.o [34]
gpio_get_level          0x1008'274b    0x22  Code  Gb  zf_driver_gpio.o [53]
gpio_init               0x1008'27bb    0x88  Code  Gb  zf_driver_gpio.o [53]
gpio_set_dir            0x1008'276d    0x4e  Code  Gb  zf_driver_gpio.o [53]
gpio_set_level          0x1008'2707    0x44  Code  Gb  zf_driver_gpio.o [53]
gps_gga_buffer          0x2802'4044    0x80  Data  Lc  zf_device_gnss.o [52]
gps_gngga_parse         0x1008'7679    0x6c  Code  Lc  zf_device_gnss.o [52]
gps_gnrmc_parse         0x1008'7449   0x222  Code  Lc  zf_device_gnss.o [52]
gps_gnths_parse         0x1008'76e5    0x46  Code  Lc  zf_device_gnss.o [52]
gps_rmc_buffer          0x2802'40c4    0x80  Data  Lc  zf_device_gnss.o [52]
gps_state               0x2802'471c     0x1  Data  Gb  cm7_0_isr.o [49]
gps_ths_buffer          0x2802'4144    0x80  Data  Lc  zf_device_gnss.o [52]
gx_last                 0x2802'468c     0x4  Data  Gb  control.o [9]
gy_last                 0x2802'4690     0x4  Data  Gb  control.o [9]
gz_last                 0x2802'4694     0x4  Data  Gb  control.o [9]
hCtrl                   0x2802'3c20    0xfc  Data  Gb  control.o [9]
icm963_offset           0x1008'a951   0x12e  Code  Gb  zf_device_imu963ra.o [52]
iic_delay               0x1008'26b9    0x14  Code  Gb  IIC.o [4]
imu963_data_trans       0x1008'a82d   0x122  Code  Gb  zf_device_imu963ra.o [52]
imu963ra_acc_gyro_self_check
                        0x1008'a6a3    0x32  Code  Lc  zf_device_imu963ra.o [52]
imu963ra_acc_x          0x2802'4716     0x2  Data  Gb  zf_device_imu963ra.o [52]
imu963ra_acc_y          0x2802'4718     0x2  Data  Gb  zf_device_imu963ra.o [52]
imu963ra_acc_z          0x2802'471a     0x2  Data  Gb  zf_device_imu963ra.o [52]
imu963ra_get_acc        0x1008'a6d5    0x44  Code  Gb  zf_device_imu963ra.o [52]
imu963ra_get_gyro       0x1008'a719    0x44  Code  Gb  zf_device_imu963ra.o [52]
imu963ra_gyro_x         0x2802'4710     0x2  Data  Gb  zf_device_imu963ra.o [52]
imu963ra_gyro_y         0x2802'4712     0x2  Data  Gb  zf_device_imu963ra.o [52]
imu963ra_gyro_z         0x2802'4714     0x2  Data  Gb  zf_device_imu963ra.o [52]
imu963ra_init           0x1008'a75d    0xce  Code  Gb  zf_device_imu963ra.o [52]
imu963ra_read_acc_gyro_register
                        0x1008'a657    0x26  Code  Lc  zf_device_imu963ra.o [52]
imu963ra_read_acc_gyro_registers
                        0x1008'a67d    0x26  Code  Lc  zf_device_imu963ra.o [52]
imu963ra_transition_factor
                        0x2802'0b38     0xc  Data  Gb  zf_device_imu963ra.o [52]
imu963ra_write_acc_gyro_register
                        0x1008'a635    0x22  Code  Lc  zf_device_imu963ra.o [52]
intFreqInitialized      0x2802'4722     0x1  Data  Gb  cy_sysclk.o [37]
integralFBx             0x2802'46c4     0x4  Data  Gb  MahonyAHRS.o [2]
integralFBx_yaw         0x2802'46d0     0x4  Data  Gb  MahonyAHRS.o [2]
integralFBy             0x2802'46c8     0x4  Data  Gb  MahonyAHRS.o [2]
integralFBy_yaw         0x2802'46d4     0x4  Data  Gb  MahonyAHRS.o [2]
integralFBz             0x2802'46cc     0x4  Data  Gb  MahonyAHRS.o [2]
integralFBz_yaw         0x2802'46d8     0x4  Data  Gb  MahonyAHRS.o [2]
internalBaseFreqInfo    0x2802'45c8    0x18  Data  Gb  cy_sysclk.o [37]
interrupt_global_disable
                        0x1008'51a5    0x14  Code  Gb  zf_common_interrupt.o [50]
interrupt_global_enable
                        0x1008'5195    0x10  Code  Gb  zf_common_interrupt.o [50]
interrupt_global_flag   0x2802'4704     0x4  Data  Lc  zf_common_interrupt.o [50]
interrupt_init          0x1008'51e5    0x36  Code  Gb  zf_common_interrupt.o [50]
interrupt_set_priority  0x1008'51d9     0xc  Code  Gb  zf_common_interrupt.o [50]
invSqrt                 0x1008'ae11    0x30  Code  Gb  MahonyAHRS.o [2]
ldexp                   0x1008'5cc1          Code  Gb  ldexp.o [55]
ldexpl                  0x1008'5cc1          Code  Gb  ldexp.o [55]
main                    0x1008'd9d9    0x74  Code  Gb  main_cm7_0.o [49]
memchr                  0x1008'5b7d          Code  Gb  memchr.o [56]
motor_value             0x2802'4628    0x14  Data  Gb  small_driver_uart_control.o [9]
pid_out                 0x2802'46e8     0x4  Data  Gb  pid.o [9]
pit0_ch0_isr            0x1008'c675    0x6c  Code  Gb  cm7_0_isr.o [49]
pit0_ch0_isr::ms20      0x2802'471f     0x1  Data  Lc  cm7_0_isr.o [49]
pit0_ch0_isr::ms4       0x2802'471d     0x1  Data  Lc  cm7_0_isr.o [49]
pit0_ch0_isr::ms8       0x2802'471e     0x1  Data  Lc  cm7_0_isr.o [49]
pit0_ch10_isr           0x1008'c6f5     0xa  Code  Gb  cm7_0_isr.o [49]
pit0_ch11_isr           0x1008'c6ff     0xa  Code  Gb  cm7_0_isr.o [49]
pit0_ch12_isr           0x1008'c709     0xa  Code  Gb  cm7_0_isr.o [49]
pit0_ch13_isr           0x1008'c713     0xa  Code  Gb  cm7_0_isr.o [49]
pit0_ch14_isr           0x1008'c71d     0xa  Code  Gb  cm7_0_isr.o [49]
pit0_ch15_isr           0x1008'c727     0xa  Code  Gb  cm7_0_isr.o [49]
pit0_ch16_isr           0x1008'c731     0xa  Code  Gb  cm7_0_isr.o [49]
pit0_ch17_isr           0x1008'c73b     0xa  Code  Gb  cm7_0_isr.o [49]
pit0_ch18_isr           0x1008'c745     0xa  Code  Gb  cm7_0_isr.o [49]
pit0_ch19_isr           0x1008'c74f     0xa  Code  Gb  cm7_0_isr.o [49]
pit0_ch1_isr            0x1008'c6e1     0xa  Code  Gb  cm7_0_isr.o [49]
pit0_ch20_isr           0x1008'c759     0xa  Code  Gb  cm7_0_isr.o [49]
pit0_ch21_isr           0x1008'c763     0xe  Code  Gb  cm7_0_isr.o [49]
pit0_ch2_isr            0x1008'c6eb     0xa  Code  Gb  cm7_0_isr.o [49]
pit_init                0x1008'c121   0x1ee  Code  Gb  zf_driver_pit.o [53]
pit_isr_flag_clear      0x1008'c0f7    0x2a  Code  Gb  zf_driver_pit.o [53]
pit_isr_func            0x2802'0b54    0x3c  Data  Gb  zf_driver_pit.o [53]
programSizeBytesLut     0x1008'dc6c    0x14  Data  Lc  cy_flash.o [16]
pwm_all_channel_close   0x1008'6ce5    0x1a  Code  Gb  zf_driver_pwm.o [53]
pwm_init                0x1008'6d59   0x1e4  Code  Gb  zf_driver_pwm.o [53]
pwm_set_duty            0x1008'6cff    0x5a  Code  Gb  zf_driver_pwm.o [53]
run                     0x2802'0ae8    0x10  Data  Gb  OLEDKeyboard.o [4]
sar_adc                 0x2802'0b48     0xc  Data  Lc  zf_driver_adc.o [53]
scalbln                 0x1008'5cc1          Code  Gb  ldexp.o [55]
scalblnl                0x1008'5cc1          Code  Gb  ldexp.o [55]
scalbn                  0x1008'5cc1          Code  Gb  ldexp.o [55]
scalbnl                 0x1008'5cc1          Code  Gb  ldexp.o [55]
scale                   0x1008'43c1    0x46  Code  Lc  xprintffull_nomb.o [54]
scb_module              0x2802'0bb4    0x14  Data  Gb  zf_driver_uart.o [53]
sec_hand                0x2802'470c     0x4  Data  Lc  xfail_s.o [54]
sin                     0x1008'81d9     0x4  Code  Gb  cos_sin64.o [55]
sinl                    0x1008'81d9     0x4  Code  Gb  cos_sin64.o [55]
small_driver_get_speed  0x1008'cbb3    0x2a  Code  Gb  small_driver_uart_control.o [9]
spi_get_clk_hsiom       0x1008'8a35    0x28  Code  Lc  zf_driver_spi.o [53]
spi_get_clk_pin         0x1008'8979    0x28  Code  Lc  zf_driver_spi.o [53]
spi_get_cs_hsiom        0x1008'8aad    0x44  Code  Lc  zf_driver_spi.o [53]
spi_get_cs_pin          0x1008'89f1    0x44  Code  Lc  zf_driver_spi.o [53]
spi_get_miso_hsiom      0x1008'8a85    0x28  Code  Lc  zf_driver_spi.o [53]
spi_get_miso_pin        0x1008'89c9    0x28  Code  Lc  zf_driver_spi.o [53]
spi_get_mosi_hsiom      0x1008'8a5d    0x28  Code  Lc  zf_driver_spi.o [53]
spi_get_mosi_pin        0x1008'89a1    0x28  Code  Lc  zf_driver_spi.o [53]
spi_init                0x1008'8ed9   0x28e  Code  Gb  zf_driver_spi.o [53]
spi_module              0x2802'0b90    0x10  Data  Gb  zf_driver_spi.o [53]
spi_read_8bit_register  0x1008'8d15    0xd0  Code  Gb  zf_driver_spi.o [53]
spi_read_8bit_registers
                        0x1008'8de5    0xe2  Code  Gb  zf_driver_spi.o [53]
spi_write_8bit_register
                        0x1008'8c2d    0xde  Code  Gb  zf_driver_spi.o [53]
sprintf                 0x1008'2bd1    0x40  Code  Gb  sprintf.o [54]
sqrt                    0x1008'23cd          Code  Gb  sqrt.o [55]
sqrtl                   0x1008'23cd          Code  Gb  sqrt.o [55]
strchr                  0x1008'5b25          Code  Gb  strchr.o [56]
strlen                  0x1008'4cb9          Code  Gb  strlen.o [56]
strncmp                 0x1008'82d9    0x2a  Code  Gb  strncmp.o [54]
strncpy                 0x1008'5509          Code  Gb  strncpy.o [56]
switch_transition_length
                        0x1008'8af1   0x13c  Code  Lc  zf_driver_spi.o [53]
system_clock            0x2802'4700     0x4  Data  Gb  zf_common_clock.o [50]
system_delay_init       0x1008'84c7    0xa6  Code  Gb  zf_driver_delay.o [53]
system_delay_ms         0x1008'8469    0x5e  Code  Gb  zf_driver_delay.o [53]
timer_ch                0x2802'0bcc     0x1  Data  Lc  zf_driver_delay.o [53]
tsl1401_collect_pit_handler
                        0x1008'ca85    0x68  Code  Gb  zf_device_tsl1401.o [52]
tsl1401_data            0x2802'3908   0x200  Data  Gb  zf_device_tsl1401.o [52]
tsl1401_finish_flag     0x2802'4733     0x1  Data  Gb  zf_device_tsl1401.o [52]
tsl1401_init_state      0x2802'4732     0x1  Data  Lc  zf_device_tsl1401.o [52]
twoKi                   0x2802'46c0     0x4  Data  Gb  MahonyAHRS.o [2]
twoKp                   0x2802'0894     0x4  Data  Gb  MahonyAHRS.o [2]
type_default_callback   0x1008'dfd5     0x2  Code  Lc  zf_device_type.o [52]
uart0_isr               0x1008'c771    0x40  Code  Gb  cm7_0_isr.o [49]
uart1_isr               0x1008'c7b1    0x40  Code  Gb  cm7_0_isr.o [49]
uart2_isr               0x1008'c7f1    0xa6  Code  Gb  cm7_0_isr.o [49]
uart3_isr               0x1008'c897    0x3c  Code  Gb  cm7_0_isr.o [49]
uart4_isr               0x1008'c8d3    0x42  Code  Gb  cm7_0_isr.o [49]
uart_context            0x2802'3b08   0x118  Data  Gb  zf_driver_uart.o [53]
uart_control_callback   0x1008'cb01    0xb2  Code  Gb  small_driver_uart_control.o [9]
uart_init               0x1008'4ae1   0x190  Code  Gb  zf_driver_uart.o [53]
uart_isr_func           0x2802'0ba0    0x14  Data  Gb  zf_driver_uart.o [53]
uart_query_byte         0x1008'4895    0x32  Code  Gb  zf_driver_uart.o [53]
uart_receiver_handler   0x2802'0b44     0x4  Data  Gb  zf_device_type.o [52]
uart_rx_interrupt       0x1008'49e3    0xfe  Code  Gb  zf_driver_uart.o [53]
uart_tx_interrupt       0x1008'48c7   0x11c  Code  Gb  zf_driver_uart.o [53]
uart_write_buffer       0x1008'485b    0x1e  Code  Gb  zf_driver_uart.o [53]
uart_write_byte         0x1008'4833    0x28  Code  Gb  zf_driver_uart.o [53]
uart_write_string       0x1008'4879    0x1c  Code  Gb  zf_driver_uart.o [53]
utc_to_btc              0x1008'73b1    0x96  Code  Lc  zf_device_gnss.o [52]
zf_debug_assert_enable  0x2802'0bcb     0x1  Data  Lc  zf_common_debug.o [50]
zf_debug_init_flag      0x2802'472a     0x1  Data  Lc  zf_common_debug.o [50]


[1] = D:\IAR\SeekFree\CYT4BB7_Library-master-V2.0\Seekfree_CYT4BB_Opensource_Library\project\iar\Debug_m7_0\Obj\Element_10143943319297899650.dir
[2] = D:\IAR\SeekFree\CYT4BB7_Library-master-V2.0\Seekfree_CYT4BB_Opensource_Library\project\iar\Debug_m7_0\Obj\JBD_IMU_13254844613604958863.dir
[3] = D:\IAR\SeekFree\CYT4BB7_Library-master-V2.0\Seekfree_CYT4BB_Opensource_Library\project\iar\Debug_m7_0\Obj\JBD_MAP_387659158335041870.dir
[4] = D:\IAR\SeekFree\CYT4BB7_Library-master-V2.0\Seekfree_CYT4BB_Opensource_Library\project\iar\Debug_m7_0\Obj\JBD_OLED_17930871203713349585.dir
[5] = D:\IAR\SeekFree\CYT4BB7_Library-master-V2.0\Seekfree_CYT4BB_Opensource_Library\project\iar\Debug_m7_0\Obj\adc_11722776235721520015.dir
[6] = D:\IAR\SeekFree\CYT4BB7_Library-master-V2.0\Seekfree_CYT4BB_Opensource_Library\project\iar\Debug_m7_0\Obj\audioss_1346650047966882938.dir
[7] = D:\IAR\SeekFree\CYT4BB7_Library-master-V2.0\Seekfree_CYT4BB_Opensource_Library\project\iar\Debug_m7_0\Obj\button_4990804375159372270.dir
[8] = D:\IAR\SeekFree\CYT4BB7_Library-master-V2.0\Seekfree_CYT4BB_Opensource_Library\project\iar\Debug_m7_0\Obj\canfd_1800690984773873875.dir
[9] = D:\IAR\SeekFree\CYT4BB7_Library-master-V2.0\Seekfree_CYT4BB_Opensource_Library\project\iar\Debug_m7_0\Obj\code_17896468042025673432.dir
[10] = D:\IAR\SeekFree\CYT4BB7_Library-master-V2.0\Seekfree_CYT4BB_Opensource_Library\project\iar\Debug_m7_0\Obj\cpu_15938736945165268644.dir
[11] = D:\IAR\SeekFree\CYT4BB7_Library-master-V2.0\Seekfree_CYT4BB_Opensource_Library\project\iar\Debug_m7_0\Obj\crypto_1190170608956581615.dir
[12] = D:\IAR\SeekFree\CYT4BB7_Library-master-V2.0\Seekfree_CYT4BB_Opensource_Library\project\iar\Debug_m7_0\Obj\dma_12106025507578611576.dir
[13] = D:\IAR\SeekFree\CYT4BB7_Library-master-V2.0\Seekfree_CYT4BB_Opensource_Library\project\iar\Debug_m7_0\Obj\eth_phy_18133017486186456677.dir
[14] = D:\IAR\SeekFree\CYT4BB7_Library-master-V2.0\Seekfree_CYT4BB_Opensource_Library\project\iar\Debug_m7_0\Obj\ethernet_6029839089178797009.dir
[15] = D:\IAR\SeekFree\CYT4BB7_Library-master-V2.0\Seekfree_CYT4BB_Opensource_Library\project\iar\Debug_m7_0\Obj\evtgen_3404189088603873129.dir
[16] = D:\IAR\SeekFree\CYT4BB7_Library-master-V2.0\Seekfree_CYT4BB_Opensource_Library\project\iar\Debug_m7_0\Obj\flash_8529866181315662935.dir
[17] = D:\IAR\SeekFree\CYT4BB7_Library-master-V2.0\Seekfree_CYT4BB_Opensource_Library\project\iar\Debug_m7_0\Obj\flash_864493325053435817.dir
[18] = D:\IAR\SeekFree\CYT4BB7_Library-master-V2.0\Seekfree_CYT4BB_Opensource_Library\project\iar\Debug_m7_0\Obj\gpio_3999404635324069351.dir
[19] = D:\IAR\SeekFree\CYT4BB7_Library-master-V2.0\Seekfree_CYT4BB_Opensource_Library\project\iar\Debug_m7_0\Obj\ipc_10145506163450686023.dir
[20] = D:\IAR\SeekFree\CYT4BB7_Library-master-V2.0\Seekfree_CYT4BB_Opensource_Library\project\iar\Debug_m7_0\Obj\lin_18429031207028094880.dir
[21] = D:\IAR\SeekFree\CYT4BB7_Library-master-V2.0\Seekfree_CYT4BB_Opensource_Library\project\iar\Debug_m7_0\Obj\lvd_6353935867039560245.dir
[22] = D:\IAR\SeekFree\CYT4BB7_Library-master-V2.0\Seekfree_CYT4BB_Opensource_Library\project\iar\Debug_m7_0\Obj\mcwdt_4052485907822033969.dir
[23] = D:\IAR\SeekFree\CYT4BB7_Library-master-V2.0\Seekfree_CYT4BB_Opensource_Library\project\iar\Debug_m7_0\Obj\mpu_5663187252346826382.dir
[24] = D:\IAR\SeekFree\CYT4BB7_Library-master-V2.0\Seekfree_CYT4BB_Opensource_Library\project\iar\Debug_m7_0\Obj\power_14453085144426420577.dir
[25] = D:\IAR\SeekFree\CYT4BB7_Library-master-V2.0\Seekfree_CYT4BB_Opensource_Library\project\iar\Debug_m7_0\Obj\prot_10722960861768657883.dir
[26] = D:\IAR\SeekFree\CYT4BB7_Library-master-V2.0\Seekfree_CYT4BB_Opensource_Library\project\iar\Debug_m7_0\Obj\rev_b_4986922561640112550.dir
[27] = D:\IAR\SeekFree\CYT4BB7_Library-master-V2.0\Seekfree_CYT4BB_Opensource_Library\project\iar\Debug_m7_0\Obj\rev_b_6162237342861132223.dir
[28] = D:\IAR\SeekFree\CYT4BB7_Library-master-V2.0\Seekfree_CYT4BB_Opensource_Library\project\iar\Debug_m7_0\Obj\scb_15490842639181808494.dir
[29] = D:\IAR\SeekFree\CYT4BB7_Library-master-V2.0\Seekfree_CYT4BB_Opensource_Library\project\iar\Debug_m7_0\Obj\sd_host_2982766354293506895.dir
[30] = D:\IAR\SeekFree\CYT4BB7_Library-master-V2.0\Seekfree_CYT4BB_Opensource_Library\project\iar\Debug_m7_0\Obj\semihosting_143864889731838620.dir
[31] = D:\IAR\SeekFree\CYT4BB7_Library-master-V2.0\Seekfree_CYT4BB_Opensource_Library\project\iar\Debug_m7_0\Obj\smartio_5451710003740070188.dir
[32] = D:\IAR\SeekFree\CYT4BB7_Library-master-V2.0\Seekfree_CYT4BB_Opensource_Library\project\iar\Debug_m7_0\Obj\smif_427648126384146252.dir
[33] = D:\IAR\SeekFree\CYT4BB7_Library-master-V2.0\Seekfree_CYT4BB_Opensource_Library\project\iar\Debug_m7_0\Obj\smif_mem_6470536964353725183.dir
[34] = D:\IAR\SeekFree\CYT4BB7_Library-master-V2.0\Seekfree_CYT4BB_Opensource_Library\project\iar\Debug_m7_0\Obj\srom_13018798572330080582.dir
[35] = D:\IAR\SeekFree\CYT4BB7_Library-master-V2.0\Seekfree_CYT4BB_Opensource_Library\project\iar\Debug_m7_0\Obj\startup_479057977785470282.dir
[36] = D:\IAR\SeekFree\CYT4BB7_Library-master-V2.0\Seekfree_CYT4BB_Opensource_Library\project\iar\Debug_m7_0\Obj\sw_timer_4215635015939382130.dir
[37] = D:\IAR\SeekFree\CYT4BB7_Library-master-V2.0\Seekfree_CYT4BB_Opensource_Library\project\iar\Debug_m7_0\Obj\sysclk_16149231235676103872.dir
[38] = D:\IAR\SeekFree\CYT4BB7_Library-master-V2.0\Seekfree_CYT4BB_Opensource_Library\project\iar\Debug_m7_0\Obj\sysflt_12293435975120599261.dir
[39] = D:\IAR\SeekFree\CYT4BB7_Library-master-V2.0\Seekfree_CYT4BB_Opensource_Library\project\iar\Debug_m7_0\Obj\sysint_7435970359207984181.dir
[40] = D:\IAR\SeekFree\CYT4BB7_Library-master-V2.0\Seekfree_CYT4BB_Opensource_Library\project\iar\Debug_m7_0\Obj\syslib_16330585751512546975.dir
[41] = D:\IAR\SeekFree\CYT4BB7_Library-master-V2.0\Seekfree_CYT4BB_Opensource_Library\project\iar\Debug_m7_0\Obj\syspm_10887939769544754770.dir
[42] = D:\IAR\SeekFree\CYT4BB7_Library-master-V2.0\Seekfree_CYT4BB_Opensource_Library\project\iar\Debug_m7_0\Obj\sysreghc_17676636058511625587.dir
[43] = D:\IAR\SeekFree\CYT4BB7_Library-master-V2.0\Seekfree_CYT4BB_Opensource_Library\project\iar\Debug_m7_0\Obj\sysreset_14586141425677365288.dir
[44] = D:\IAR\SeekFree\CYT4BB7_Library-master-V2.0\Seekfree_CYT4BB_Opensource_Library\project\iar\Debug_m7_0\Obj\sysrtc_10747768817563771611.dir
[45] = D:\IAR\SeekFree\CYT4BB7_Library-master-V2.0\Seekfree_CYT4BB_Opensource_Library\project\iar\Debug_m7_0\Obj\systick_16016591671695740695.dir
[46] = D:\IAR\SeekFree\CYT4BB7_Library-master-V2.0\Seekfree_CYT4BB_Opensource_Library\project\iar\Debug_m7_0\Obj\syswdt_9118657615806274156.dir
[47] = D:\IAR\SeekFree\CYT4BB7_Library-master-V2.0\Seekfree_CYT4BB_Opensource_Library\project\iar\Debug_m7_0\Obj\tcpwm_422923530147891246.dir
[48] = D:\IAR\SeekFree\CYT4BB7_Library-master-V2.0\Seekfree_CYT4BB_Opensource_Library\project\iar\Debug_m7_0\Obj\trigmux_9729677290734583340.dir
[49] = D:\IAR\SeekFree\CYT4BB7_Library-master-V2.0\Seekfree_CYT4BB_Opensource_Library\project\iar\Debug_m7_0\Obj\user_8514941877209965082.dir
[50] = D:\IAR\SeekFree\CYT4BB7_Library-master-V2.0\Seekfree_CYT4BB_Opensource_Library\project\iar\Debug_m7_0\Obj\zf_common_1201165462030747823.dir
[51] = D:\IAR\SeekFree\CYT4BB7_Library-master-V2.0\Seekfree_CYT4BB_Opensource_Library\project\iar\Debug_m7_0\Obj\zf_components_14936052685886095442.dir
[52] = D:\IAR\SeekFree\CYT4BB7_Library-master-V2.0\Seekfree_CYT4BB_Opensource_Library\project\iar\Debug_m7_0\Obj\zf_device_6570275422786408770.dir
[53] = D:\IAR\SeekFree\CYT4BB7_Library-master-V2.0\Seekfree_CYT4BB_Opensource_Library\project\iar\Debug_m7_0\Obj\zf_driver_11922370083829174090.dir
[54] = dl7M_tln.a
[55] = m7M_tlv.a
[56] = rt7M_tl.a
[57] = shb_l.a
[58] = zf_device_config.a

  52'718 bytes of readonly  code memory
   5'066 bytes of readonly  data memory
  26'546 bytes of readwrite data memory

Errors: none
Warnings: none
