###############################################################################
#
# IAR ELF Linker V9.40.1.364/W64 for ARM                  10/Feb/2026  16:29:24
# Copyright 2007-2023 IAR Systems AB.
#
#    Output file  =
#        D:\IAR\SeekFree\CYT4BB7_Library-master-V2.0\Seekfree_CYT4BB_Opensource_Library\project\iar\project_config\Debug_m7_1\Exe\cyt4bb7_cm_7_1.out
#    Map file     =
#        D:\IAR\SeekFree\CYT4BB7_Library-master-V2.0\Seekfree_CYT4BB_Opensource_Library\project\iar\Debug_m7_1\List\cyt4bb7_cm_7_1.map
#    Command line =
#        -f
#        D:\IAR\SeekFree\CYT4BB7_Library-master-V2.0\Seekfree_CYT4BB_Opensource_Library\project\iar\project_config\Debug_m7_1\Exe\cyt4bb7_cm_7_1.out.rsp
#        (D:\IAR\SeekFree\CYT4BB7_Library-master-V2.0\Seekfree_CYT4BB_Opensource_Library\project\iar\Debug_m7_1\Obj\JBD_OLED_17930871203713349585.dir\CH455.o
#        D:\IAR\SeekFree\CYT4BB7_Library-master-V2.0\Seekfree_CYT4BB_Opensource_Library\project\iar\Debug_m7_1\Obj\user_8514941877209965082.dir\cm7_1_isr.o
#        D:\IAR\SeekFree\CYT4BB7_Library-master-V2.0\Seekfree_CYT4BB_Opensource_Library\project\iar\Debug_m7_1\Obj\adc_11722776235721520015.dir\cy_adc.o
#        D:\IAR\SeekFree\CYT4BB7_Library-master-V2.0\Seekfree_CYT4BB_Opensource_Library\project\iar\Debug_m7_1\Obj\button_4990804375159372270.dir\cy_button.o
#        D:\IAR\SeekFree\CYT4BB7_Library-master-V2.0\Seekfree_CYT4BB_Opensource_Library\project\iar\Debug_m7_1\Obj\canfd_1800690984773873875.dir\cy_canfd.o
#        D:\IAR\SeekFree\CYT4BB7_Library-master-V2.0\Seekfree_CYT4BB_Opensource_Library\project\iar\Debug_m7_1\Obj\cpu_15938736945165268644.dir\cy_cpu.o
#        D:\IAR\SeekFree\CYT4BB7_Library-master-V2.0\Seekfree_CYT4BB_Opensource_Library\project\iar\Debug_m7_1\Obj\crypto_1190170608956581615.dir\cy_crypto_config.o
#        D:\IAR\SeekFree\CYT4BB7_Library-master-V2.0\Seekfree_CYT4BB_Opensource_Library\project\iar\Debug_m7_1\Obj\eth_phy_18133017486186456677.dir\cy_dp83867.o
#        D:\IAR\SeekFree\CYT4BB7_Library-master-V2.0\Seekfree_CYT4BB_Opensource_Library\project\iar\Debug_m7_1\Obj\ethernet_6029839089178797009.dir\cy_ethif.o
#        D:\IAR\SeekFree\CYT4BB7_Library-master-V2.0\Seekfree_CYT4BB_Opensource_Library\project\iar\Debug_m7_1\Obj\evtgen_3404189088603873129.dir\cy_evtgen.o
#        D:\IAR\SeekFree\CYT4BB7_Library-master-V2.0\Seekfree_CYT4BB_Opensource_Library\project\iar\Debug_m7_1\Obj\flash_8529866181315662935.dir\cy_flash.o
#        D:\IAR\SeekFree\CYT4BB7_Library-master-V2.0\Seekfree_CYT4BB_Opensource_Library\project\iar\Debug_m7_1\Obj\gpio_3999404635324069351.dir\cy_gpio.o
#        D:\IAR\SeekFree\CYT4BB7_Library-master-V2.0\Seekfree_CYT4BB_Opensource_Library\project\iar\Debug_m7_1\Obj\audioss_1346650047966882938.dir\cy_i2s.o
#        D:\IAR\SeekFree\CYT4BB7_Library-master-V2.0\Seekfree_CYT4BB_Opensource_Library\project\iar\Debug_m7_1\Obj\rev_b_6162237342861132223.dir\cy_interrupt_map.o
#        D:\IAR\SeekFree\CYT4BB7_Library-master-V2.0\Seekfree_CYT4BB_Opensource_Library\project\iar\Debug_m7_1\Obj\ipc_10145506163450686023.dir\cy_ipc_drv.o
#        D:\IAR\SeekFree\CYT4BB7_Library-master-V2.0\Seekfree_CYT4BB_Opensource_Library\project\iar\Debug_m7_1\Obj\ipc_10145506163450686023.dir\cy_ipc_pipe.o
#        D:\IAR\SeekFree\CYT4BB7_Library-master-V2.0\Seekfree_CYT4BB_Opensource_Library\project\iar\Debug_m7_1\Obj\ipc_10145506163450686023.dir\cy_ipc_sema.o
#        D:\IAR\SeekFree\CYT4BB7_Library-master-V2.0\Seekfree_CYT4BB_Opensource_Library\project\iar\Debug_m7_1\Obj\lin_18429031207028094880.dir\cy_lin.o
#        D:\IAR\SeekFree\CYT4BB7_Library-master-V2.0\Seekfree_CYT4BB_Opensource_Library\project\iar\Debug_m7_1\Obj\lvd_6353935867039560245.dir\cy_lvd.o
#        D:\IAR\SeekFree\CYT4BB7_Library-master-V2.0\Seekfree_CYT4BB_Opensource_Library\project\iar\Debug_m7_1\Obj\mcwdt_4052485907822033969.dir\cy_mcwdt.o
#        D:\IAR\SeekFree\CYT4BB7_Library-master-V2.0\Seekfree_CYT4BB_Opensource_Library\project\iar\Debug_m7_1\Obj\dma_12106025507578611576.dir\cy_mdma.o
#        D:\IAR\SeekFree\CYT4BB7_Library-master-V2.0\Seekfree_CYT4BB_Opensource_Library\project\iar\Debug_m7_1\Obj\mpu_5663187252346826382.dir\cy_mpu.o
#        D:\IAR\SeekFree\CYT4BB7_Library-master-V2.0\Seekfree_CYT4BB_Opensource_Library\project\iar\Debug_m7_1\Obj\flash_864493325053435817.dir\cy_mw_flash.o
#        D:\IAR\SeekFree\CYT4BB7_Library-master-V2.0\Seekfree_CYT4BB_Opensource_Library\project\iar\Debug_m7_1\Obj\dma_12106025507578611576.dir\cy_pdma.o
#        D:\IAR\SeekFree\CYT4BB7_Library-master-V2.0\Seekfree_CYT4BB_Opensource_Library\project\iar\Debug_m7_1\Obj\power_14453085144426420577.dir\cy_power.o
#        D:\IAR\SeekFree\CYT4BB7_Library-master-V2.0\Seekfree_CYT4BB_Opensource_Library\project\iar\Debug_m7_1\Obj\prot_10722960861768657883.dir\cy_prot.o
#        D:\IAR\SeekFree\CYT4BB7_Library-master-V2.0\Seekfree_CYT4BB_Opensource_Library\project\iar\Debug_m7_1\Obj\scb_15490842639181808494.dir\cy_scb_common.o
#        D:\IAR\SeekFree\CYT4BB7_Library-master-V2.0\Seekfree_CYT4BB_Opensource_Library\project\iar\Debug_m7_1\Obj\scb_15490842639181808494.dir\cy_scb_ezi2c.o
#        D:\IAR\SeekFree\CYT4BB7_Library-master-V2.0\Seekfree_CYT4BB_Opensource_Library\project\iar\Debug_m7_1\Obj\scb_15490842639181808494.dir\cy_scb_i2c.o
#        D:\IAR\SeekFree\CYT4BB7_Library-master-V2.0\Seekfree_CYT4BB_Opensource_Library\project\iar\Debug_m7_1\Obj\scb_15490842639181808494.dir\cy_scb_spi.o
#        D:\IAR\SeekFree\CYT4BB7_Library-master-V2.0\Seekfree_CYT4BB_Opensource_Library\project\iar\Debug_m7_1\Obj\scb_15490842639181808494.dir\cy_scb_uart.o
#        D:\IAR\SeekFree\CYT4BB7_Library-master-V2.0\Seekfree_CYT4BB_Opensource_Library\project\iar\Debug_m7_1\Obj\sd_host_2982766354293506895.dir\cy_sd_host.o
#        D:\IAR\SeekFree\CYT4BB7_Library-master-V2.0\Seekfree_CYT4BB_Opensource_Library\project\iar\Debug_m7_1\Obj\semihosting_143864889731838620.dir\cy_semihosting.o
#        D:\IAR\SeekFree\CYT4BB7_Library-master-V2.0\Seekfree_CYT4BB_Opensource_Library\project\iar\Debug_m7_1\Obj\smartio_5451710003740070188.dir\cy_smartio.o
#        D:\IAR\SeekFree\CYT4BB7_Library-master-V2.0\Seekfree_CYT4BB_Opensource_Library\project\iar\Debug_m7_1\Obj\smif_427648126384146252.dir\cy_smif.o
#        D:\IAR\SeekFree\CYT4BB7_Library-master-V2.0\Seekfree_CYT4BB_Opensource_Library\project\iar\Debug_m7_1\Obj\smif_mem_6470536964353725183.dir\cy_smif_device_common.o
#        D:\IAR\SeekFree\CYT4BB7_Library-master-V2.0\Seekfree_CYT4BB_Opensource_Library\project\iar\Debug_m7_1\Obj\smif_mem_6470536964353725183.dir\cy_smif_hb_flash.o
#        D:\IAR\SeekFree\CYT4BB7_Library-master-V2.0\Seekfree_CYT4BB_Opensource_Library\project\iar\Debug_m7_1\Obj\smif_427648126384146252.dir\cy_smif_memslot.o
#        D:\IAR\SeekFree\CYT4BB7_Library-master-V2.0\Seekfree_CYT4BB_Opensource_Library\project\iar\Debug_m7_1\Obj\smif_mem_6470536964353725183.dir\cy_smif_s25fl.o
#        D:\IAR\SeekFree\CYT4BB7_Library-master-V2.0\Seekfree_CYT4BB_Opensource_Library\project\iar\Debug_m7_1\Obj\smif_mem_6470536964353725183.dir\cy_smif_s25fs.o
#        D:\IAR\SeekFree\CYT4BB7_Library-master-V2.0\Seekfree_CYT4BB_Opensource_Library\project\iar\Debug_m7_1\Obj\smif_mem_6470536964353725183.dir\cy_smif_semp.o
#        D:\IAR\SeekFree\CYT4BB7_Library-master-V2.0\Seekfree_CYT4BB_Opensource_Library\project\iar\Debug_m7_1\Obj\smif_427648126384146252.dir\cy_smif_ver_specific.o
#        D:\IAR\SeekFree\CYT4BB7_Library-master-V2.0\Seekfree_CYT4BB_Opensource_Library\project\iar\Debug_m7_1\Obj\srom_13018798572330080582.dir\cy_srom.o
#        D:\IAR\SeekFree\CYT4BB7_Library-master-V2.0\Seekfree_CYT4BB_Opensource_Library\project\iar\Debug_m7_1\Obj\sw_timer_4215635015939382130.dir\cy_sw_tmr.o
#        D:\IAR\SeekFree\CYT4BB7_Library-master-V2.0\Seekfree_CYT4BB_Opensource_Library\project\iar\Debug_m7_1\Obj\sysclk_16149231235676103872.dir\cy_sysclk.o
#        D:\IAR\SeekFree\CYT4BB7_Library-master-V2.0\Seekfree_CYT4BB_Opensource_Library\project\iar\Debug_m7_1\Obj\sysflt_12293435975120599261.dir\cy_sysflt.o
#        D:\IAR\SeekFree\CYT4BB7_Library-master-V2.0\Seekfree_CYT4BB_Opensource_Library\project\iar\Debug_m7_1\Obj\sysint_7435970359207984181.dir\cy_sysint.o
#        D:\IAR\SeekFree\CYT4BB7_Library-master-V2.0\Seekfree_CYT4BB_Opensource_Library\project\iar\Debug_m7_1\Obj\syslib_16330585751512546975.dir\cy_syslib.o
#        D:\IAR\SeekFree\CYT4BB7_Library-master-V2.0\Seekfree_CYT4BB_Opensource_Library\project\iar\Debug_m7_1\Obj\syslib_16330585751512546975.dir\cy_syslib_iar.o
#        D:\IAR\SeekFree\CYT4BB7_Library-master-V2.0\Seekfree_CYT4BB_Opensource_Library\project\iar\Debug_m7_1\Obj\syspm_10887939769544754770.dir\cy_syspm.o
#        D:\IAR\SeekFree\CYT4BB7_Library-master-V2.0\Seekfree_CYT4BB_Opensource_Library\project\iar\Debug_m7_1\Obj\sysreghc_17676636058511625587.dir\cy_sysreghc.o
#        D:\IAR\SeekFree\CYT4BB7_Library-master-V2.0\Seekfree_CYT4BB_Opensource_Library\project\iar\Debug_m7_1\Obj\sysreset_14586141425677365288.dir\cy_sysreset.o
#        D:\IAR\SeekFree\CYT4BB7_Library-master-V2.0\Seekfree_CYT4BB_Opensource_Library\project\iar\Debug_m7_1\Obj\sysrtc_10747768817563771611.dir\cy_sysrtc.o
#        D:\IAR\SeekFree\CYT4BB7_Library-master-V2.0\Seekfree_CYT4BB_Opensource_Library\project\iar\Debug_m7_1\Obj\systick_16016591671695740695.dir\cy_systick.o
#        D:\IAR\SeekFree\CYT4BB7_Library-master-V2.0\Seekfree_CYT4BB_Opensource_Library\project\iar\Debug_m7_1\Obj\syswdt_9118657615806274156.dir\cy_syswdt.o
#        D:\IAR\SeekFree\CYT4BB7_Library-master-V2.0\Seekfree_CYT4BB_Opensource_Library\project\iar\Debug_m7_1\Obj\tcpwm_422923530147891246.dir\cy_tcpwm.o
#        D:\IAR\SeekFree\CYT4BB7_Library-master-V2.0\Seekfree_CYT4BB_Opensource_Library\project\iar\Debug_m7_1\Obj\tcpwm_422923530147891246.dir\cy_tcpwm_counter.o
#        D:\IAR\SeekFree\CYT4BB7_Library-master-V2.0\Seekfree_CYT4BB_Opensource_Library\project\iar\Debug_m7_1\Obj\tcpwm_422923530147891246.dir\cy_tcpwm_pwm.o
#        D:\IAR\SeekFree\CYT4BB7_Library-master-V2.0\Seekfree_CYT4BB_Opensource_Library\project\iar\Debug_m7_1\Obj\tcpwm_422923530147891246.dir\cy_tcpwm_quaddec.o
#        D:\IAR\SeekFree\CYT4BB7_Library-master-V2.0\Seekfree_CYT4BB_Opensource_Library\project\iar\Debug_m7_1\Obj\tcpwm_422923530147891246.dir\cy_tcpwm_sr.o
#        D:\IAR\SeekFree\CYT4BB7_Library-master-V2.0\Seekfree_CYT4BB_Opensource_Library\project\iar\Debug_m7_1\Obj\trigmux_9729677290734583340.dir\cy_trigmux.o
#        D:\IAR\SeekFree\CYT4BB7_Library-master-V2.0\Seekfree_CYT4BB_Opensource_Library\project\iar\Debug_m7_1\Obj\ethernet_6029839089178797009.dir\edd.o
#        D:\IAR\SeekFree\CYT4BB7_Library-master-V2.0\Seekfree_CYT4BB_Opensource_Library\project\iar\Debug_m7_1\Obj\ethernet_6029839089178797009.dir\edd_rx.o
#        D:\IAR\SeekFree\CYT4BB7_Library-master-V2.0\Seekfree_CYT4BB_Opensource_Library\project\iar\Debug_m7_1\Obj\ethernet_6029839089178797009.dir\edd_tx.o
#        D:\IAR\SeekFree\CYT4BB7_Library-master-V2.0\Seekfree_CYT4BB_Opensource_Library\project\iar\Debug_m7_1\Obj\Element_10143943319297899650.dir\Element.o
#        D:\IAR\SeekFree\CYT4BB7_Library-master-V2.0\Seekfree_CYT4BB_Opensource_Library\project\iar\Debug_m7_1\Obj\JBD_OLED_17930871203713349585.dir\IIC.o
#        D:\IAR\SeekFree\CYT4BB7_Library-master-V2.0\Seekfree_CYT4BB_Opensource_Library\project\iar\Debug_m7_1\Obj\code_17896468042025673432.dir\init_1.o
#        D:\IAR\SeekFree\CYT4BB7_Library-master-V2.0\Seekfree_CYT4BB_Opensource_Library\project\iar\Debug_m7_1\Obj\JBD_IMU_13254844613604958863.dir\MahonyAHRS.o
#        D:\IAR\SeekFree\CYT4BB7_Library-master-V2.0\Seekfree_CYT4BB_Opensource_Library\project\iar\Debug_m7_1\Obj\user_8514941877209965082.dir\main_cm7_1.o
#        D:\IAR\SeekFree\CYT4BB7_Library-master-V2.0\Seekfree_CYT4BB_Opensource_Library\project\iar\Debug_m7_1\Obj\JBD_OLED_17930871203713349585.dir\OLEDFun.o
#        D:\IAR\SeekFree\CYT4BB7_Library-master-V2.0\Seekfree_CYT4BB_Opensource_Library\project\iar\Debug_m7_1\Obj\JBD_OLED_17930871203713349585.dir\OLEDKeyboard.o
#        D:\IAR\SeekFree\CYT4BB7_Library-master-V2.0\Seekfree_CYT4BB_Opensource_Library\project\iar\Debug_m7_1\Obj\zf_components_14936052685886095442.dir\seekfree_assistant.o
#        D:\IAR\SeekFree\CYT4BB7_Library-master-V2.0\Seekfree_CYT4BB_Opensource_Library\project\iar\Debug_m7_1\Obj\zf_components_14936052685886095442.dir\seekfree_assistant_interface.o
#        D:\IAR\SeekFree\CYT4BB7_Library-master-V2.0\Seekfree_CYT4BB_Opensource_Library\project\iar\Debug_m7_1\Obj\JBD_OLED_17930871203713349585.dir\ssd1306.o
#        D:\IAR\SeekFree\CYT4BB7_Library-master-V2.0\Seekfree_CYT4BB_Opensource_Library\project\iar\Debug_m7_1\Obj\startup_479057977785470282.dir\startup.o
#        D:\IAR\SeekFree\CYT4BB7_Library-master-V2.0\Seekfree_CYT4BB_Opensource_Library\project\iar\Debug_m7_1\Obj\startup_479057977785470282.dir\startup_cm7.o
#        D:\IAR\SeekFree\CYT4BB7_Library-master-V2.0\Seekfree_CYT4BB_Opensource_Library\project\iar\Debug_m7_1\Obj\rev_b_4986922561640112550.dir\system_tviibh4m_cm7.o
#        D:\IAR\SeekFree\CYT4BB7_Library-master-V2.0\Seekfree_CYT4BB_Opensource_Library\project\iar\Debug_m7_1\Obj\zf_common_1201165462030747823.dir\zf_common_clock.o
#        D:\IAR\SeekFree\CYT4BB7_Library-master-V2.0\Seekfree_CYT4BB_Opensource_Library\project\iar\Debug_m7_1\Obj\zf_common_1201165462030747823.dir\zf_common_debug.o
#        D:\IAR\SeekFree\CYT4BB7_Library-master-V2.0\Seekfree_CYT4BB_Opensource_Library\project\iar\Debug_m7_1\Obj\zf_common_1201165462030747823.dir\zf_common_fifo.o
#        D:\IAR\SeekFree\CYT4BB7_Library-master-V2.0\Seekfree_CYT4BB_Opensource_Library\project\iar\Debug_m7_1\Obj\zf_common_1201165462030747823.dir\zf_common_font.o
#        D:\IAR\SeekFree\CYT4BB7_Library-master-V2.0\Seekfree_CYT4BB_Opensource_Library\project\iar\Debug_m7_1\Obj\zf_common_1201165462030747823.dir\zf_common_function.o
#        D:\IAR\SeekFree\CYT4BB7_Library-master-V2.0\Seekfree_CYT4BB_Opensource_Library\project\iar\Debug_m7_1\Obj\zf_common_1201165462030747823.dir\zf_common_interrupt.o
#        D:\IAR\SeekFree\CYT4BB7_Library-master-V2.0\Seekfree_CYT4BB_Opensource_Library\project\iar\Debug_m7_1\Obj\zf_device_6570275422786408770.dir\zf_device_ble6a20.o
#        D:\IAR\SeekFree\CYT4BB7_Library-master-V2.0\Seekfree_CYT4BB_Opensource_Library\project\iar\Debug_m7_1\Obj\zf_device_6570275422786408770.dir\zf_device_dl1a.o
#        D:\IAR\SeekFree\CYT4BB7_Library-master-V2.0\Seekfree_CYT4BB_Opensource_Library\project\iar\Debug_m7_1\Obj\zf_device_6570275422786408770.dir\zf_device_dl1b.o
#        D:\IAR\SeekFree\CYT4BB7_Library-master-V2.0\Seekfree_CYT4BB_Opensource_Library\project\iar\Debug_m7_1\Obj\zf_device_6570275422786408770.dir\zf_device_gnss.o
#        D:\IAR\SeekFree\CYT4BB7_Library-master-V2.0\Seekfree_CYT4BB_Opensource_Library\project\iar\Debug_m7_1\Obj\zf_device_6570275422786408770.dir\zf_device_icm20602.o
#        D:\IAR\SeekFree\CYT4BB7_Library-master-V2.0\Seekfree_CYT4BB_Opensource_Library\project\iar\Debug_m7_1\Obj\zf_device_6570275422786408770.dir\zf_device_imu660ra.o
#        D:\IAR\SeekFree\CYT4BB7_Library-master-V2.0\Seekfree_CYT4BB_Opensource_Library\project\iar\Debug_m7_1\Obj\zf_device_6570275422786408770.dir\zf_device_imu963ra.o
#        D:\IAR\SeekFree\CYT4BB7_Library-master-V2.0\Seekfree_CYT4BB_Opensource_Library\project\iar\Debug_m7_1\Obj\zf_device_6570275422786408770.dir\zf_device_ips114.o
#        D:\IAR\SeekFree\CYT4BB7_Library-master-V2.0\Seekfree_CYT4BB_Opensource_Library\project\iar\Debug_m7_1\Obj\zf_device_6570275422786408770.dir\zf_device_ips200.o
#        D:\IAR\SeekFree\CYT4BB7_Library-master-V2.0\Seekfree_CYT4BB_Opensource_Library\project\iar\Debug_m7_1\Obj\zf_device_6570275422786408770.dir\zf_device_ips200pro.o
#        D:\IAR\SeekFree\CYT4BB7_Library-master-V2.0\Seekfree_CYT4BB_Opensource_Library\project\iar\Debug_m7_1\Obj\zf_device_6570275422786408770.dir\zf_device_key.o
#        D:\IAR\SeekFree\CYT4BB7_Library-master-V2.0\Seekfree_CYT4BB_Opensource_Library\project\iar\Debug_m7_1\Obj\zf_device_6570275422786408770.dir\zf_device_mt9v03x.o
#        D:\IAR\SeekFree\CYT4BB7_Library-master-V2.0\Seekfree_CYT4BB_Opensource_Library\project\iar\Debug_m7_1\Obj\zf_device_6570275422786408770.dir\zf_device_oled.o
#        D:\IAR\SeekFree\CYT4BB7_Library-master-V2.0\Seekfree_CYT4BB_Opensource_Library\project\iar\Debug_m7_1\Obj\zf_device_6570275422786408770.dir\zf_device_tft180.o
#        D:\IAR\SeekFree\CYT4BB7_Library-master-V2.0\Seekfree_CYT4BB_Opensource_Library\project\iar\Debug_m7_1\Obj\zf_device_6570275422786408770.dir\zf_device_tsl1401.o
#        D:\IAR\SeekFree\CYT4BB7_Library-master-V2.0\Seekfree_CYT4BB_Opensource_Library\project\iar\Debug_m7_1\Obj\zf_device_6570275422786408770.dir\zf_device_type.o
#        D:\IAR\SeekFree\CYT4BB7_Library-master-V2.0\Seekfree_CYT4BB_Opensource_Library\project\iar\Debug_m7_1\Obj\zf_device_6570275422786408770.dir\zf_device_wifi_spi.o
#        D:\IAR\SeekFree\CYT4BB7_Library-master-V2.0\Seekfree_CYT4BB_Opensource_Library\project\iar\Debug_m7_1\Obj\zf_device_6570275422786408770.dir\zf_device_wifi_uart.o
#        D:\IAR\SeekFree\CYT4BB7_Library-master-V2.0\Seekfree_CYT4BB_Opensource_Library\project\iar\Debug_m7_1\Obj\zf_device_6570275422786408770.dir\zf_device_wireless_uart.o
#        D:\IAR\SeekFree\CYT4BB7_Library-master-V2.0\Seekfree_CYT4BB_Opensource_Library\project\iar\Debug_m7_1\Obj\zf_driver_11922370083829174090.dir\zf_driver_adc.o
#        D:\IAR\SeekFree\CYT4BB7_Library-master-V2.0\Seekfree_CYT4BB_Opensource_Library\project\iar\Debug_m7_1\Obj\zf_driver_11922370083829174090.dir\zf_driver_delay.o
#        D:\IAR\SeekFree\CYT4BB7_Library-master-V2.0\Seekfree_CYT4BB_Opensource_Library\project\iar\Debug_m7_1\Obj\zf_driver_11922370083829174090.dir\zf_driver_dma.o
#        D:\IAR\SeekFree\CYT4BB7_Library-master-V2.0\Seekfree_CYT4BB_Opensource_Library\project\iar\Debug_m7_1\Obj\zf_driver_11922370083829174090.dir\zf_driver_encoder.o
#        D:\IAR\SeekFree\CYT4BB7_Library-master-V2.0\Seekfree_CYT4BB_Opensource_Library\project\iar\Debug_m7_1\Obj\zf_driver_11922370083829174090.dir\zf_driver_exti.o
#        D:\IAR\SeekFree\CYT4BB7_Library-master-V2.0\Seekfree_CYT4BB_Opensource_Library\project\iar\Debug_m7_1\Obj\zf_driver_11922370083829174090.dir\zf_driver_flash.o
#        D:\IAR\SeekFree\CYT4BB7_Library-master-V2.0\Seekfree_CYT4BB_Opensource_Library\project\iar\Debug_m7_1\Obj\zf_driver_11922370083829174090.dir\zf_driver_gpio.o
#        D:\IAR\SeekFree\CYT4BB7_Library-master-V2.0\Seekfree_CYT4BB_Opensource_Library\project\iar\Debug_m7_1\Obj\zf_driver_11922370083829174090.dir\zf_driver_ipc.o
#        D:\IAR\SeekFree\CYT4BB7_Library-master-V2.0\Seekfree_CYT4BB_Opensource_Library\project\iar\Debug_m7_1\Obj\zf_driver_11922370083829174090.dir\zf_driver_pit.o
#        D:\IAR\SeekFree\CYT4BB7_Library-master-V2.0\Seekfree_CYT4BB_Opensource_Library\project\iar\Debug_m7_1\Obj\zf_driver_11922370083829174090.dir\zf_driver_pwm.o
#        D:\IAR\SeekFree\CYT4BB7_Library-master-V2.0\Seekfree_CYT4BB_Opensource_Library\project\iar\Debug_m7_1\Obj\zf_driver_11922370083829174090.dir\zf_driver_soft_iic.o
#        D:\IAR\SeekFree\CYT4BB7_Library-master-V2.0\Seekfree_CYT4BB_Opensource_Library\project\iar\Debug_m7_1\Obj\zf_driver_11922370083829174090.dir\zf_driver_soft_spi.o
#        D:\IAR\SeekFree\CYT4BB7_Library-master-V2.0\Seekfree_CYT4BB_Opensource_Library\project\iar\Debug_m7_1\Obj\zf_driver_11922370083829174090.dir\zf_driver_spi.o
#        D:\IAR\SeekFree\CYT4BB7_Library-master-V2.0\Seekfree_CYT4BB_Opensource_Library\project\iar\Debug_m7_1\Obj\zf_driver_11922370083829174090.dir\zf_driver_timer.o
#        D:\IAR\SeekFree\CYT4BB7_Library-master-V2.0\Seekfree_CYT4BB_Opensource_Library\project\iar\Debug_m7_1\Obj\zf_driver_11922370083829174090.dir\zf_driver_uart.o
#        --no_out_extension -o
#        D:\IAR\SeekFree\CYT4BB7_Library-master-V2.0\Seekfree_CYT4BB_Opensource_Library\project\iar\project_config\Debug_m7_1\Exe\cyt4bb7_cm_7_1.out
#        --config_def _CORE_cm7_1_=0 --config_def _LINK_flash_=0 --map
#        D:\IAR\SeekFree\CYT4BB7_Library-master-V2.0\Seekfree_CYT4BB_Opensource_Library\project\iar\Debug_m7_1\List\cyt4bb7_cm_7_1.map
#        --config
#        D:\IAR\SeekFree\CYT4BB7_Library-master-V2.0\Seekfree_CYT4BB_Opensource_Library\project\iar\project_config\..\icf\linker_directives_tviibh.icf
#        --semihosting
#        D:\IAR\SeekFree\CYT4BB7_Library-master-V2.0\Seekfree_CYT4BB_Opensource_Library\project\iar\project_config\..\..\..\libraries\sdk\tviibh4m\src\drivers\crypto\libs\libcrypto_server_cm0plus_iar.a
#        D:\IAR\SeekFree\CYT4BB7_Library-master-V2.0\Seekfree_CYT4BB_Opensource_Library\project\iar\project_config\..\..\..\libraries\zf_device\zf_device_config.a
#        D:\IAR\SeekFree\CYT4BB7_Library-master-V2.0\Seekfree_CYT4BB_Opensource_Library\project\iar\project_config\..\..\..\libraries\sdk\common\hdr\cmsis\dsp\iar_cortexM7lf_math.a
#        --entry __iar_program_start --vfe --text_out locale --cpu=Cortex-M7
#        --fpu=VFPv5_d16) --dependencies=n
#        D:\IAR\SeekFree\CYT4BB7_Library-master-V2.0\Seekfree_CYT4BB_Opensource_Library\project\iar\project_config\Debug_m7_1\Exe\cyt4bb7_cm_7_1.out.iar_deps
#
###############################################################################

*******************************************************************************
*** RUNTIME MODEL ATTRIBUTES
***

CppFlavor       = *
__CPP_Runtime   = 1
__Heap_Handler  = Basic
__SystemLibrary = DLib
__dlib_version  = 6


*******************************************************************************
*** HEAP SELECTION
***

The basic heap was selected because --advanced_heap
was not specified and the application did not appear to
be primarily optimized for speed.


*******************************************************************************
*** PLACEMENT SUMMARY
***

"A0":  place at start of [from 0x1028'0000 to 0x1040'ffff] { section .intvec };
"P1":  place in [from 0x1028'0000 to 0x1040'ffff] { ro };
"P2":  place in [from 0x2808'0000 to 0x280b'ffff] { rw };
define block HEAP with size = 1K, alignment = 8 { };
define block CSTACK with size = 8K, alignment = 8 { };
define block HEAP_STACK { block HEAP, last block CSTACK };
"A1":  place at end of [from 0x2808'0000 to 0x280b'ffff] { block HEAP_STACK };
do not initialize { section .intvec_ram };
initialize by copy { rw };

No sections matched the following patterns:

  ro section .sflash_app_prot  in "P6"
  ro section .sflash_nar       in "P4"
  ro section .sflash_pkey      in "P5"
  ro section .sflash_toc2      in "P7"
  ro section .sflash_uf_rows   in "P3"
  ro section .work_flash       in "P8"
  section .global_ram_data     in "P9"


  Section                Kind         Address    Size  Object
  -------                ----         -------    ----  ------
"A0":                                            0x80
  .intvec                ro code  0x1028'0000    0x80  startup_cm7.o [34]
                                - 0x1028'0080    0x80

"P1":                                          0x1e3a
  .text                  ro code  0x1028'0080   0x8e8  cy_sysclk.o [36]
  .text                  ro code  0x1028'0968    0x70  strncpy.o [55]
  .text                  ro code  0x1028'09d8    0xa8  cy_syslib.o [39]
  .text                  ro code  0x1028'0a80    0x86  ABImemcpy.o [55]
  .text                  ro code  0x1028'0b06    0x7e  lz77_init_single.o [55]
  .text                  ro code  0x1028'0b84   0x230  I64DivMod.o [55]
  .text                  ro code  0x1028'0db4    0x66  ABImemset.o [55]
  .text                  ro code  0x1028'0e1a     0x2  cy_syslib.o [39]
  .text                  ro code  0x1028'0e1c     0x2  I64DivZer.o [55]
  .text                  ro code  0x1028'0e20   0x220  zf_driver_delay.o [52]
  .text                  ro code  0x1028'1040   0x18e  cy_tcpwm_counter.o [46]
  .text                  ro code  0x1028'11ce     0xc  cy_tcpwm.o [46]
  .text                  ro code  0x1028'11dc   0x204  startup.o [34]
  .text                  ro code  0x1028'13e0   0x150  system_tviibh4m_cm7.o [25]
  .text                  ro code  0x1028'1530     0x8  startup_cm7.o [34]
  .text                  ro code  0x1028'1538     0x6  startup_cm7.o [34]
  .text                  ro code  0x1028'1540   0x198  cy_interrupt_map.o [26]
  .text                  ro code  0x1028'16d8    0xcc  main_cm7_1.o [48]
  .text                  ro code  0x1028'17a4    0x1c  zf_common_clock.o [49]
  .text                  ro code  0x1028'17c0    0x28  zf_common_interrupt.o [49]
  .text                  ro code  0x1028'17e8    0x7c  zf_common_debug.o [49]
  .text                  ro code  0x1028'1864     0x2  init_1.o [8]
  .text                  ro code  0x1028'1868    0x84  zf_driver_uart.o [52]
  .text                  ro code  0x1028'18ec    0xb0  startup_cm7.o [34]
  .rodata                const    0x1028'199c    0x88  cy_sysclk.o [36]
  .rodata                const    0x1028'1a24    0x88  cy_sysclk.o [36]
  .rodata                const    0x1028'1aac    0x88  system_tviibh4m_cm7.o [25]
  .text                  ro code  0x1028'1b34    0x38  zero_init3.o [55]
  .text                  ro code  0x1028'1b6c    0x28  data_init.o [55]
  .text                  ro code  0x1028'1b94    0x22  fpinit_M.o [54]
  .iar.init_table        const    0x1028'1bb8    0x48  - Linker created -
  .text                  ro code  0x1028'1c00    0x20  startup_cm7.o [34]
  .text                  ro code  0x1028'1c20    0x1e  cy_syslib_iar.o [39]
  .text                  ro code  0x1028'1c40    0x1e  cmain.o [55]
  .text                  ro code  0x1028'1c60     0x4  startup_cm7.o [34]
  .text                  ro code  0x1028'1c64     0x4  exit.o [53]
  .text                  ro code  0x1028'1c68     0xa  cexit.o [55]
  .text                  ro code  0x1028'1c74    0x14  exit.o [56]
  .text                  ro code  0x1028'1c88    0x1c  startup_cm7.o [34]
  .text                  ro code  0x1028'1ca4    0x1c  cstartup_M.o [55]
  .rodata                const    0x1028'1cc0    0x18  startup.o [34]
  .rodata                const    0x1028'1cd8    0x18  system_tviibh4m_cm7.o [25]
  .text                  ro code  0x1028'1cf0     0xc  cy_syslib.o [39]
  .rodata                const    0x1028'1cfc     0x8  cy_sysclk.o [36]
  .rodata                const    0x1028'1d04     0x4  cy_interrupt_map.o [26]
  .rodata                const    0x1028'1d08     0x4  cy_interrupt_map.o [26]
  .rodata                const    0x1028'1d0c     0x4  cy_interrupt_map.o [26]
  .rodata                const    0x1028'1d10     0x4  cy_interrupt_map.o [26]
  .rodata                const    0x1028'1d14     0x4  cy_interrupt_map.o [26]
  .rodata                const    0x1028'1d18     0x4  cy_interrupt_map.o [26]
  .rodata                const    0x1028'1d1c     0x4  cy_interrupt_map.o [26]
  .rodata                const    0x1028'1d20     0x4  cy_interrupt_map.o [26]
  .rodata                const    0x1028'1d24     0x4  cy_tcpwm_counter.o [46]
  .rodata                const    0x1028'1d28     0x4  cy_tcpwm_counter.o [46]
  .rodata                const    0x1028'1d2c     0x4  cy_tcpwm_counter.o [46]
  .rodata                const    0x1028'1d30     0x4  cy_tcpwm_counter.o [46]
  .rodata                const    0x1028'1d34     0x4  cy_tcpwm_counter.o [46]
  .text                  ro code  0x1028'1d38     0x4  startup_cm7.o [34]
  .text                  ro code  0x1028'1d3c     0x4  startup_cm7.o [34]
  .text                  ro code  0x1028'1d40     0x4  startup_cm7.o [34]
  .text                  ro code  0x1028'1d44     0x4  startup_cm7.o [34]
  .text                  ro code  0x1028'1d48     0x4  startup_cm7.o [34]
  .text                  ro code  0x1028'1d4c     0x4  startup_cm7.o [34]
  .text                  ro code  0x1028'1d50     0x4  startup_cm7.o [34]
  .text                  ro code  0x1028'1d54     0x4  startup_cm7.o [34]
  .text                  ro code  0x1028'1d58     0x4  startup_cm7.o [34]
  .text                  ro code  0x1028'1d5c     0x4  startup_cm7.o [34]
  .text                  ro code  0x1028'1d60     0x4  startup_cm7.o [34]
  .text                  ro code  0x1028'1d64     0x4  startup_cm7.o [34]
  .text                  ro code  0x1028'1d68     0x4  startup_cm7.o [34]
  .text                  ro code  0x1028'1d6c     0x4  startup_cm7.o [34]
  .text                  ro code  0x1028'1d70     0x4  startup_cm7.o [34]
  .rodata                const    0x1028'1d74     0x0  zero_init3.o [55]
  .rodata                const    0x1028'1d74     0x0  lz77_init_single.o [55]
  Initializer bytes      const    0x1028'1d74    0x31  <for P2-1>
  Initializer bytes      const    0x1028'1eae     0x6  <for Absolute sections 1-1>
  Initializer bytes      const    0x1028'1eb4     0x6  <for Absolute sections 3-1>
                                - 0x1028'1eba  0x1e3a

Absolute sections, part 1 of 3:                   0x4
  Absolute sections 1-1           0x2800'1000     0x4  <Init block>
    .data                inited   0x2800'1000     0x4  main_cm7_1.o [48]
                                - 0x2800'1004     0x4

Absolute sections, part 2 of 3:                   0x8
  .bss                   zero     0x2800'1004     0x4  main_cm7_1.o [48]
  .bss                   zero     0x2800'1008     0x4  main_cm7_1.o [48]
                                - 0x2800'100c     0x8

Absolute sections, part 3 of 3:                   0x4
  Absolute sections 3-1           0x2800'100c     0x4  <Init block>
    .data                inited   0x2800'100c     0x4  main_cm7_1.o [48]
                                - 0x2800'1010     0x4

"P2", part 1 of 3:                              0x703
  P2-1                            0x2808'0000   0x703  <Init block>
    .data                inited   0x2808'0000   0x6ec  cy_interrupt_map.o [26]
    .data                inited   0x2808'06ec    0x14  zf_driver_uart.o [52]
    .data                inited   0x2808'0700     0x2  zf_driver_delay.o [52]
    .data                inited   0x2808'0702     0x1  zf_driver_delay.o [52]
                                - 0x2808'0703   0x703

"P2", part 2 of 3:                               0xd8
  .bss                   zero     0x2808'0704    0x70  cy_syslib.o [39]
  .bss                   zero     0x2808'0774    0x18  cy_sysclk.o [36]
  .bss                   zero     0x2808'078c    0x18  cy_syslib.o [39]
  .bss                   zero     0x2808'07a4    0x14  zf_common_debug.o [49]
  .bss                   zero     0x2808'07b8     0x4  cy_syslib.o [39]
  .bss                   zero     0x2808'07bc     0x4  system_tviibh4m_cm7.o [25]
  .bss                   zero     0x2808'07c0     0x4  system_tviibh4m_cm7.o [25]
  .bss                   zero     0x2808'07c4     0x4  system_tviibh4m_cm7.o [25]
  .bss                   zero     0x2808'07c8     0x4  system_tviibh4m_cm7.o [25]
  .bss                   zero     0x2808'07cc     0x4  system_tviibh4m_cm7.o [25]
  .bss                   zero     0x2808'07d0     0x4  zf_common_clock.o [49]
  .bss                   zero     0x2808'07d4     0x4  zf_common_interrupt.o [49]
  .bss                   zero     0x2808'07d8     0x1  cy_sysclk.o [36]
  .bss                   zero     0x2808'07d9     0x1  zf_common_debug.o [49]
                                - 0x2808'07da    0xd6

"P2", part 3 of 3:                               0x80
  .intvec_ram            uninit   0x2808'0800    0x80  startup_cm7.o [34]
                                - 0x2808'0880    0x80

"A1":                                          0x2000
  HEAP_STACK                      0x280b'e000  0x2000  <Block>
    CSTACK                        0x280b'e000  0x2000  <Block>
      CSTACK             uninit   0x280b'e000  0x2000  <Block tail>
                                - 0x280c'0000  0x2000

Unused ranges:

         From           To       Size
         ----           --       ----
  0x1028'1eba  0x1040'ffff  0x18'e146
  0x2808'0703  0x2808'0703        0x1
  0x2808'07dc  0x2808'07ff       0x24
  0x2808'0880  0x280b'dfff   0x3'd780


*******************************************************************************
*** INIT TABLE
***

          Address      Size
          -------      ----
Zero (__iar_zero_init3)
    2 destination ranges, total size 0xde:
          0x2800'1004    0x8
          0x2808'0704   0xd6

Copy/lz77 (__iar_lz77_init_single3)
    1 source range, total size 0x6 (150% of destination):
          0x1028'1eae    0x6
    1 destination range, total size 0x4:
          0x2800'1000    0x4

Copy/lz77 (__iar_lz77_init_single3)
    1 source range, total size 0x6 (150% of destination):
          0x1028'1eb4    0x6
    1 destination range, total size 0x4:
          0x2800'100c    0x4

Copy/lz77 (__iar_lz77_init_single3)
    1 source range, total size 0x31 (2% of destination):
          0x1028'1d74   0x31
    1 destination range, total size 0x703:
          0x2808'0000  0x703



*******************************************************************************
*** MODULE SUMMARY
***

    Module                 ro code  ro data  rw data  rw data
                                                       (abs)
    ------                 -------  -------  -------  -------
command line/config:
    ---------------------------------------------------------
    Total:

D:\IAR\SeekFree\CYT4BB7_Library-master-V2.0\Seekfree_CYT4BB_Opensource_Library\project\iar\Debug_m7_1\Obj\Element_10143943319297899650.dir: [1]
    ---------------------------------------------------------
    Total:

D:\IAR\SeekFree\CYT4BB7_Library-master-V2.0\Seekfree_CYT4BB_Opensource_Library\project\iar\Debug_m7_1\Obj\JBD_IMU_13254844613604958863.dir: [2]
    ---------------------------------------------------------
    Total:

D:\IAR\SeekFree\CYT4BB7_Library-master-V2.0\Seekfree_CYT4BB_Opensource_Library\project\iar\Debug_m7_1\Obj\JBD_OLED_17930871203713349585.dir: [3]
    ---------------------------------------------------------
    Total:

D:\IAR\SeekFree\CYT4BB7_Library-master-V2.0\Seekfree_CYT4BB_Opensource_Library\project\iar\Debug_m7_1\Obj\adc_11722776235721520015.dir: [4]
    ---------------------------------------------------------
    Total:

D:\IAR\SeekFree\CYT4BB7_Library-master-V2.0\Seekfree_CYT4BB_Opensource_Library\project\iar\Debug_m7_1\Obj\audioss_1346650047966882938.dir: [5]
    ---------------------------------------------------------
    Total:

D:\IAR\SeekFree\CYT4BB7_Library-master-V2.0\Seekfree_CYT4BB_Opensource_Library\project\iar\Debug_m7_1\Obj\button_4990804375159372270.dir: [6]
    ---------------------------------------------------------
    Total:

D:\IAR\SeekFree\CYT4BB7_Library-master-V2.0\Seekfree_CYT4BB_Opensource_Library\project\iar\Debug_m7_1\Obj\canfd_1800690984773873875.dir: [7]
    ---------------------------------------------------------
    Total:

D:\IAR\SeekFree\CYT4BB7_Library-master-V2.0\Seekfree_CYT4BB_Opensource_Library\project\iar\Debug_m7_1\Obj\code_17896468042025673432.dir: [8]
    init_1.o                     2
    ---------------------------------------------------------
    Total:                       2

D:\IAR\SeekFree\CYT4BB7_Library-master-V2.0\Seekfree_CYT4BB_Opensource_Library\project\iar\Debug_m7_1\Obj\cpu_15938736945165268644.dir: [9]
    ---------------------------------------------------------
    Total:

D:\IAR\SeekFree\CYT4BB7_Library-master-V2.0\Seekfree_CYT4BB_Opensource_Library\project\iar\Debug_m7_1\Obj\crypto_1190170608956581615.dir: [10]
    ---------------------------------------------------------
    Total:

D:\IAR\SeekFree\CYT4BB7_Library-master-V2.0\Seekfree_CYT4BB_Opensource_Library\project\iar\Debug_m7_1\Obj\dma_12106025507578611576.dir: [11]
    ---------------------------------------------------------
    Total:

D:\IAR\SeekFree\CYT4BB7_Library-master-V2.0\Seekfree_CYT4BB_Opensource_Library\project\iar\Debug_m7_1\Obj\eth_phy_18133017486186456677.dir: [12]
    ---------------------------------------------------------
    Total:

D:\IAR\SeekFree\CYT4BB7_Library-master-V2.0\Seekfree_CYT4BB_Opensource_Library\project\iar\Debug_m7_1\Obj\ethernet_6029839089178797009.dir: [13]
    ---------------------------------------------------------
    Total:

D:\IAR\SeekFree\CYT4BB7_Library-master-V2.0\Seekfree_CYT4BB_Opensource_Library\project\iar\Debug_m7_1\Obj\evtgen_3404189088603873129.dir: [14]
    ---------------------------------------------------------
    Total:

D:\IAR\SeekFree\CYT4BB7_Library-master-V2.0\Seekfree_CYT4BB_Opensource_Library\project\iar\Debug_m7_1\Obj\flash_8529866181315662935.dir: [15]
    ---------------------------------------------------------
    Total:

D:\IAR\SeekFree\CYT4BB7_Library-master-V2.0\Seekfree_CYT4BB_Opensource_Library\project\iar\Debug_m7_1\Obj\flash_864493325053435817.dir: [16]
    ---------------------------------------------------------
    Total:

D:\IAR\SeekFree\CYT4BB7_Library-master-V2.0\Seekfree_CYT4BB_Opensource_Library\project\iar\Debug_m7_1\Obj\gpio_3999404635324069351.dir: [17]
    ---------------------------------------------------------
    Total:

D:\IAR\SeekFree\CYT4BB7_Library-master-V2.0\Seekfree_CYT4BB_Opensource_Library\project\iar\Debug_m7_1\Obj\ipc_10145506163450686023.dir: [18]
    ---------------------------------------------------------
    Total:

D:\IAR\SeekFree\CYT4BB7_Library-master-V2.0\Seekfree_CYT4BB_Opensource_Library\project\iar\Debug_m7_1\Obj\lin_18429031207028094880.dir: [19]
    ---------------------------------------------------------
    Total:

D:\IAR\SeekFree\CYT4BB7_Library-master-V2.0\Seekfree_CYT4BB_Opensource_Library\project\iar\Debug_m7_1\Obj\lvd_6353935867039560245.dir: [20]
    ---------------------------------------------------------
    Total:

D:\IAR\SeekFree\CYT4BB7_Library-master-V2.0\Seekfree_CYT4BB_Opensource_Library\project\iar\Debug_m7_1\Obj\mcwdt_4052485907822033969.dir: [21]
    ---------------------------------------------------------
    Total:

D:\IAR\SeekFree\CYT4BB7_Library-master-V2.0\Seekfree_CYT4BB_Opensource_Library\project\iar\Debug_m7_1\Obj\mpu_5663187252346826382.dir: [22]
    ---------------------------------------------------------
    Total:

D:\IAR\SeekFree\CYT4BB7_Library-master-V2.0\Seekfree_CYT4BB_Opensource_Library\project\iar\Debug_m7_1\Obj\power_14453085144426420577.dir: [23]
    ---------------------------------------------------------
    Total:

D:\IAR\SeekFree\CYT4BB7_Library-master-V2.0\Seekfree_CYT4BB_Opensource_Library\project\iar\Debug_m7_1\Obj\prot_10722960861768657883.dir: [24]
    ---------------------------------------------------------
    Total:

D:\IAR\SeekFree\CYT4BB7_Library-master-V2.0\Seekfree_CYT4BB_Opensource_Library\project\iar\Debug_m7_1\Obj\rev_b_4986922561640112550.dir: [25]
    system_tviibh4m_cm7.o      336      160       20
    ---------------------------------------------------------
    Total:                     336      160       20

D:\IAR\SeekFree\CYT4BB7_Library-master-V2.0\Seekfree_CYT4BB_Opensource_Library\project\iar\Debug_m7_1\Obj\rev_b_6162237342861132223.dir: [26]
    cy_interrupt_map.o         408       80    1'772
    ---------------------------------------------------------
    Total:                     408       80    1'772

D:\IAR\SeekFree\CYT4BB7_Library-master-V2.0\Seekfree_CYT4BB_Opensource_Library\project\iar\Debug_m7_1\Obj\scb_15490842639181808494.dir: [27]
    ---------------------------------------------------------
    Total:

D:\IAR\SeekFree\CYT4BB7_Library-master-V2.0\Seekfree_CYT4BB_Opensource_Library\project\iar\Debug_m7_1\Obj\sd_host_2982766354293506895.dir: [28]
    ---------------------------------------------------------
    Total:

D:\IAR\SeekFree\CYT4BB7_Library-master-V2.0\Seekfree_CYT4BB_Opensource_Library\project\iar\Debug_m7_1\Obj\semihosting_143864889731838620.dir: [29]
    ---------------------------------------------------------
    Total:

D:\IAR\SeekFree\CYT4BB7_Library-master-V2.0\Seekfree_CYT4BB_Opensource_Library\project\iar\Debug_m7_1\Obj\smartio_5451710003740070188.dir: [30]
    ---------------------------------------------------------
    Total:

D:\IAR\SeekFree\CYT4BB7_Library-master-V2.0\Seekfree_CYT4BB_Opensource_Library\project\iar\Debug_m7_1\Obj\smif_427648126384146252.dir: [31]
    ---------------------------------------------------------
    Total:

D:\IAR\SeekFree\CYT4BB7_Library-master-V2.0\Seekfree_CYT4BB_Opensource_Library\project\iar\Debug_m7_1\Obj\smif_mem_6470536964353725183.dir: [32]
    ---------------------------------------------------------
    Total:

D:\IAR\SeekFree\CYT4BB7_Library-master-V2.0\Seekfree_CYT4BB_Opensource_Library\project\iar\Debug_m7_1\Obj\srom_13018798572330080582.dir: [33]
    ---------------------------------------------------------
    Total:

D:\IAR\SeekFree\CYT4BB7_Library-master-V2.0\Seekfree_CYT4BB_Opensource_Library\project\iar\Debug_m7_1\Obj\startup_479057977785470282.dir: [34]
    startup.o                  516       24
    startup_cm7.o              442               128
    ---------------------------------------------------------
    Total:                     958       24      128

D:\IAR\SeekFree\CYT4BB7_Library-master-V2.0\Seekfree_CYT4BB_Opensource_Library\project\iar\Debug_m7_1\Obj\sw_timer_4215635015939382130.dir: [35]
    ---------------------------------------------------------
    Total:

D:\IAR\SeekFree\CYT4BB7_Library-master-V2.0\Seekfree_CYT4BB_Opensource_Library\project\iar\Debug_m7_1\Obj\sysclk_16149231235676103872.dir: [36]
    cy_sysclk.o              2'280      280       25
    ---------------------------------------------------------
    Total:                   2'280      280       25

D:\IAR\SeekFree\CYT4BB7_Library-master-V2.0\Seekfree_CYT4BB_Opensource_Library\project\iar\Debug_m7_1\Obj\sysflt_12293435975120599261.dir: [37]
    ---------------------------------------------------------
    Total:

D:\IAR\SeekFree\CYT4BB7_Library-master-V2.0\Seekfree_CYT4BB_Opensource_Library\project\iar\Debug_m7_1\Obj\sysint_7435970359207984181.dir: [38]
    ---------------------------------------------------------
    Total:

D:\IAR\SeekFree\CYT4BB7_Library-master-V2.0\Seekfree_CYT4BB_Opensource_Library\project\iar\Debug_m7_1\Obj\syslib_16330585751512546975.dir: [39]
    cy_syslib.o                182               140
    cy_syslib_iar.o             30
    ---------------------------------------------------------
    Total:                     212               140

D:\IAR\SeekFree\CYT4BB7_Library-master-V2.0\Seekfree_CYT4BB_Opensource_Library\project\iar\Debug_m7_1\Obj\syspm_10887939769544754770.dir: [40]
    ---------------------------------------------------------
    Total:

D:\IAR\SeekFree\CYT4BB7_Library-master-V2.0\Seekfree_CYT4BB_Opensource_Library\project\iar\Debug_m7_1\Obj\sysreghc_17676636058511625587.dir: [41]
    ---------------------------------------------------------
    Total:

D:\IAR\SeekFree\CYT4BB7_Library-master-V2.0\Seekfree_CYT4BB_Opensource_Library\project\iar\Debug_m7_1\Obj\sysreset_14586141425677365288.dir: [42]
    ---------------------------------------------------------
    Total:

D:\IAR\SeekFree\CYT4BB7_Library-master-V2.0\Seekfree_CYT4BB_Opensource_Library\project\iar\Debug_m7_1\Obj\sysrtc_10747768817563771611.dir: [43]
    ---------------------------------------------------------
    Total:

D:\IAR\SeekFree\CYT4BB7_Library-master-V2.0\Seekfree_CYT4BB_Opensource_Library\project\iar\Debug_m7_1\Obj\systick_16016591671695740695.dir: [44]
    ---------------------------------------------------------
    Total:

D:\IAR\SeekFree\CYT4BB7_Library-master-V2.0\Seekfree_CYT4BB_Opensource_Library\project\iar\Debug_m7_1\Obj\syswdt_9118657615806274156.dir: [45]
    ---------------------------------------------------------
    Total:

D:\IAR\SeekFree\CYT4BB7_Library-master-V2.0\Seekfree_CYT4BB_Opensource_Library\project\iar\Debug_m7_1\Obj\tcpwm_422923530147891246.dir: [46]
    cy_tcpwm.o                  12
    cy_tcpwm_counter.o         398       20
    ---------------------------------------------------------
    Total:                     410       20

D:\IAR\SeekFree\CYT4BB7_Library-master-V2.0\Seekfree_CYT4BB_Opensource_Library\project\iar\Debug_m7_1\Obj\trigmux_9729677290734583340.dir: [47]
    ---------------------------------------------------------
    Total:

D:\IAR\SeekFree\CYT4BB7_Library-master-V2.0\Seekfree_CYT4BB_Opensource_Library\project\iar\Debug_m7_1\Obj\user_8514941877209965082.dir: [48]
    main_cm7_1.o               204       12                16
    ---------------------------------------------------------
    Total:                     204       12                16

D:\IAR\SeekFree\CYT4BB7_Library-master-V2.0\Seekfree_CYT4BB_Opensource_Library\project\iar\Debug_m7_1\Obj\zf_common_1201165462030747823.dir: [49]
    zf_common_clock.o           28                 4
    zf_common_debug.o          124                21
    zf_common_interrupt.o       40                 4
    ---------------------------------------------------------
    Total:                     192                29

D:\IAR\SeekFree\CYT4BB7_Library-master-V2.0\Seekfree_CYT4BB_Opensource_Library\project\iar\Debug_m7_1\Obj\zf_components_14936052685886095442.dir: [50]
    ---------------------------------------------------------
    Total:

D:\IAR\SeekFree\CYT4BB7_Library-master-V2.0\Seekfree_CYT4BB_Opensource_Library\project\iar\Debug_m7_1\Obj\zf_device_6570275422786408770.dir: [51]
    ---------------------------------------------------------
    Total:

D:\IAR\SeekFree\CYT4BB7_Library-master-V2.0\Seekfree_CYT4BB_Opensource_Library\project\iar\Debug_m7_1\Obj\zf_driver_11922370083829174090.dir: [52]
    zf_driver_delay.o          544        1        3
    zf_driver_uart.o           132                20
    ---------------------------------------------------------
    Total:                     676        1       23

dl7M_tln.a: [53]
    exit.o                       4
    ---------------------------------------------------------
    Total:                       4

m7M_tlv.a: [54]
    fpinit_M.o                  34
    ---------------------------------------------------------
    Total:                      34

rt7M_tl.a: [55]
    ABImemcpy.o                134
    ABImemset.o                102
    I64DivMod.o                560
    I64DivZer.o                  2
    cexit.o                     10
    cmain.o                     30
    cstartup_M.o                28
    data_init.o                 40
    lz77_init_single.o         126
    strncpy.o                  112
    zero_init3.o                56
    ---------------------------------------------------------
    Total:                   1'200

shb_l.a: [56]
    exit.o                      20
    ---------------------------------------------------------
    Total:                      20

    Gaps                        14        2
    Linker created                       72    8'192
-------------------------------------------------------------
    Grand Total:             6'950      651   10'329       16


*******************************************************************************
*** ENTRY LIST
***

Entry                       Address   Size  Type      Object
-----                       -------   ----  ----      ------
.iar.init_table$$Base   0x1028'1bb8          --   Gb  - Linker created -
.iar.init_table$$Limit  0x1028'1c00          --   Gb  - Linker created -
?main                   0x1028'1c41         Code  Gb  cmain.o [55]
Azimuth                 0x2800'1004    0x4  Data  Gb  main_cm7_1.o [48]
BusFault_Handler        0x1028'1d41         Code  Wk  startup_cm7.o [34]
CSTACK$$Base            0x280b'e000          --   Gb  - Linker created -
CSTACK$$Limit           0x280c'0000          --   Gb  - Linker created -
CarDirection            0x2800'1008    0x4  Data  Gb  main_cm7_1.o [48]
CopyVectorTable         0x1028'137d   0x34  Code  Lc  startup.o [34]
CpuUserInt0_Handler     0x1028'155f   0x26  Code  Gb  cy_interrupt_map.o [26]
CpuUserInt10_Handler    0x1028'1d5d         Code  Wk  startup_cm7.o [34]
CpuUserInt11_Handler    0x1028'1d61         Code  Wk  startup_cm7.o [34]
CpuUserInt12_Handler    0x1028'1d65         Code  Wk  startup_cm7.o [34]
CpuUserInt13_Handler    0x1028'1d69         Code  Wk  startup_cm7.o [34]
CpuUserInt14_Handler    0x1028'1d6d         Code  Wk  startup_cm7.o [34]
CpuUserInt15_Handler    0x1028'1d71         Code  Wk  startup_cm7.o [34]
CpuUserInt1_Handler     0x1028'1585   0x26  Code  Gb  cy_interrupt_map.o [26]
CpuUserInt2_Handler     0x1028'15ab   0x26  Code  Gb  cy_interrupt_map.o [26]
CpuUserInt3_Handler     0x1028'15d1   0x26  Code  Gb  cy_interrupt_map.o [26]
CpuUserInt4_Handler     0x1028'15f7   0x26  Code  Gb  cy_interrupt_map.o [26]
CpuUserInt5_Handler     0x1028'161d   0x26  Code  Gb  cy_interrupt_map.o [26]
CpuUserInt6_Handler     0x1028'1643   0x26  Code  Gb  cy_interrupt_map.o [26]
CpuUserInt7_Handler     0x1028'1669   0x26  Code  Gb  cy_interrupt_map.o [26]
CpuUserInt8_Handler     0x1028'1d55         Code  Wk  startup_cm7.o [34]
CpuUserInt9_Handler     0x1028'1d59         Code  Wk  startup_cm7.o [34]
Cy_DefaultUserHandler   0x1028'155d    0x2  Code  Gb  cy_interrupt_map.o [26]
Cy_RestoreIRQ           0x1028'1539         Code  Gb  startup_cm7.o [34]
Cy_SCB_GetNumInTxFifo   0x1028'186f    0xa  Code  Lc  zf_driver_uart.o [52]
Cy_SCB_GetTxSrValid     0x1028'1879    0xa  Code  Lc  zf_driver_uart.o [52]
Cy_SCB_IsTxComplete     0x1028'1883   0x22  Code  Lc  zf_driver_uart.o [52]
Cy_SCB_WriteTxFifo      0x1028'1869    0x6  Code  Lc  zf_driver_uart.o [52]
Cy_SaveIRQ              0x1028'1531         Code  Gb  startup_cm7.o [34]
Cy_SysClk_CheckDividerExisting
                        0x1028'0e21   0x2a  Code  Lc  zf_driver_delay.o [52]
Cy_SysClk_ClkPathGetSource
                        0x1028'01f5   0x54  Code  Gb  cy_sysclk.o [36]
Cy_SysClk_EcoGetStatus  0x1028'0081   0x1a  Code  Lc  cy_sysclk.o [36]
Cy_SysClk_Fast0ClkGetDivider
                        0x1028'01c9   0x16  Code  Lc  cy_sysclk.o [36]
Cy_SysClk_Fast1ClkGetDivider
                        0x1028'01df   0x16  Code  Lc  cy_sysclk.o [36]
Cy_SysClk_FllGetConfiguration
                        0x1028'0251   0x7e  Code  Gb  cy_sysclk.o [36]
Cy_SysClk_FllGetLockStatus
                        0x1028'009b    0xc  Code  Lc  cy_sysclk.o [36]
Cy_SysClk_GetClockGroup
                        0x1028'0ec9    0x8  Code  Lc  zf_driver_delay.o [52]
Cy_SysClk_GetCoreFrequency
                        0x1028'0915   0x2a  Code  Gb  cy_sysclk.o [36]
Cy_SysClk_GetEcoFrequency
                        0x1028'041d   0x32  Code  Gb  cy_sysclk.o [36]
Cy_SysClk_GetExtFrequency
                        0x1028'0451   0x1e  Code  Gb  cy_sysclk.o [36]
Cy_SysClk_GetFast0Frequency
                        0x1028'0869   0x56  Code  Gb  cy_sysclk.o [36]
Cy_SysClk_GetFast1Frequency
                        0x1028'08bf   0x56  Code  Gb  cy_sysclk.o [36]
Cy_SysClk_GetFllInputFrequency
                        0x1028'0571    0xc  Code  Gb  cy_sysclk.o [36]
Cy_SysClk_GetFllOutputFrequency
                        0x1028'0599   0x78  Code  Gb  cy_sysclk.o [36]
Cy_SysClk_GetHfClkFrequency
                        0x1028'07eb   0x7a  Code  Gb  cy_sysclk.o [36]
Cy_SysClk_GetIlo0Frequency
                        0x1028'046f   0x32  Code  Gb  cy_sysclk.o [36]
Cy_SysClk_GetIlo1Frequency
                        0x1028'04a1   0x32  Code  Gb  cy_sysclk.o [36]
Cy_SysClk_GetImoFrequency
                        0x1028'03eb   0x32  Code  Gb  cy_sysclk.o [36]
Cy_SysClk_GetPathFrequency
                        0x1028'07b9   0x32  Code  Gb  cy_sysclk.o [36]
Cy_SysClk_GetPathSourceFrequency
                        0x1028'050d   0x64  Code  Gb  cy_sysclk.o [36]
Cy_SysClk_GetPll400MNo  0x1028'00e5   0x14  Code  Lc  cy_sysclk.o [36]
Cy_SysClk_GetPllInputFrequency
                        0x1028'057d   0x1c  Code  Gb  cy_sysclk.o [36]
Cy_SysClk_GetPllNo      0x1028'00a9   0x12  Code  Lc  cy_sysclk.o [36]
Cy_SysClk_GetPllOutputFrequency
                        0x1028'0615  0x1a0  Code  Gb  cy_sysclk.o [36]
Cy_SysClk_GetWcoFrequency
                        0x1028'04d3   0x32  Code  Gb  cy_sysclk.o [36]
Cy_SysClk_HfClockGetDivider
                        0x1028'0187   0x42  Code  Lc  cy_sysclk.o [36]
Cy_SysClk_HfClockGetSource
                        0x1028'0133   0x54  Code  Lc  cy_sysclk.o [36]
Cy_SysClk_InitGetFreqParams
                        0x1028'03d1   0x1a  Code  Gb  cy_sysclk.o [36]
Cy_SysClk_PeriphAssignDivider
                        0x1028'0ed1   0x68  Code  Lc  zf_driver_delay.o [52]
Cy_SysClk_PeriphEnableDivider
                        0x1028'0f39   0x4c  Code  Lc  zf_driver_delay.o [52]
Cy_SysClk_PeriphSetDivider
                        0x1028'0e4b   0x7e  Code  Lc  zf_driver_delay.o [52]
Cy_SysClk_Pll400MGetConfiguration
                        0x1028'033d   0x84  Code  Gb  cy_sysclk.o [36]
Cy_SysClk_Pll400MGetLockStatus
                        0x1028'00f9   0x2a  Code  Lc  cy_sysclk.o [36]
Cy_SysClk_PllGetConfiguration
                        0x1028'02e9   0x48  Code  Gb  cy_sysclk.o [36]
Cy_SysClk_PllGetLockStatus
                        0x1028'00bb   0x28  Code  Lc  cy_sysclk.o [36]
Cy_SysClk_WcoOkay       0x1028'0125    0xe  Code  Lc  cy_sysclk.o [36]
Cy_SysLib_DelayCycles   0x1028'1c21         Code  Gb  cy_syslib_iar.o [39]
Cy_SysLib_EnterCriticalSection
                        0x1028'1c31         Code  Gb  cy_syslib_iar.o [39]
Cy_SysLib_ExitCriticalSection
                        0x1028'1c39         Code  Gb  cy_syslib_iar.o [39]
Cy_SysLib_FaultHandler  0x1028'09dd   0x90  Code  Gb  cy_syslib.o [39]
Cy_SysLib_Halt          0x1028'09d9    0x4  Code  Gb  cy_syslib.o [39]
Cy_SysLib_ProcessingFault
                        0x1028'0e1b    0x2  Code  Wk  cy_syslib.o [39]
Cy_SysLib_SvcHandler    0x1028'1cf1    0xc  Code  Wk  cy_syslib.o [39]
Cy_SystemInitFpuEnable  0x1028'14d1   0x1e  Code  Gb  system_tviibh4m_cm7.o [25]
Cy_SystemIrqUserTable   0x2808'0000  0x6ec  Data  Gb  cy_interrupt_map.o [26]
Cy_Tcpwm_Counter_Enable
                        0x1028'11c1    0xa  Code  Gb  cy_tcpwm_counter.o [46]
Cy_Tcpwm_Counter_Init   0x1028'1041  0x16c  Code  Gb  cy_tcpwm_counter.o [46]
Cy_Tcpwm_Counter_SetCounter
                        0x1028'11cb    0x4  Code  Gb  cy_tcpwm_counter.o [46]
Cy_Tcpwm_TriggerStart   0x1028'11cf    0xc  Code  Gb  cy_tcpwm.o [46]
Cy_u32StartupStackEndAddress
                        0x1028'1998         Data  Gb  startup_cm7.o [34]
Cy_u32StartupStackStartAddress
                        0x1028'1994         Data  Gb  startup_cm7.o [34]
DebugMon_Handler        0x1028'1d49         Code  Wk  startup_cm7.o [34]
Distance                0x2800'1000    0x4  Data  Gb  main_cm7_1.o [48]
HEAP_STACK$$Base        0x280b'e000          --   Gb  - Linker created -
HEAP_STACK$$Limit       0x280c'0000          --   Gb  - Linker created -
HardFault_Handler       0x1028'1c01         Code  Wk  startup_cm7.o [34]
InitRamEcc              0x1028'126b  0x100  Code  Lc  startup.o [34]
InitRamEccClearArea     0x1028'136b   0x12  Code  Lc  startup.o [34]
Init_All                0x1028'1865    0x2  Code  Gb  init_1.o [8]
MemManage_Handler       0x1028'1d3d         Code  Wk  startup_cm7.o [34]
NMI_Handler             0x1028'1d39         Code  Wk  startup_cm7.o [34]
PendSV_Handler          0x1028'1d4d         Code  Wk  startup_cm7.o [34]
Region$$Table$$Base     0x1028'1bb8          --   Gb  - Linker created -
Region$$Table$$Limit    0x1028'1c00          --   Gb  - Linker created -
Reset_Handler           0x1028'18ed         Code  Wk  startup_cm7.o [34]
SVC_Handler             0x1028'1c89         Code  Wk  startup_cm7.o [34]
Start_Direaction        0x2800'100c    0x4  Data  Gb  main_cm7_1.o [48]
Startup_Init            0x1028'11dd   0x8e  Code  Gb  startup.o [34]
SysTick_Handler         0x1028'1d51         Code  Wk  startup_cm7.o [34]
SystemCoreClock         0x2808'07bc    0x4  Data  Gb  system_tviibh4m_cm7.o [25]
SystemCoreClockUpdate   0x1028'143d   0x94  Code  Gb  system_tviibh4m_cm7.o [25]
SystemInit              0x1028'13e1   0x5c  Code  Gb  system_tviibh4m_cm7.o [25]
UsageFault_Handler      0x1028'1d45         Code  Wk  startup_cm7.o [34]
__NVIC_ClearPendingIRQ  0x1028'1541   0x1c  Code  Lc  cy_interrupt_map.o [26]
__Vectors               0x1028'0000          --   Gb  startup_cm7.o [34]
__Vectors_End           0x1028'0080         Data  Gb  startup_cm7.o [34]
__Vectors_Size {Abs}           0x80          --   Gb  startup_cm7.o [34]
__aeabi_ldiv0           0x1028'0e1d         Code  Gb  I64DivZer.o [55]
__aeabi_memcpy4         0x1028'0a81         Code  Gb  ABImemcpy.o [55]
__aeabi_memcpy8         0x1028'0a81         Code  Gb  ABImemcpy.o [55]
__aeabi_memset          0x1028'0db5         Code  Gb  ABImemset.o [55]
__aeabi_uldivmod        0x1028'0b85         Code  Gb  I64DivMod.o [55]
__cmain                 0x1028'1c41         Code  Gb  cmain.o [55]
__ecc_init_dtcm_end_address {Abs}
                        0x2000'3fff         Data  Gb  <internal module>
__ecc_init_dtcm_start_address {Abs}
                        0x2000'0000         Data  Gb  <internal module>
__ecc_init_itcm_end_address {Abs}
                             0x3fff         Data  Gb  <internal module>
__ecc_init_itcm_start_address {Abs}
                                0x0         Data  Gb  <internal module>
__ecc_init_sram_end_address {Abs}
                        0x280b'ffff         Data  Gb  <internal module>
__ecc_init_sram_start_address {Abs}
                        0x2808'0000         Data  Gb  <internal module>
__exit                  0x1028'1c75   0x14  Code  Gb  exit.o [56]
__iar_Memset            0x1028'0db5         Code  Gb  ABImemset.o [55]
__iar_Memset_word       0x1028'0dbd         Code  Gb  ABImemset.o [55]
__iar_data_init3        0x1028'1b6d   0x28  Code  Gb  data_init.o [55]
__iar_init_vfp          0x1028'1b95         Code  Gb  fpinit_M.o [54]
__iar_lz77_init_single3
                        0x1028'0b07   0x7e  Code  Gb  lz77_init_single.o [55]
__iar_program_start     0x1028'1ca5         Code  Gb  cstartup_M.o [55]
__iar_zero_init3        0x1028'1b35   0x38  Code  Gb  zero_init3.o [55]
__low_level_init        0x1028'1c61         Code  Gb  startup_cm7.o [34]
__ramVectors            0x2808'0800         Data  Gb  startup_cm7.o [34]
__vector_table          0x1028'0000         Data  Gb  startup_cm7.o [34]
__vector_table_0x1c     0x1028'001c         Data  Gb  startup_cm7.o [34]
_call_main              0x1028'1c4d         Code  Gb  cmain.o [55]
_exit                   0x1028'1c69         Code  Gb  cexit.o [55]
clock_init              0x1028'17a5   0x16  Code  Gb  zf_common_clock.o [49]
cy_assertFileName       0x2808'078c   0x18  Data  Gb  cy_syslib.o [39]
cy_assertLine           0x2808'07b8    0x4  Data  Gb  cy_syslib.o [39]
cy_delay32kMs           0x2808'07cc    0x4  Data  Gb  system_tviibh4m_cm7.o [25]
cy_delayFreqHz          0x2808'07c0    0x4  Data  Gb  system_tviibh4m_cm7.o [25]
cy_delayFreqKhz         0x2808'07c4    0x4  Data  Gb  system_tviibh4m_cm7.o [25]
cy_delayFreqMhz         0x2808'07c8    0x4  Data  Gb  system_tviibh4m_cm7.o [25]
cy_faultFrame           0x2808'0704   0x70  Data  Gb  cy_syslib.o [39]
debug_info_init         0x1028'183f   0x18  Code  Gb  zf_common_debug.o [49]
debug_output_info       0x2808'07a4   0x14  Data  Lc  zf_common_debug.o [49]
debug_output_init       0x1028'1815   0x2a  Code  Gb  zf_common_debug.o [49]
debug_output_struct_init
                        0x1028'17f5   0x20  Code  Gb  zf_common_debug.o [49]
debug_uart_str_output   0x1028'17e9    0xc  Code  Lc  zf_common_debug.o [49]
delay_clk               0x2808'0700    0x2  Data  Lc  zf_driver_delay.o [52]
divNumLocator           0x1028'1cfc    0x8  Data  Gb  cy_sysclk.o [36]
exit                    0x1028'1c65    0x4  Code  Gb  exit.o [53]
intFreqInitialized      0x2808'07d8    0x1  Data  Gb  cy_sysclk.o [36]
internalBaseFreqInfo    0x2808'0774   0x18  Data  Gb  cy_sysclk.o [36]
interrupt_global_disable
                        0x1028'17d1   0x14  Code  Gb  zf_common_interrupt.o [49]
interrupt_global_enable
                        0x1028'17c1   0x10  Code  Gb  zf_common_interrupt.o [49]
interrupt_global_flag   0x2808'07d4    0x4  Data  Lc  zf_common_interrupt.o [49]
main                    0x1028'16d9   0xcc  Code  Gb  main_cm7_1.o [48]
scb_module              0x2808'06ec   0x14  Data  Gb  zf_driver_uart.o [52]
strncpy                 0x1028'0969         Code  Gb  strncpy.o [55]
system_clock            0x2808'07d0    0x4  Data  Gb  zf_common_clock.o [49]
system_delay_init       0x1028'0f85   0xa6  Code  Gb  zf_driver_delay.o [52]
timer_ch                0x2808'0702    0x1  Data  Lc  zf_driver_delay.o [52]
uart_write_byte         0x1028'18a5   0x28  Code  Gb  zf_driver_uart.o [52]
uart_write_string       0x1028'18cd   0x1c  Code  Gb  zf_driver_uart.o [52]
zf_debug_init_flag      0x2808'07d9    0x1  Data  Lc  zf_common_debug.o [49]


[1] = D:\IAR\SeekFree\CYT4BB7_Library-master-V2.0\Seekfree_CYT4BB_Opensource_Library\project\iar\Debug_m7_1\Obj\Element_10143943319297899650.dir
[2] = D:\IAR\SeekFree\CYT4BB7_Library-master-V2.0\Seekfree_CYT4BB_Opensource_Library\project\iar\Debug_m7_1\Obj\JBD_IMU_13254844613604958863.dir
[3] = D:\IAR\SeekFree\CYT4BB7_Library-master-V2.0\Seekfree_CYT4BB_Opensource_Library\project\iar\Debug_m7_1\Obj\JBD_OLED_17930871203713349585.dir
[4] = D:\IAR\SeekFree\CYT4BB7_Library-master-V2.0\Seekfree_CYT4BB_Opensource_Library\project\iar\Debug_m7_1\Obj\adc_11722776235721520015.dir
[5] = D:\IAR\SeekFree\CYT4BB7_Library-master-V2.0\Seekfree_CYT4BB_Opensource_Library\project\iar\Debug_m7_1\Obj\audioss_1346650047966882938.dir
[6] = D:\IAR\SeekFree\CYT4BB7_Library-master-V2.0\Seekfree_CYT4BB_Opensource_Library\project\iar\Debug_m7_1\Obj\button_4990804375159372270.dir
[7] = D:\IAR\SeekFree\CYT4BB7_Library-master-V2.0\Seekfree_CYT4BB_Opensource_Library\project\iar\Debug_m7_1\Obj\canfd_1800690984773873875.dir
[8] = D:\IAR\SeekFree\CYT4BB7_Library-master-V2.0\Seekfree_CYT4BB_Opensource_Library\project\iar\Debug_m7_1\Obj\code_17896468042025673432.dir
[9] = D:\IAR\SeekFree\CYT4BB7_Library-master-V2.0\Seekfree_CYT4BB_Opensource_Library\project\iar\Debug_m7_1\Obj\cpu_15938736945165268644.dir
[10] = D:\IAR\SeekFree\CYT4BB7_Library-master-V2.0\Seekfree_CYT4BB_Opensource_Library\project\iar\Debug_m7_1\Obj\crypto_1190170608956581615.dir
[11] = D:\IAR\SeekFree\CYT4BB7_Library-master-V2.0\Seekfree_CYT4BB_Opensource_Library\project\iar\Debug_m7_1\Obj\dma_12106025507578611576.dir
[12] = D:\IAR\SeekFree\CYT4BB7_Library-master-V2.0\Seekfree_CYT4BB_Opensource_Library\project\iar\Debug_m7_1\Obj\eth_phy_18133017486186456677.dir
[13] = D:\IAR\SeekFree\CYT4BB7_Library-master-V2.0\Seekfree_CYT4BB_Opensource_Library\project\iar\Debug_m7_1\Obj\ethernet_6029839089178797009.dir
[14] = D:\IAR\SeekFree\CYT4BB7_Library-master-V2.0\Seekfree_CYT4BB_Opensource_Library\project\iar\Debug_m7_1\Obj\evtgen_3404189088603873129.dir
[15] = D:\IAR\SeekFree\CYT4BB7_Library-master-V2.0\Seekfree_CYT4BB_Opensource_Library\project\iar\Debug_m7_1\Obj\flash_8529866181315662935.dir
[16] = D:\IAR\SeekFree\CYT4BB7_Library-master-V2.0\Seekfree_CYT4BB_Opensource_Library\project\iar\Debug_m7_1\Obj\flash_864493325053435817.dir
[17] = D:\IAR\SeekFree\CYT4BB7_Library-master-V2.0\Seekfree_CYT4BB_Opensource_Library\project\iar\Debug_m7_1\Obj\gpio_3999404635324069351.dir
[18] = D:\IAR\SeekFree\CYT4BB7_Library-master-V2.0\Seekfree_CYT4BB_Opensource_Library\project\iar\Debug_m7_1\Obj\ipc_10145506163450686023.dir
[19] = D:\IAR\SeekFree\CYT4BB7_Library-master-V2.0\Seekfree_CYT4BB_Opensource_Library\project\iar\Debug_m7_1\Obj\lin_18429031207028094880.dir
[20] = D:\IAR\SeekFree\CYT4BB7_Library-master-V2.0\Seekfree_CYT4BB_Opensource_Library\project\iar\Debug_m7_1\Obj\lvd_6353935867039560245.dir
[21] = D:\IAR\SeekFree\CYT4BB7_Library-master-V2.0\Seekfree_CYT4BB_Opensource_Library\project\iar\Debug_m7_1\Obj\mcwdt_4052485907822033969.dir
[22] = D:\IAR\SeekFree\CYT4BB7_Library-master-V2.0\Seekfree_CYT4BB_Opensource_Library\project\iar\Debug_m7_1\Obj\mpu_5663187252346826382.dir
[23] = D:\IAR\SeekFree\CYT4BB7_Library-master-V2.0\Seekfree_CYT4BB_Opensource_Library\project\iar\Debug_m7_1\Obj\power_14453085144426420577.dir
[24] = D:\IAR\SeekFree\CYT4BB7_Library-master-V2.0\Seekfree_CYT4BB_Opensource_Library\project\iar\Debug_m7_1\Obj\prot_10722960861768657883.dir
[25] = D:\IAR\SeekFree\CYT4BB7_Library-master-V2.0\Seekfree_CYT4BB_Opensource_Library\project\iar\Debug_m7_1\Obj\rev_b_4986922561640112550.dir
[26] = D:\IAR\SeekFree\CYT4BB7_Library-master-V2.0\Seekfree_CYT4BB_Opensource_Library\project\iar\Debug_m7_1\Obj\rev_b_6162237342861132223.dir
[27] = D:\IAR\SeekFree\CYT4BB7_Library-master-V2.0\Seekfree_CYT4BB_Opensource_Library\project\iar\Debug_m7_1\Obj\scb_15490842639181808494.dir
[28] = D:\IAR\SeekFree\CYT4BB7_Library-master-V2.0\Seekfree_CYT4BB_Opensource_Library\project\iar\Debug_m7_1\Obj\sd_host_2982766354293506895.dir
[29] = D:\IAR\SeekFree\CYT4BB7_Library-master-V2.0\Seekfree_CYT4BB_Opensource_Library\project\iar\Debug_m7_1\Obj\semihosting_143864889731838620.dir
[30] = D:\IAR\SeekFree\CYT4BB7_Library-master-V2.0\Seekfree_CYT4BB_Opensource_Library\project\iar\Debug_m7_1\Obj\smartio_5451710003740070188.dir
[31] = D:\IAR\SeekFree\CYT4BB7_Library-master-V2.0\Seekfree_CYT4BB_Opensource_Library\project\iar\Debug_m7_1\Obj\smif_427648126384146252.dir
[32] = D:\IAR\SeekFree\CYT4BB7_Library-master-V2.0\Seekfree_CYT4BB_Opensource_Library\project\iar\Debug_m7_1\Obj\smif_mem_6470536964353725183.dir
[33] = D:\IAR\SeekFree\CYT4BB7_Library-master-V2.0\Seekfree_CYT4BB_Opensource_Library\project\iar\Debug_m7_1\Obj\srom_13018798572330080582.dir
[34] = D:\IAR\SeekFree\CYT4BB7_Library-master-V2.0\Seekfree_CYT4BB_Opensource_Library\project\iar\Debug_m7_1\Obj\startup_479057977785470282.dir
[35] = D:\IAR\SeekFree\CYT4BB7_Library-master-V2.0\Seekfree_CYT4BB_Opensource_Library\project\iar\Debug_m7_1\Obj\sw_timer_4215635015939382130.dir
[36] = D:\IAR\SeekFree\CYT4BB7_Library-master-V2.0\Seekfree_CYT4BB_Opensource_Library\project\iar\Debug_m7_1\Obj\sysclk_16149231235676103872.dir
[37] = D:\IAR\SeekFree\CYT4BB7_Library-master-V2.0\Seekfree_CYT4BB_Opensource_Library\project\iar\Debug_m7_1\Obj\sysflt_12293435975120599261.dir
[38] = D:\IAR\SeekFree\CYT4BB7_Library-master-V2.0\Seekfree_CYT4BB_Opensource_Library\project\iar\Debug_m7_1\Obj\sysint_7435970359207984181.dir
[39] = D:\IAR\SeekFree\CYT4BB7_Library-master-V2.0\Seekfree_CYT4BB_Opensource_Library\project\iar\Debug_m7_1\Obj\syslib_16330585751512546975.dir
[40] = D:\IAR\SeekFree\CYT4BB7_Library-master-V2.0\Seekfree_CYT4BB_Opensource_Library\project\iar\Debug_m7_1\Obj\syspm_10887939769544754770.dir
[41] = D:\IAR\SeekFree\CYT4BB7_Library-master-V2.0\Seekfree_CYT4BB_Opensource_Library\project\iar\Debug_m7_1\Obj\sysreghc_17676636058511625587.dir
[42] = D:\IAR\SeekFree\CYT4BB7_Library-master-V2.0\Seekfree_CYT4BB_Opensource_Library\project\iar\Debug_m7_1\Obj\sysreset_14586141425677365288.dir
[43] = D:\IAR\SeekFree\CYT4BB7_Library-master-V2.0\Seekfree_CYT4BB_Opensource_Library\project\iar\Debug_m7_1\Obj\sysrtc_10747768817563771611.dir
[44] = D:\IAR\SeekFree\CYT4BB7_Library-master-V2.0\Seekfree_CYT4BB_Opensource_Library\project\iar\Debug_m7_1\Obj\systick_16016591671695740695.dir
[45] = D:\IAR\SeekFree\CYT4BB7_Library-master-V2.0\Seekfree_CYT4BB_Opensource_Library\project\iar\Debug_m7_1\Obj\syswdt_9118657615806274156.dir
[46] = D:\IAR\SeekFree\CYT4BB7_Library-master-V2.0\Seekfree_CYT4BB_Opensource_Library\project\iar\Debug_m7_1\Obj\tcpwm_422923530147891246.dir
[47] = D:\IAR\SeekFree\CYT4BB7_Library-master-V2.0\Seekfree_CYT4BB_Opensource_Library\project\iar\Debug_m7_1\Obj\trigmux_9729677290734583340.dir
[48] = D:\IAR\SeekFree\CYT4BB7_Library-master-V2.0\Seekfree_CYT4BB_Opensource_Library\project\iar\Debug_m7_1\Obj\user_8514941877209965082.dir
[49] = D:\IAR\SeekFree\CYT4BB7_Library-master-V2.0\Seekfree_CYT4BB_Opensource_Library\project\iar\Debug_m7_1\Obj\zf_common_1201165462030747823.dir
[50] = D:\IAR\SeekFree\CYT4BB7_Library-master-V2.0\Seekfree_CYT4BB_Opensource_Library\project\iar\Debug_m7_1\Obj\zf_components_14936052685886095442.dir
[51] = D:\IAR\SeekFree\CYT4BB7_Library-master-V2.0\Seekfree_CYT4BB_Opensource_Library\project\iar\Debug_m7_1\Obj\zf_device_6570275422786408770.dir
[52] = D:\IAR\SeekFree\CYT4BB7_Library-master-V2.0\Seekfree_CYT4BB_Opensource_Library\project\iar\Debug_m7_1\Obj\zf_driver_11922370083829174090.dir
[53] = dl7M_tln.a
[54] = m7M_tlv.a
[55] = rt7M_tl.a
[56] = shb_l.a
[57] = zf_device_config.a

   6'950 bytes of readonly  code memory
     651 bytes of readonly  data memory
  10'329 bytes of readwrite data memory (+ 16 absolute)

Errors: none
Warnings: none
